Microsoft Windows [版本 10.0.18362.778]
(c) 2019 Microsoft Corporation。保留所有权利。

C:\Users\22256>D:\study\Chapter9-ref-SysinternalsSuite
'D:\study\Chapter9-ref-SysinternalsSuite' 不是内部或外部命令，也不是可运行的程序
或批处理文件。

C:\Users\22256>cd D:\study\Chapter9-ref-SysinternalsSuite

C:\Users\22256>dir D:\study\Chapter9-ref-SysinternalsSuite
 驱动器 D 中的卷是 DATA
 卷的序列号是 B43C-DF7D

 D:\study\Chapter9-ref-SysinternalsSuite 的目录

2020/04/28  10:45    <DIR>          .
2020/04/28  10:45    <DIR>          ..
2017/11/17  06:27           792,208 accesschk.exe
2017/11/17  06:25           409,760 accesschk64.exe
2006/11/02  06:06           174,968 AccessEnum.exe
2007/07/12  22:26            50,379 AdExplorer.chm
2012/11/15  03:22           479,832 ADExplorer.exe
2015/10/27  08:06           401,616 ADInsight.chm
2015/10/27  08:15         2,425,496 ADInsight.exe
2006/11/02  06:05           150,328 adrestore.exe
2016/08/28  03:54           138,920 Autologon.exe
2019/06/28  13:07            50,512 autoruns.chm
2019/06/28  13:07           761,656 Autoruns.exe
2019/06/28  13:10           757,328 Autoruns64.dll
2019/06/28  13:06           875,592 Autoruns64.exe
2019/06/28  13:11           680,016 autorunsc.exe
2019/06/28  13:10           776,480 autorunsc64.exe
2019/09/19  22:17         3,353,464 Bginfo.exe
2019/09/19  22:15         4,601,208 Bginfo64.exe
2006/11/02  06:06           154,424 Cacheset.exe
2016/05/27  17:58           139,944 Clockres.exe
2016/05/27  17:55           154,792 Clockres64.exe
2016/05/27  18:05           253,600 Contig.exe
2016/05/27  18:02           268,960 Contig64.exe
2014/08/19  04:29           892,088 Coreinfo.exe
2019/03/25  11:54         2,181,688 CPUSTRES.EXE
2019/03/25  11:53         2,862,648 CPUSTRES64.EXE
2006/09/28  10:04            10,104 ctrl2cap.amd.sys
2006/11/02  06:05           150,328 ctrl2cap.exe
1999/11/22  10:20             2,864 ctrl2cap.nt4.sys
1999/11/22  11:46             2,832 ctrl2cap.nt5.sys
2019/05/21  09:34            68,539 Dbgview.chm
2019/05/21  09:34           914,992 Dbgview.exe
2012/10/18  10:28           116,824 Desktops.exe
2013/12/18  04:46            40,717 Disk2vhd.chm
2014/01/21  07:16         7,134,400 disk2vhd.exe
2016/06/13  01:17           143,008 diskext.exe
2016/06/13  01:14           158,376 diskext64.exe
2006/11/02  06:06           224,056 Diskmon.exe
2003/12/09  02:40             9,519 DISKMON.HLP
2010/03/25  06:00           580,984 DiskView.exe
1999/10/15  06:45            11,728 DMON.SYS
2018/01/21  03:12           169,072 du.exe
2018/01/21  03:06           191,616 du64.exe
2006/11/02  06:05           146,232 efsdump.exe
2018/09/28  01:55             7,490 Eula.txt
2016/05/29  00:28           147,112 FindLinks.exe
2016/05/29  00:26           169,136 FindLinks64.exe
2019/06/13  07:07         1,074,224 handle.exe
2019/06/13  07:06           605,952 handle64.exe
2016/06/13  01:24           150,176 hex2dec.exe
2016/06/13  01:21           164,520 hex2dec64.exe
2016/06/13  01:39           216,736 junction.exe
2016/06/13  01:36           236,200 junction64.exe
2006/11/02  06:06           154,424 ldmdump.exe
2016/05/27  18:30           424,096 Listdlls.exe
2016/05/27  18:28           220,336 Listdlls64.exe
2017/05/17  03:42           641,184 livekd.exe
2017/05/17  03:35           418,976 livekd64.exe
2016/05/29  00:43           141,472 LoadOrd.exe
2016/05/29  00:42           156,840 LoadOrd64.exe
2016/05/29  00:48           173,216 LoadOrdC.exe
2016/05/29  00:47           188,584 LoadOrdC64.exe
2016/06/13  01:57           224,952 logonsessions.exe
2016/06/13  01:54           249,536 logonsessions64.exe
2016/06/13  02:20           139,936 movefile.exe
2016/06/13  02:15           154,792 movefile64.exe
2019/06/12  11:42           516,664 notmyfault.exe
2019/06/12  11:40           652,048 notmyfault64.exe
2019/06/12  11:40           514,320 notmyfaultc.exe
2019/06/12  11:38           649,272 notmyfaultc64.exe
2016/06/13  02:29           139,432 ntfsinfo.exe
2016/06/13  02:26           158,896 ntfsinfo64.exe
2006/11/02  06:06           215,928 pagedfrg.exe
2000/07/24  11:58             8,419 pagedfrg.hlp
2016/06/13  02:19           141,480 pendmoves.exe
2016/06/13  02:14           156,336 pendmoves64.exe
2016/06/13  02:44           213,160 pipelist.exe
2016/06/13  02:41           234,160 pipelist64.exe
1999/07/31  08:28               422 PORTMON.CNT
2012/01/14  09:35           451,392 portmon.exe
2000/02/01  01:20            43,428 PORTMON.HLP
2017/04/25  20:43           651,424 procdump.exe
2017/04/25  20:37           341,672 procdump64.exe
2019/12/13  16:44            72,154 procexp.chm
2019/12/13  16:44         2,798,456 procexp.exe
2019/12/13  16:40         1,490,296 procexp64.exe
2019/12/10  21:42            63,582 procmon.chm
2019/12/10  21:42         2,181,504 Procmon.exe
2019/12/10  21:38         1,177,168 Procmon64.exe
2016/06/29  03:44           339,096 PsExec.exe
2016/06/29  03:41           374,944 PsExec64.exe
2016/06/29  03:35           149,664 psfile.exe
2016/06/29  03:32           168,608 psfile64.exe
2018/01/24  13:21           297,104 PsGetsid.exe
2018/01/24  12:58           329,880 PsGetsid64.exe
2016/07/06  09:32           313,496 PsInfo.exe
2016/07/06  09:27           351,904 PsInfo64.exe
2016/06/29  02:57           284,320 pskill.exe
2016/06/29  02:52           318,624 pskill64.exe
2016/06/29  02:44           178,848 pslist.exe
2016/06/29  02:42           202,400 pslist64.exe
2016/06/29  01:51           151,728 PsLoggedon.exe
2016/06/29  01:49           170,160 PsLoggedon64.exe
2019/03/04  11:54           444,984 psloglist.exe
2019/03/04  11:52           579,128 psloglist64.exe
2016/07/06  08:53           149,664 pspasswd.exe
2016/07/06  08:50           168,616 pspasswd64.exe
2016/06/29  19:58           255,648 psping.exe
2016/06/29  19:55           293,032 psping64.exe
2016/06/29  01:43           188,584 PsService.exe
2016/06/29  01:41           210,608 PsService64.exe
2006/12/05  09:53           207,664 psshutdown.exe
2016/06/29  02:06           289,448 pssuspend.exe
2016/06/29  02:01           321,704 pssuspend64.exe
2012/10/02  01:23            66,582 Pstools.chm
2007/11/07  01:17                39 psversion.txt
2019/06/28  14:28           659,728 RAMMap.exe
2011/12/08  04:07             7,903 readme.txt
2016/05/29  03:57           149,168 RegDelNull.exe
2016/05/29  03:54           164,024 RegDelNull64.exe
2016/01/28  12:34           117,920 regjump.exe
2016/07/06  07:56           142,472 ru.exe
2016/07/06  07:54           160,920 ru64.exe
2018/11/15  23:33           235,560 sdelete.exe
2018/11/15  23:33           246,528 sdelete64.exe
2006/11/02  06:07           260,976 ShareEnum.exe
2008/02/28  10:51           103,464 ShellRunas.exe
2019/08/29  11:19           817,528 sigcheck.exe
2019/08/29  11:18         1,128,824 sigcheck64.exe
2016/05/29  04:28           135,840 streams.exe
2016/05/29  04:25           153,768 streams64.exe
2016/07/06  10:33           149,152 strings.exe
2016/07/06  10:30           164,008 strings64.exe
2016/06/13  11:10           143,512 sync.exe
2016/06/13  11:07           158,360 sync64.exe
2019/12/10  21:58         3,712,376 Sysmon.exe
2019/12/10  21:55         2,018,384 Sysmon64.exe
2010/07/29  07:47           199,544 Tcpvcon.exe
2010/07/03  08:03            41,074 tcpview.chm
2011/07/26  04:40           300,832 Tcpview.exe
2002/09/03  05:13             7,983 TCPVIEW.HLP
2016/11/18  23:40           231,584 Testlimit.exe
2016/11/18  23:38           243,888 Testlimit64.exe
2019/06/04  15:05            51,747 Vmmap.chm
2019/06/04  15:05         1,307,904 vmmap.exe
2016/06/13  11:18           233,640 Volumeid.exe
2016/06/13  11:15           169,648 Volumeid64.exe
2019/12/11  08:40           398,192 whois.exe
2019/12/11  08:39           523,128 whois64.exe
2011/02/15  04:37           729,464 Winobj.exe
1999/12/31  03:26             7,653 WINOBJ.HLP
2019/12/10  22:11         1,060,216 ZoomIt.exe
             151 个文件     75,938,990 字节
               2 个目录 323,925,909,504 可用字节

C:\Users\22256>cd/d D:\study\Chapter9-ref-SysinternalsSuite

D:\study\Chapter9-ref-SysinternalsSuite>date
当前日期: 2020/04/28 周二
输入新日期: (年月日)

D:\study\Chapter9-ref-SysinternalsSuite>time
当前时间: 10:49:38.78
输入新时间:

D:\study\Chapter9-ref-SysinternalsSuite>systeminfo

主机名:           DESKTOP-HM0IV1I
OS 名称:          Microsoft Windows 10 Pro
OS 版本:          10.0.18362 暂缺 Build 18362
OS 制造商:        Microsoft Corporation
OS 配置:          独立工作站
OS 构件类型:      Multiprocessor Free
注册的所有人:     2225642019@qq.com
注册的组织:
产品 ID:          00330-80000-00000-AA316
初始安装日期:     2019/6/29, 23:55:57
系统启动时间:     2020/4/27, 12:05:53
系统制造商:       LENOVO
系统型号:         80WW
系统类型:         x64-based PC
处理器:           安装了 1 个处理器。
                  [01]: Intel64 Family 6 Model 158 Stepping 9 GenuineIntel ~2500 Mhz
BIOS 版本:        LENOVO 4KCN43WW, 2018/4/12
Windows 目录:     C:\Windows
系统目录:         C:\Windows\system32
启动设备:         \Device\HarddiskVolume4
系统区域设置:     zh-cn;中文(中国)
输入法区域设置:   en-us;英语(美国)
时区:             (UTC+08:00) 北京，重庆，香港特别行政区，乌鲁木齐
物理内存总量:     8,084 MB
可用的物理内存:   3,982 MB
虚拟内存: 最大值: 13,460 MB
虚拟内存: 可用:   7,074 MB
虚拟内存: 使用中: 6,386 MB
页面文件位置:     C:\pagefile.sys
域:               WORKGROUP
登录服务器:       \\DESKTOP-HM0IV1I
修补程序:         安装了 18 个修补程序。
                  [01]: KB4534132
                  [02]: KB4497165
                  [03]: KB4498523
                  [04]: KB4503308
                  [05]: KB4508433
                  [06]: KB4509096
                  [07]: KB4515383
                  [08]: KB4516115
                  [09]: KB4520390
                  [10]: KB4521863
                  [11]: KB4524244
                  [12]: KB4524569
                  [13]: KB4528759
                  [14]: KB4537759
                  [15]: KB4538674
                  [16]: KB4541338
                  [17]: KB4552152
                  [18]: KB4549951
网卡:             安装了 8 个 NIC。
                  [01]: Realtek PCIe GbE Family Controller
                      连接名:      以太网
                      状态:        媒体连接已中断
                  [02]: Intel(R) Dual Band Wireless-AC 3165
                      连接名:      WLAN
                      启用 DHCP:   是
                      DHCP 服务器: 192.168.0.1
                      IP 地址
                        [01]: 192.168.0.107
                        [02]: fe80::4519:d86b:8ccd:4f40
                  [03]: Bluetooth Device (Personal Area Network)
                      连接名:      蓝牙网络连接
                      状态:        媒体连接已中断
                  [04]: VMware Virtual Ethernet Adapter for VMnet1
                      连接名:      VMware Network Adapter VMnet1
                      启用 DHCP:   是
                      DHCP 服务器: 192.168.73.254
                      IP 地址
                        [01]: 192.168.73.1
                        [02]: fe80::1051:7a9d:b3f9:9e3a
                  [05]: VMware Virtual Ethernet Adapter for VMnet8
                      连接名:      VMware Network Adapter VMnet8
                      启用 DHCP:   是
                      DHCP 服务器: 192.168.17.254
                      IP 地址
                        [01]: 192.168.17.1
                        [02]: fe80::f8a6:592:44be:f8f8
                  [06]: Microsoft KM-TEST Loopback Adapter
                      连接名:      Npcap Loopback Adapter
                      启用 DHCP:   是
                      DHCP 服务器: 255.255.255.255
                      IP 地址
                        [01]: 169.254.232.229
                        [02]: fe80::981f:f082:4d51:e8e5
                  [07]: QeeYou-TAP-Windows
                      连接名:      Ethernet
                      状态:        媒体连接已中断
                  [08]: Sangfor SSL VPN CS Support System VNIC
                      连接名:      Ethernet 2
                      状态:        媒体连接已中断
Hyper-V 要求:     虚拟机监视器模式扩展: 是
                  固件中已启用虚拟化: 是
                  二级地址转换: 是
                  数据执行保护可用: 是

D:\study\Chapter9-ref-SysinternalsSuite>diskext.exe

DiskExt v1.2 - Disk extent dumper
Copyright (C) 2001-2016 Mark Russinovich
Sysinternals - www.sysinternals.com

Volume: \\?\Volume{dfa6ac0e-0cc9-11e8-ae21-806e6f6e6963}\
   Mounted at: D:\
   Extent [1]:
       Disk:   0
       Offset: 135266304
       Length: 892768229376
Volume: \\?\Volume{dfa6ac0f-0cc9-11e8-ae21-806e6f6e6963}\
   Mounted at: E:\
   Extent [1]:
       Disk:   0
       Offset: 892903497728
       Length: 107299291136
Volume: \\?\Volume{e43512a0-b7a1-4b81-9650-63e2c89e1756}\
   Mounted at: C:\
   Extent [1]:
       Disk:   1
       Offset: 290455552
       Length: 126696292352
Volume: \\?\Volume{89899b66-ed3f-4ed4-a254-5c8c492a30fe}\
   Mounted at: <unmounted>
   Extent [1]:
       Disk:   1
       Offset: 126986747904
       Length: 1048576000
Volume: \\?\Volume{0c7824ee-2fef-48b4-b95c-8dea1208d992}\
   Mounted at: <unmounted>
   Error getting extents
拒绝访问。


D:\study\Chapter9-ref-SysinternalsSuite>autoruns64.exe

D:\study\Chapter9-ref-SysinternalsSuite>net user

\\DESKTOP-HM0IV1I 的用户帐户

-------------------------------------------------------------------------------
22256                    Administrator            DefaultAccount
Guest                    WDAGUtilityAccount
命令成功完成。


D:\study\Chapter9-ref-SysinternalsSuite>wmic /output:1.txt product get name.version
节点 - DESKTOP-HM0IV1I
错误:
描述 = 无效查询

D:\study\Chapter9-ref-SysinternalsSuite>ipconfig/all

Windows IP 配置

   主机名  . . . . . . . . . . . . . : DESKTOP-HM0IV1I
   主 DNS 后缀 . . . . . . . . . . . :
   节点类型  . . . . . . . . . . . . : 混合
   IP 路由已启用 . . . . . . . . . . : 否
   WINS 代理已启用 . . . . . . . . . : 否

以太网适配器 以太网:

   媒体状态  . . . . . . . . . . . . : 媒体已断开连接
   连接特定的 DNS 后缀 . . . . . . . :
   描述. . . . . . . . . . . . . . . : Realtek PCIe GbE Family Controller
   物理地址. . . . . . . . . . . . . : 54-E1-AD-86-0D-19
   DHCP 已启用 . . . . . . . . . . . : 是
   自动配置已启用. . . . . . . . . . : 是

以太网适配器 Npcap Loopback Adapter:

   连接特定的 DNS 后缀 . . . . . . . :
   描述. . . . . . . . . . . . . . . : Npcap Loopback Adapter
   物理地址. . . . . . . . . . . . . : 02-00-4C-4F-4F-50
   DHCP 已启用 . . . . . . . . . . . : 是
   自动配置已启用. . . . . . . . . . : 是
   本地链接 IPv6 地址. . . . . . . . : fe80::981f:f082:4d51:e8e5%12(首选)
   自动配置 IPv4 地址  . . . . . . . : 169.254.232.229(首选)
   子网掩码  . . . . . . . . . . . . : 255.255.0.0
   默认网关. . . . . . . . . . . . . :
   DHCPv6 IAID . . . . . . . . . . . : 889323596
   DHCPv6 客户端 DUID  . . . . . . . : 00-01-00-01-24-A9-42-96-54-E1-AD-86-0D-19
   DNS 服务器  . . . . . . . . . . . : fec0:0:0:ffff::1%1
                                       fec0:0:0:ffff::2%1
                                       fec0:0:0:ffff::3%1
   TCPIP 上的 NetBIOS  . . . . . . . : 已启用

以太网适配器 Ethernet:

   媒体状态  . . . . . . . . . . . . : 媒体已断开连接
   连接特定的 DNS 后缀 . . . . . . . :
   描述. . . . . . . . . . . . . . . : QeeYou-TAP-Windows
   物理地址. . . . . . . . . . . . . : 00-FF-F4-C7-75-08
   DHCP 已启用 . . . . . . . . . . . : 否
   自动配置已启用. . . . . . . . . . : 是

以太网适配器 Ethernet 2:

   媒体状态  . . . . . . . . . . . . : 媒体已断开连接
   连接特定的 DNS 后缀 . . . . . . . :
   描述. . . . . . . . . . . . . . . : Sangfor SSL VPN CS Support System VNIC
   物理地址. . . . . . . . . . . . . : 00-FF-64-B3-F1-D8
   DHCP 已启用 . . . . . . . . . . . : 否
   自动配置已启用. . . . . . . . . . : 是

无线局域网适配器 本地连接* 1:

   媒体状态  . . . . . . . . . . . . : 媒体已断开连接
   连接特定的 DNS 后缀 . . . . . . . :
   描述. . . . . . . . . . . . . . . : Microsoft Wi-Fi Direct Virtual Adapter
   物理地址. . . . . . . . . . . . . : F8-34-41-75-36-5A
   DHCP 已启用 . . . . . . . . . . . : 是
   自动配置已启用. . . . . . . . . . : 是

无线局域网适配器 本地连接* 10:

   媒体状态  . . . . . . . . . . . . : 媒体已断开连接
   连接特定的 DNS 后缀 . . . . . . . :
   描述. . . . . . . . . . . . . . . : Microsoft Wi-Fi Direct Virtual Adapter #2
   物理地址. . . . . . . . . . . . . : FA-34-41-75-36-59
   DHCP 已启用 . . . . . . . . . . . : 是
   自动配置已启用. . . . . . . . . . : 是

以太网适配器 VMware Network Adapter VMnet1:

   连接特定的 DNS 后缀 . . . . . . . :
   描述. . . . . . . . . . . . . . . : VMware Virtual Ethernet Adapter for VMnet1
   物理地址. . . . . . . . . . . . . : 00-50-56-C0-00-01
   DHCP 已启用 . . . . . . . . . . . : 是
   自动配置已启用. . . . . . . . . . : 是
   本地链接 IPv6 地址. . . . . . . . : fe80::1051:7a9d:b3f9:9e3a%16(首选)
   IPv4 地址 . . . . . . . . . . . . : 192.168.73.1(首选)
   子网掩码  . . . . . . . . . . . . : 255.255.255.0
   获得租约的时间  . . . . . . . . . : 2020年4月28日 9:54:17
   租约过期的时间  . . . . . . . . . : 2020年4月28日 11:24:16
   默认网关. . . . . . . . . . . . . :
   DHCP 服务器 . . . . . . . . . . . : 192.168.73.254
   DHCPv6 IAID . . . . . . . . . . . : 687886422
   DHCPv6 客户端 DUID  . . . . . . . : 00-01-00-01-24-A9-42-96-54-E1-AD-86-0D-19
   DNS 服务器  . . . . . . . . . . . : fec0:0:0:ffff::1%1
                                       fec0:0:0:ffff::2%1
                                       fec0:0:0:ffff::3%1
   TCPIP 上的 NetBIOS  . . . . . . . : 已启用

以太网适配器 VMware Network Adapter VMnet8:

   连接特定的 DNS 后缀 . . . . . . . :
   描述. . . . . . . . . . . . . . . : VMware Virtual Ethernet Adapter for VMnet8
   物理地址. . . . . . . . . . . . . : 00-50-56-C0-00-08
   DHCP 已启用 . . . . . . . . . . . : 是
   自动配置已启用. . . . . . . . . . : 是
   本地链接 IPv6 地址. . . . . . . . : fe80::f8a6:592:44be:f8f8%2(首选)
   IPv4 地址 . . . . . . . . . . . . : 192.168.17.1(首选)
   子网掩码  . . . . . . . . . . . . : 255.255.255.0
   获得租约的时间  . . . . . . . . . : 2020年4月28日 9:54:17
   租约过期的时间  . . . . . . . . . : 2020年4月28日 11:24:15
   默认网关. . . . . . . . . . . . . :
   DHCP 服务器 . . . . . . . . . . . : 192.168.17.254
   DHCPv6 IAID . . . . . . . . . . . : 704663638
   DHCPv6 客户端 DUID  . . . . . . . : 00-01-00-01-24-A9-42-96-54-E1-AD-86-0D-19
   DNS 服务器  . . . . . . . . . . . : fec0:0:0:ffff::1%1
                                       fec0:0:0:ffff::2%1
                                       fec0:0:0:ffff::3%1
   主 WINS 服务器  . . . . . . . . . : 192.168.17.2
   TCPIP 上的 NetBIOS  . . . . . . . : 已启用

无线局域网适配器 WLAN:

   连接特定的 DNS 后缀 . . . . . . . :
   描述. . . . . . . . . . . . . . . : Intel(R) Dual Band Wireless-AC 3165
   物理地址. . . . . . . . . . . . . : F8-34-41-75-36-59
   DHCP 已启用 . . . . . . . . . . . : 是
   自动配置已启用. . . . . . . . . . : 是
   本地链接 IPv6 地址. . . . . . . . : fe80::4519:d86b:8ccd:4f40%8(首选)
   IPv4 地址 . . . . . . . . . . . . : 192.168.0.107(首选)
   子网掩码  . . . . . . . . . . . . : 255.255.255.0
   获得租约的时间  . . . . . . . . . : 2020年4月28日 9:54:14
   租约过期的时间  . . . . . . . . . : 2020年4月28日 12:54:14
   默认网关. . . . . . . . . . . . . : 192.168.0.1
   DHCP 服务器 . . . . . . . . . . . : 192.168.0.1
   DHCPv6 IAID . . . . . . . . . . . : 116929601
   DHCPv6 客户端 DUID  . . . . . . . : 00-01-00-01-24-A9-42-96-54-E1-AD-86-0D-19
   DNS 服务器  . . . . . . . . . . . : 192.168.1.1
                                       192.168.0.1
   TCPIP 上的 NetBIOS  . . . . . . . : 已启用

以太网适配器 蓝牙网络连接:

   媒体状态  . . . . . . . . . . . . : 媒体已断开连接
   连接特定的 DNS 后缀 . . . . . . . :
   描述. . . . . . . . . . . . . . . : Bluetooth Device (Personal Area Network)
   物理地址. . . . . . . . . . . . . : F8-34-41-75-36-5D
   DHCP 已启用 . . . . . . . . . . . : 是
   自动配置已启用. . . . . . . . . . : 是

D:\study\Chapter9-ref-SysinternalsSuite>route print
===========================================================================
接口列表
 18...54 e1 ad 86 0d 19 ......Realtek PCIe GbE Family Controller
 12...02 00 4c 4f 4f 50 ......Npcap Loopback Adapter
 23...00 ff f4 c7 75 08 ......QeeYou-TAP-Windows
 10...00 ff 64 b3 f1 d8 ......Sangfor SSL VPN CS Support System VNIC
  5...f8 34 41 75 36 5a ......Microsoft Wi-Fi Direct Virtual Adapter
 21...fa 34 41 75 36 59 ......Microsoft Wi-Fi Direct Virtual Adapter #2
 16...00 50 56 c0 00 01 ......VMware Virtual Ethernet Adapter for VMnet1
  2...00 50 56 c0 00 08 ......VMware Virtual Ethernet Adapter for VMnet8
  8...f8 34 41 75 36 59 ......Intel(R) Dual Band Wireless-AC 3165
  9...f8 34 41 75 36 5d ......Bluetooth Device (Personal Area Network)
  1...........................Software Loopback Interface 1
===========================================================================

IPv4 路由表
===========================================================================
活动路由:
网络目标        网络掩码          网关       接口   跃点数
          0.0.0.0          0.0.0.0      192.168.0.1    192.168.0.107     45
        127.0.0.0        255.0.0.0            在链路上         127.0.0.1    331
        127.0.0.1  255.255.255.255            在链路上         127.0.0.1    331
  127.255.255.255  255.255.255.255            在链路上         127.0.0.1    331
      169.254.0.0      255.255.0.0            在链路上   169.254.232.229    281
  169.254.232.229  255.255.255.255            在链路上   169.254.232.229    281
  169.254.255.255  255.255.255.255            在链路上   169.254.232.229    281
      192.168.0.0    255.255.255.0            在链路上     192.168.0.107    301
    192.168.0.107  255.255.255.255            在链路上     192.168.0.107    301
    192.168.0.255  255.255.255.255            在链路上     192.168.0.107    301
     192.168.17.0    255.255.255.0            在链路上      192.168.17.1    291
     192.168.17.1  255.255.255.255            在链路上      192.168.17.1    291
   192.168.17.255  255.255.255.255            在链路上      192.168.17.1    291
     192.168.73.0    255.255.255.0            在链路上      192.168.73.1    291
     192.168.73.1  255.255.255.255            在链路上      192.168.73.1    291
   192.168.73.255  255.255.255.255            在链路上      192.168.73.1    291
        224.0.0.0        240.0.0.0            在链路上         127.0.0.1    331
        224.0.0.0        240.0.0.0            在链路上     192.168.0.107    301
        224.0.0.0        240.0.0.0            在链路上      192.168.17.1    291
        224.0.0.0        240.0.0.0            在链路上      192.168.73.1    291
        224.0.0.0        240.0.0.0            在链路上   169.254.232.229    281
  255.255.255.255  255.255.255.255            在链路上         127.0.0.1    331
  255.255.255.255  255.255.255.255            在链路上     192.168.0.107    301
  255.255.255.255  255.255.255.255            在链路上      192.168.17.1    291
  255.255.255.255  255.255.255.255            在链路上      192.168.73.1    291
  255.255.255.255  255.255.255.255            在链路上   169.254.232.229    281
===========================================================================
永久路由:
  无

IPv6 路由表
===========================================================================
活动路由:
 接口跃点数网络目标                网关
  1    331 ::1/128                  在链路上
  8    301 fe80::/64                在链路上
  2    291 fe80::/64                在链路上
 16    291 fe80::/64                在链路上
 12    281 fe80::/64                在链路上
 16    291 fe80::1051:7a9d:b3f9:9e3a/128
                                    在链路上
  8    301 fe80::4519:d86b:8ccd:4f40/128
                                    在链路上
 12    281 fe80::981f:f082:4d51:e8e5/128
                                    在链路上
  2    291 fe80::f8a6:592:44be:f8f8/128
                                    在链路上
  1    331 ff00::/8                 在链路上
  8    301 ff00::/8                 在链路上
  2    291 ff00::/8                 在链路上
 16    291 ff00::/8                 在链路上
 12    281 ff00::/8                 在链路上
===========================================================================
永久路由:
  无

D:\study\Chapter9-ref-SysinternalsSuite>arp-a
'arp-a' 不是内部或外部命令，也不是可运行的程序
或批处理文件。

D:\study\Chapter9-ref-SysinternalsSuite>arp -a

接口: 192.168.17.1 --- 0x2
  Internet 地址         物理地址              类型
  192.168.17.254        00-50-56-fa-e9-7a     动态
  192.168.17.255        ff-ff-ff-ff-ff-ff     静态
  224.0.0.22            01-00-5e-00-00-16     静态
  224.0.0.251           01-00-5e-00-00-fb     静态
  224.0.0.252           01-00-5e-00-00-fc     静态
  239.11.20.1           01-00-5e-0b-14-01     静态
  239.255.255.250       01-00-5e-7f-ff-fa     静态
  255.255.255.255       ff-ff-ff-ff-ff-ff     静态

接口: 192.168.0.107 --- 0x8
  Internet 地址         物理地址              类型
  192.168.0.1           74-05-a5-93-03-af     动态
  192.168.0.102         20-f4-78-05-de-b3     动态
  192.168.0.255         ff-ff-ff-ff-ff-ff     静态
  224.0.0.22            01-00-5e-00-00-16     静态
  224.0.0.251           01-00-5e-00-00-fb     静态
  224.0.0.252           01-00-5e-00-00-fc     静态
  239.11.20.1           01-00-5e-0b-14-01     静态
  239.255.255.250       01-00-5e-7f-ff-fa     静态
  255.255.255.255       ff-ff-ff-ff-ff-ff     静态

接口: 169.254.232.229 --- 0xc
  Internet 地址         物理地址              类型
  169.254.255.255       ff-ff-ff-ff-ff-ff     静态
  224.0.0.22            01-00-5e-00-00-16     静态
  224.0.0.251           01-00-5e-00-00-fb     静态
  224.0.0.252           01-00-5e-00-00-fc     静态
  239.11.20.1           01-00-5e-0b-14-01     静态
  239.255.255.250       01-00-5e-7f-ff-fa     静态
  255.255.255.255       ff-ff-ff-ff-ff-ff     静态

接口: 192.168.73.1 --- 0x10
  Internet 地址         物理地址              类型
  192.168.73.254        00-50-56-fc-f0-74     动态
  192.168.73.255        ff-ff-ff-ff-ff-ff     静态
  224.0.0.22            01-00-5e-00-00-16     静态
  224.0.0.251           01-00-5e-00-00-fb     静态
  224.0.0.252           01-00-5e-00-00-fc     静态
  239.11.20.1           01-00-5e-0b-14-01     静态
  239.255.255.250       01-00-5e-7f-ff-fa     静态
  255.255.255.255       ff-ff-ff-ff-ff-ff     静态

D:\study\Chapter9-ref-SysinternalsSuite>netstat -anb
请求的操作需要提升。

D:\study\Chapter9-ref-SysinternalsSuite>netstat -anp

活动连接

  协议  本地地址          外部地址        状态

D:\study\Chapter9-ref-SysinternalsSuite>netstat -anb
请求的操作需要提升。

D:\study\Chapter9-ref-SysinternalsSuite>handle64.exe

Nthandle v4.22 - Handle viewer
Copyright (C) 1997-2019 Mark Russinovich
Sysinternals - www.sysinternals.com

------------------------------------------------------------------------------
System pid: 4 \<unable to open process>
------------------------------------------------------------------------------
smss.exe pid: 556 \<unable to open process>
------------------------------------------------------------------------------
csrss.exe pid: 656 \<unable to open process>
------------------------------------------------------------------------------
wininit.exe pid: 756 \<unable to open process>
------------------------------------------------------------------------------
csrss.exe pid: 764 \<unable to open process>
------------------------------------------------------------------------------
services.exe pid: 828 \<unable to open process>
------------------------------------------------------------------------------
lsass.exe pid: 848 \<unable to open process>
------------------------------------------------------------------------------
svchost.exe pid: 956 \<unable to open process>
------------------------------------------------------------------------------
winlogon.exe pid: 996 \<unable to open process>
------------------------------------------------------------------------------
svchost.exe pid: 1016 \<unable to open process>
------------------------------------------------------------------------------
fontdrvhost.exe pid: 76 \<unable to open process>
------------------------------------------------------------------------------
fontdrvhost.exe pid: 660 \<unable to open process>
------------------------------------------------------------------------------
svchost.exe pid: 824 \<unable to open process>
------------------------------------------------------------------------------
svchost.exe pid: 1064 \<unable to open process>
------------------------------------------------------------------------------
dwm.exe pid: 1136 \<unable to open process>
------------------------------------------------------------------------------
svchost.exe pid: 1244 \<unable to open process>
------------------------------------------------------------------------------
svchost.exe pid: 1312 \<unable to open process>
------------------------------------------------------------------------------
svchost.exe pid: 1324 \<unable to open process>
------------------------------------------------------------------------------
svchost.exe pid: 1332 \<unable to open process>
------------------------------------------------------------------------------
svchost.exe pid: 1424 \<unable to open process>
------------------------------------------------------------------------------
svchost.exe pid: 1476 \<unable to open process>
------------------------------------------------------------------------------
svchost.exe pid: 1484 \<unable to open process>
------------------------------------------------------------------------------
svchost.exe pid: 1612 \<unable to open process>
------------------------------------------------------------------------------
svchost.exe pid: 1712 \<unable to open process>
------------------------------------------------------------------------------
svchost.exe pid: 1748 \<unable to open process>
------------------------------------------------------------------------------
svchost.exe pid: 1808 \<unable to open process>
------------------------------------------------------------------------------
svchost.exe pid: 1880 \<unable to open process>
------------------------------------------------------------------------------
svchost.exe pid: 1892 \<unable to open process>
------------------------------------------------------------------------------
svchost.exe pid: 1904 \<unable to open process>
------------------------------------------------------------------------------
svchost.exe pid: 1440 \<unable to open process>
------------------------------------------------------------------------------
svchost.exe pid: 2064 \<unable to open process>
------------------------------------------------------------------------------
svchost.exe pid: 2088 \<unable to open process>
------------------------------------------------------------------------------
svchost.exe pid: 2132 \<unable to open process>
------------------------------------------------------------------------------
svchost.exe pid: 2212 \<unable to open process>
------------------------------------------------------------------------------
dasHost.exe pid: 2288 \<unable to open process>
------------------------------------------------------------------------------
svchost.exe pid: 2296 \<unable to open process>
------------------------------------------------------------------------------
svchost.exe pid: 2432 \<unable to open process>
------------------------------------------------------------------------------
svchost.exe pid: 2516 \<unable to open process>
------------------------------------------------------------------------------
svchost.exe pid: 2548 \<unable to open process>
------------------------------------------------------------------------------
NVDisplay.Container.exe pid: 2712 \<unable to open process>
------------------------------------------------------------------------------
svchost.exe pid: 2752 \<unable to open process>
------------------------------------------------------------------------------
svchost.exe pid: 2780 \<unable to open process>
------------------------------------------------------------------------------
QQPCRTP.exe pid: 2892 \<unable to open process>
------------------------------------------------------------------------------
NVDisplay.Container.exe pid: 2948 \<unable to open process>
------------------------------------------------------------------------------
svchost.exe pid: 2956 \<unable to open process>
------------------------------------------------------------------------------
qmbsrv.exe pid: 2964 \<unable to open process>
------------------------------------------------------------------------------
svchost.exe pid: 3052 \<unable to open process>
------------------------------------------------------------------------------
svchost.exe pid: 3156 \<unable to open process>
------------------------------------------------------------------------------
svchost.exe pid: 3716 \<unable to open process>
------------------------------------------------------------------------------
svchost.exe pid: 3756 \<unable to open process>
------------------------------------------------------------------------------
WmiPrvSE.exe pid: 3856 \<unable to open process>
------------------------------------------------------------------------------
svchost.exe pid: 3972 \<unable to open process>
------------------------------------------------------------------------------
svchost.exe pid: 3980 \<unable to open process>
------------------------------------------------------------------------------
svchost.exe pid: 3988 \<unable to open process>
------------------------------------------------------------------------------
igfxCUIService.exe pid: 4064 \<unable to open process>
------------------------------------------------------------------------------
svchost.exe pid: 3348 \<unable to open process>
------------------------------------------------------------------------------
svchost.exe pid: 3356 \<unable to open process>
------------------------------------------------------------------------------
svchost.exe pid: 3652 \<unable to open process>
------------------------------------------------------------------------------
RtkAudioService64.exe pid: 3696 \<unable to open process>
------------------------------------------------------------------------------
svchost.exe pid: 4108 \<unable to open process>
------------------------------------------------------------------------------
sihost.exe pid: 4176 DESKTOP-HM0IV1I\22256
   40: File          C:\Windows\System32
  184: Section       \BaseNamedObjects\__ComCatalogCache__
  1AC: Section       \BaseNamedObjects\__ComCatalogCache__
  1B0: File          C:\Windows\Registration\R000000000004.clb
  464: Section       \Sessions\1\BaseNamedObjects\C:*ProgramData*Microsoft*Windows*Caches*{0E176B0B-A2CA-4AF5-8753-345E43E25004}.2.ver0x0000000000000002.db
  5FC: File          C:\Program Files\WindowsApps\Microsoft.LanguageExperiencePackzh-CN_18362.24.72.0_neutral__8wekyb3d8bbwe\Windows\System32\zh-CN\KernelBase.dll.mui
  734: Section       \BaseNamedObjects\windows_shell_global_counters
  82C: File          C:\Program Files\WindowsApps\Microsoft.LanguageExperiencePackzh-CN_18362.24.72.0_neutral__8wekyb3d8bbwe\Windows\System32\zh-CN\windows.storage.dll.mui
  8EC: Section       \Sessions\1\BaseNamedObjects\C:*ProgramData*Microsoft*Windows*Caches*cversions.2.ro
  B90: Section       \Sessions\1\BaseNamedObjects\windows_shell_global_counters
  CBC: Section       \Sessions\1\BaseNamedObjects\C:*ProgramData*Microsoft*Windows*Caches*{DDF571F2-BE98-426D-8288-1A9A39C3FDA2}.2.ver0x0000000000000002.db
  DAC: Section       \BaseNamedObjects\SearchCrawlScopeVersion
  E94: File          C:\Program Files\WindowsApps\Microsoft.LanguageExperiencePackzh-CN_18362.24.72.0_neutral__8wekyb3d8bbwe\Windows\System32\zh-CN\propsys.dll.mui
  E98: Section       \Sessions\1\BaseNamedObjects\C:*ProgramData*Microsoft*Windows*Caches*{6AF0698E-D558-4F6E-9B3C-3716689AF493}.2.ver0x0000000000000003.db
  EF8: Section       \Sessions\1\BaseNamedObjects\C:*ProgramData*Microsoft*Windows*Caches*cversions.2.ro
  F44: Section       \Sessions\1\BaseNamedObjects\C:*ProgramData*Microsoft*Windows*Caches*cversions.2.ro
  FD8: Section       \Sessions\1\BaseNamedObjects\C:*ProgramData*Microsoft*Windows*Caches*cversions.2.ro
------------------------------------------------------------------------------
svchost.exe pid: 4188 DESKTOP-HM0IV1I\22256
   48: File          C:\Windows\System32
  130: File          C:\Program Files\WindowsApps\Microsoft.LanguageExperiencePackzh-CN_18362.24.72.0_neutral__8wekyb3d8bbwe\Windows\System32\zh-CN\svchost.exe.mui
  274: Section       \BaseNamedObjects\__ComCatalogCache__
  2AC: Section       \BaseNamedObjects\__ComCatalogCache__
  2B0: File          C:\Windows\Registration\R000000000004.clb
  3D0: File          C:\Program Files\WindowsApps\Microsoft.LanguageExperiencePackzh-CN_18362.24.72.0_neutral__8wekyb3d8bbwe\Windows\System32\zh-CN\crypt32.dll.mui
  3F4: Section       \Sessions\1\BaseNamedObjects\windows_shell_global_counters
  4BC: File          C:\Users\22256\AppData\Local\ConnectedDevicesPlatform\90bc0698c28ba2da\ActivitiesCache.db-wal
  4D0: File          C:\Users\22256\AppData\Local\ConnectedDevicesPlatform\90bc0698c28ba2da\ActivitiesCache.db-shm
  4D4: File          C:\Users\22256\AppData\Local\ConnectedDevicesPlatform\90bc0698c28ba2da\ActivitiesCache.db
  68C: File          C:\Program Files\WindowsApps\Microsoft.LanguageExperiencePackzh-CN_18362.24.72.0_neutral__8wekyb3d8bbwe\Windows\System32\zh-CN\winnlsres.dll.mui
  69C: File          C:\Program Files\WindowsApps\Microsoft.LanguageExperiencePackzh-CN_18362.24.72.0_neutral__8wekyb3d8bbwe\Windows\System32\zh-CN\mswsock.dll.mui
  8D0: File          C:\Program Files\WindowsApps\Microsoft.LanguageExperiencePackzh-CN_18362.24.72.0_neutral__8wekyb3d8bbwe\Windows\System32\zh-CN\KernelBase.dll.mui
------------------------------------------------------------------------------
svchost.exe pid: 4292 \<unable to open process>
------------------------------------------------------------------------------
svchost.exe pid: 4308 \<unable to open process>
------------------------------------------------------------------------------
svchost.exe pid: 4360 DESKTOP-HM0IV1I\22256
   48: File          C:\Windows\System32
  130: File          C:\Program Files\WindowsApps\Microsoft.LanguageExperiencePackzh-CN_18362.24.72.0_neutral__8wekyb3d8bbwe\Windows\System32\zh-CN\svchost.exe.mui
  1F8: Section       \BaseNamedObjects\__ComCatalogCache__
  208: Section       \BaseNamedObjects\__ComCatalogCache__
  20C: File          C:\Windows\Registration\R000000000004.clb
  2EC: Section       \Sessions\1\BaseNamedObjects\windows_shell_global_counters
  32C: File          C:\Users\22256\AppData\Local\Microsoft\Windows\Notifications\wpndatabase.db
  330: File          C:\Users\22256\AppData\Local\Microsoft\Windows\Notifications\wpndatabase.db-wal
  334: File          C:\Users\22256\AppData\Local\Microsoft\Windows\Notifications\wpndatabase.db-shm
  344: File          C:\Program Files\WindowsApps\Microsoft.LanguageExperiencePackzh-CN_18362.24.72.0_neutral__8wekyb3d8bbwe\Windows\System32\zh-CN\KernelBase.dll.mui
  51C: File          C:\Program Files\WindowsApps\Microsoft.LanguageExperiencePackzh-CN_18362.24.72.0_neutral__8wekyb3d8bbwe\Windows\System32\zh-CN\QuietHours.dll.mui
  740: Section       \Sessions\1\BaseNamedObjects\C:*Users*22256*AppData*Local*Microsoft*Windows*Caches*cversions.3.ro
  748: Section       \Sessions\1\BaseNamedObjects\C:*Users*22256*AppData*Local*Microsoft*Windows*Caches*{3DA71D5A-20CC-432F-A115-DFE92379E91F}.3.ver0x00000000000003b1.db
  848: File          C:\Program Files\WindowsApps\Microsoft.LanguageExperiencePackzh-CN_18362.24.72.0_neutral__8wekyb3d8bbwe\Windows\System32\zh-CN\winnlsres.dll.mui
  884: File          C:\Program Files\WindowsApps\Microsoft.LanguageExperiencePackzh-CN_18362.24.72.0_neutral__8wekyb3d8bbwe\Windows\System32\zh-CN\mswsock.dll.mui
  964: File          C:\Program Files\WindowsApps\Microsoft.LanguageExperiencePackzh-CN_18362.24.72.0_neutral__8wekyb3d8bbwe\Windows\System32\zh-CN\crypt32.dll.mui
  9A8: File          C:\Program Files\WindowsApps\Microsoft.LanguageExperiencePackzh-CN_18362.24.72.0_neutral__8wekyb3d8bbwe\Windows\System32\zh-CN\NotificationController.dll.mui
  A44: Section       \BaseNamedObjects\windows_shell_global_counters
  A88: Section       \Sessions\1\BaseNamedObjects\C:*ProgramData*Microsoft*Windows*Caches*cversions.2.ro
  A8C: Section       \Sessions\1\BaseNamedObjects\C:*ProgramData*Microsoft*Windows*Caches*{6AF0698E-D558-4F6E-9B3C-3716689AF493}.2.ver0x0000000000000003.db
  A94: Section       \Sessions\1\BaseNamedObjects\C:*ProgramData*Microsoft*Windows*Caches*cversions.2.ro
  A98: Section       \Sessions\1\BaseNamedObjects\C:*ProgramData*Microsoft*Windows*Caches*{DDF571F2-BE98-426D-8288-1A9A39C3FDA2}.2.ver0x0000000000000002.db
------------------------------------------------------------------------------
PresentationFontCache.exe pid: 4424 \<unable to open process>
------------------------------------------------------------------------------
svchost.exe pid: 4540 \<unable to open process>
------------------------------------------------------------------------------
taskhostw.exe pid: 4564 DESKTOP-HM0IV1I\22256
   40: File          C:\Windows\System32
  11C: File          C:\Program Files\WindowsApps\Microsoft.LanguageExperiencePackzh-CN_18362.24.72.0_neutral__8wekyb3d8bbwe\Windows\System32\zh-CN\taskhostw.exe.mui
  184: Section       \Windows\Theme114988444
  188: Section       \Sessions\1\Windows\Theme4228464951
  1A0: Section       \BaseNamedObjects\__ComCatalogCache__
  1B0: Section       \BaseNamedObjects\__ComCatalogCache__
  1B4: File          C:\Windows\Registration\R000000000004.clb
  1FC: File          C:\Program Files\WindowsApps\Microsoft.LanguageExperiencePacken-US_18362.14.15.0_neutral__8wekyb3d8bbwe\Windows\System32\en-US\MsCtfMonitor.dll.mui
  200: File          C:\Users\22256\AppData\Local\Microsoft\Windows\WebCache\WebCacheV01.jfm
  2BC: Section       \Sessions\1\BaseNamedObjects\windows_shell_global_counters
  2F4: File          C:\Users\22256\AppData\Local\Microsoft\Windows\WebCache\V01tmp.log
  2FC: File          C:\Program Files\WindowsApps\Microsoft.LanguageExperiencePackzh-CN_18362.24.72.0_neutral__8wekyb3d8bbwe\Windows\System32\zh-CN\winmm.dll.mui
  304: File          C:\Windows\System32\zh-CN\ESENT.dll.mui
  308: File          C:\Users\22256\AppData\Local\Microsoft\Windows\WebCache\WebCacheV01.dat
  34C: File          C:\Users\22256\AppData\Local\Microsoft\Windows\WebCacheLock.dat
  3B8: Section       \Sessions\1\BaseNamedObjects\windows_webcache_counters_{9B6AB5B3-91BC-4097-835C-EA2DEC95E9CC}_S-1-5-21-1198195036-2823278632-1195532929-1001
  4F0: File          C:\Users\22256\AppData\Local\Microsoft\Windows\WebCache\V01.log
------------------------------------------------------------------------------
svchost.exe pid: 4748 \<unable to open process>
------------------------------------------------------------------------------
svchost.exe pid: 4816 \<unable to open process>
------------------------------------------------------------------------------
ctfmon.exe pid: 4888 \<unable to open process>
------------------------------------------------------------------------------
svchost.exe pid: 4956 \<unable to open process>
------------------------------------------------------------------------------
svchost.exe pid: 5012 \<unable to open process>
------------------------------------------------------------------------------
spoolsv.exe pid: 5072 \<unable to open process>
------------------------------------------------------------------------------
igfxEM.exe pid: 5172 DESKTOP-HM0IV1I\22256
   40: File          C:\Windows\System32
  228: File          C:\Windows\WinSxS\amd64_microsoft.windows.common-controls_6595b64144ccf1df_6.0.18362.778_none_e6c6b761130d4fb8
  22C: Section       \BaseNamedObjects\__ComCatalogCache__
  230: File          C:\Windows\Registration\R000000000004.clb
  24C: Section       \Sessions\1\Windows\Theme4228464951
  284: Section       \Windows\Theme114988444
  2AC: File          C:\Program Files\WindowsApps\Microsoft.LanguageExperiencePackzh-CN_18362.24.72.0_neutral__8wekyb3d8bbwe\Windows\System32\zh-CN\user32.dll.mui
  314: Section       \BaseNamedObjects\__ComCatalogCache__
  35C: File          C:\Program Files\WindowsApps\Microsoft.LanguageExperiencePackzh-CN_18362.24.72.0_neutral__8wekyb3d8bbwe\Windows\System32\zh-CN\kernel32.dll.mui
  5BC: Section       \BaseNamedObjects\windows_shell_global_counters
  5C8: Section       \Sessions\1\BaseNamedObjects\windows_shell_global_counters
  5F4: Section       \Sessions\1\BaseNamedObjects\C:*ProgramData*Microsoft*Windows*Caches*cversions.2.ro
  600: Section       \Sessions\1\BaseNamedObjects\C:*ProgramData*Microsoft*Windows*Caches*{6AF0698E-D558-4F6E-9B3C-3716689AF493}.2.ver0x0000000000000003.db
  604: Section       \Sessions\1\BaseNamedObjects\C:*ProgramData*Microsoft*Windows*Caches*cversions.2.ro
  608: Section       \Sessions\1\BaseNamedObjects\C:*ProgramData*Microsoft*Windows*Caches*{DDF571F2-BE98-426D-8288-1A9A39C3FDA2}.2.ver0x0000000000000002.db
  660: File          C:\Windows\WinSxS\amd64_microsoft.windows.common-controls_6595b64144ccf1df_6.0.18362.778_none_e6c6b761130d4fb8
  6FC: File          C:\Program Files\WindowsApps\Microsoft.LanguageExperiencePackzh-CN_18362.24.72.0_neutral__8wekyb3d8bbwe\Windows\System32\zh-CN\mpr.dll.mui
  720: Section       \Sessions\1\BaseNamedObjects\windows_webcache_counters_{9B6AB5B3-91BC-4097-835C-EA2DEC95E9CC}_S-1-5-21-1198195036-2823278632-1195532929-1001
  754: File          C:\Users\22256\AppData\Local\Intel\Games\Common
  774: File          C:\Program Files\WindowsApps\Microsoft.LanguageExperiencePackzh-CN_18362.24.72.0_neutral__8wekyb3d8bbwe\Windows\System32\zh-CN\propsys.dll.mui
  79C: File          C:\Windows\WinSxS\amd64_microsoft.windows.common-controls_6595b64144ccf1df_6.0.18362.778_none_e6c6b761130d4fb8
  868: File          C:\Windows\WinSxS\amd64_microsoft.windows.common-controls_6595b64144ccf1df_6.0.18362.778_none_e6c6b761130d4fb8
  8B8: Section       \Sessions\1\BaseNamedObjects\C:*ProgramData*Microsoft*Windows*Caches*cversions.2.ro
  A94: Section       \BaseNamedObjects\F932B6C7-3A20-46A0-B8A0-8894AA421973
  AD0: Section       \Sessions\1\BaseNamedObjects\UrlZonesSM_22256
  AEC: File          C:\Program Files\WindowsApps\Microsoft.LanguageExperiencePackzh-CN_18362.24.72.0_neutral__8wekyb3d8bbwe\Windows\System32\zh-CN\mswsock.dll.mui
  BC4: File          C:\Program Files\WindowsApps\Microsoft.LanguageExperiencePackzh-CN_18362.24.72.0_neutral__8wekyb3d8bbwe\Windows\System32\zh-CN\crypt32.dll.mui
------------------------------------------------------------------------------
explorer.exe pid: 5360 DESKTOP-HM0IV1I\22256
   44: File          C:\Windows\System32
  118: File          C:\Program Files\WindowsApps\Microsoft.LanguageExperiencePackzh-CN_18362.24.72.0_neutral__8wekyb3d8bbwe\Windows\zh-CN\explorer.exe.mui
  2C0: Section       \Sessions\1\BaseNamedObjects\SessionImmersiveColorPreference
  2C4: File          C:\Windows\WinSxS\amd64_microsoft.windows.common-controls_6595b64144ccf1df_6.0.18362.778_none_e6c6b761130d4fb8
  2D0: Section       \BaseNamedObjects\__ComCatalogCache__
  2DC: Section       \BaseNamedObjects\__ComCatalogCache__
  2E0: File          C:\Windows\Registration\R000000000004.clb
  2E8: Section       \Sessions\1\BaseNamedObjects\windows_shell_global_counters
  32C: Section       \BaseNamedObjects\windows_shell_global_counters
  36C: File          C:\Program Files\WindowsApps\Microsoft.LanguageExperiencePackzh-CN_18362.24.72.0_neutral__8wekyb3d8bbwe\Windows\System32\zh-CN\hcproviders.dll.mui
  458: Section       \Sessions\1\BaseNamedObjects\14f0HWNDInterface:101c8
  464: File          C:\Users\22256\Pictures\??
  468: File          C:\Users\22256\Music
  478: File          C:\Program Files\WindowsApps\Microsoft.LanguageExperiencePackzh-CN_18362.24.72.0_neutral__8wekyb3d8bbwe\Windows\System32\zh-CN\shell32.dll.mui
  480: Section       \Sessions\1\BaseNamedObjects\C:*Users*22256*AppData*Local*Microsoft*Windows*Caches*cversions.3.ro
  4C8: File          C:\Windows\Fonts\StaticCache.dat
  54C: File          C:\Program Files\WindowsApps\Microsoft.LanguageExperiencePackzh-CN_18362.24.72.0_neutral__8wekyb3d8bbwe\Windows\System32\zh-CN\oleaccrc.dll.mui
  550: Section       \Windows\Theme114988444
  554: Section       \Sessions\1\Windows\Theme4228464951
  56C: Section       \Sessions\1\BaseNamedObjects\14f0HWNDInterface:101be
  5A4: Section       \Sessions\1\BaseNamedObjects\14f0HWNDInterface:101be
  608: File          C:\Windows\WinSxS\amd64_microsoft.windows.common-controls_6595b64144ccf1df_6.0.18362.778_none_e6c6b761130d4fb8
  614: File          C:\ProgramData\Microsoft\Windows\Start Menu\Programs
  644: Section       \Sessions\1\BaseNamedObjects\14f0HWNDInterface:101d0
  648: Section       \Sessions\1\BaseNamedObjects\14f0HWNDInterface:101d0
  668: Section       \Sessions\1\BaseNamedObjects\14f0HWNDInterface:101ca
  66C: Section       \Sessions\1\BaseNamedObjects\14f0HWNDInterface:101ca
  678: File          C:\Windows\SystemResources\msutb.dll.mun
  67C: File          C:\Program Files\WindowsApps\Microsoft.LanguageExperiencePackzh-CN_18362.24.72.0_neutral__8wekyb3d8bbwe\Windows\System32\zh-CN\msutb.dll.mui
  6C8: File          C:\Windows\WinSxS\amd64_microsoft.windows.gdiplus_6595b64144ccf1df_1.1.18362.778_none_17b1aa466d9fc986
  750: Section       \Sessions\1\BaseNamedObjects\C:*ProgramData*Microsoft*Windows*Caches*cversions.2.ro
  754: Section       \Sessions\1\BaseNamedObjects\C:*ProgramData*Microsoft*Windows*Caches*{6AF0698E-D558-4F6E-9B3C-3716689AF493}.2.ver0x0000000000000003.db
  758: Section       \Sessions\1\BaseNamedObjects\C:*ProgramData*Microsoft*Windows*Caches*cversions.2.ro
  760: Section       \Sessions\1\BaseNamedObjects\SessionImmersiveColorPreference
  764: Section       \Sessions\1\BaseNamedObjects\C:*ProgramData*Microsoft*Windows*Caches*{DDF571F2-BE98-426D-8288-1A9A39C3FDA2}.2.ver0x0000000000000002.db
  788: File          C:\
  7F0: File          C:\Users\22256\AppData\Local\Microsoft\Internet Explorer\TabRoaming
  830: File          C:\Windows\WinSxS\amd64_microsoft.windows.common-controls_6595b64144ccf1df_6.0.18362.778_none_e6c6b761130d4fb8
  834: File          \FileSystem\Filters\FltMgrMsg
  870: File          C:\Windows\WinSxS\amd64_microsoft.windows.common-controls_6595b64144ccf1df_6.0.18362.778_none_e6c6b761130d4fb8
  884: File          C:\Program Files\WindowsApps\Microsoft.LanguageExperiencePackzh-CN_18362.24.72.0_neutral__8wekyb3d8bbwe\Windows\System32\zh-CN\ole32.dll.mui
  894: File          C:\Program Files\WindowsApps\Microsoft.LanguageExperiencePackzh-CN_18362.24.72.0_neutral__8wekyb3d8bbwe\Windows\System32\zh-CN\propsys.dll.mui
  8A0: File          C:\Windows\WinSxS\amd64_microsoft.windows.common-controls_6595b64144ccf1df_6.0.18362.778_none_e6c6b761130d4fb8
  8E8: Section       \Sessions\1\BaseNamedObjects\14f0HWNDInterface:101c8
  914: File          C:\Windows\WinSxS\amd64_microsoft.windows.common-controls_6595b64144ccf1df_6.0.18362.778_none_e6c6b761130d4fb8
  92C: File          D:\
  A44: File          C:\Users\22256\Favorites
  A6C: File          C:\Users\22256\Downloads
  A7C: File          C:\Windows\WinSxS\amd64_microsoft.windows.common-controls_6595b64144ccf1df_6.0.18362.778_none_e6c6b761130d4fb8
  A88: File          C:\Program Files\WindowsApps\Microsoft.LanguageExperiencePackzh-CN_18362.24.72.0_neutral__8wekyb3d8bbwe\Windows\System32\zh-CN\windows.storage.dll.mui
  AE8: Section       \Sessions\1\BaseNamedObjects\14f0HWNDInterface:201e8
  AF8: Section       \Sessions\1\BaseNamedObjects\14f0HWNDInterface:201e8
  B28: File          C:\Program Files\WindowsApps\Microsoft.LanguageExperiencePackzh-CN_18362.24.72.0_neutral__8wekyb3d8bbwe\Windows\System32\zh-CN\twinui.pcshell.dll.mui
  B2C: Section       \Sessions\1\BaseNamedObjects\ksolog_5360
  B6C: File          C:\Windows\WinSxS\amd64_microsoft.windows.common-controls_6595b64144ccf1df_6.0.18362.778_none_e6c6b761130d4fb8
  BEC: File          C:\Windows\apppatch\DirectXApps.sdb
  D54: Section       \Sessions\1\BaseNamedObjects\14f0HWNDInterface:10238
  D58: Section       \Sessions\1\BaseNamedObjects\14f0HWNDInterface:10238
  D9C: Section       \Sessions\1\BaseNamedObjects\14f0HWNDInterface:1023a
  DF0: Section       \Sessions\1\BaseNamedObjects\14f0HWNDInterface:1023a
  DF4: Section       \Sessions\1\BaseNamedObjects\14f0HWNDInterface:1023c
  DF8: Section       \Sessions\1\BaseNamedObjects\14f0HWNDInterface:1023c
  DFC: Section       \Sessions\1\BaseNamedObjects\14f0HWNDInterface:1023e
  E00: Section       \Sessions\1\BaseNamedObjects\14f0HWNDInterface:1023e
  E04: Section       \Sessions\1\BaseNamedObjects\14f0HWNDInterface:10240
  E08: Section       \Sessions\1\BaseNamedObjects\14f0HWNDInterface:10240
  E24: Section       \Sessions\1\BaseNamedObjects\14f0HWNDInterface:10242
  E38: Section       \Sessions\1\BaseNamedObjects\14f0HWNDInterface:10242
  E48: File          C:\Program Files\WindowsApps\Microsoft.LanguageExperiencePackzh-CN_18362.24.72.0_neutral__8wekyb3d8bbwe\Windows\System32\zh-CN\ieframe.dll.mui
  E5C: Section       \Sessions\1\BaseNamedObjects\14f0HWNDInterface:10244
  E60: Section       \Sessions\1\BaseNamedObjects\14f0HWNDInterface:10248
  E6C: Section       \Sessions\1\BaseNamedObjects\14f0HWNDInterface:10244
  E70: Section       \Sessions\1\BaseNamedObjects\14f0HWNDInterface:10248
  E74: Section       \Sessions\1\BaseNamedObjects\14f0HWNDInterface:10246
  E78: Section       \Sessions\1\BaseNamedObjects\14f0HWNDInterface:10246
  E84: Section       \Sessions\1\BaseNamedObjects\14f0HWNDInterface:1024a
  E8C: Section       \Sessions\1\BaseNamedObjects\14f0HWNDInterface:1024a
  F40: File          C:\Windows\WinSxS\amd64_microsoft.windows.common-controls_6595b64144ccf1df_6.0.18362.778_none_e6c6b761130d4fb8
  F68: File          C:\Users\22256\AppData\Roaming\Microsoft\Windows\Libraries
  FF4: File          C:\Program Files\WindowsApps\Microsoft.LanguageExperiencePackzh-CN_18362.24.72.0_neutral__8wekyb3d8bbwe\Windows\System32\zh-CN\mpr.dll.mui
 1084: File          C:\Program Files\WindowsApps\Microsoft.LanguageExperiencePackzh-CN_18362.24.72.0_neutral__8wekyb3d8bbwe\Windows\System32\zh-CN\batmeter.dll.mui
 116C: File          C:\ProgramData\Intel\ShaderCache\Explorer_1
 1174: File          C:\Program Files\WindowsApps\Microsoft.LanguageExperiencePackzh-CN_18362.24.72.0_neutral__8wekyb3d8bbwe\Windows\System32\zh-CN\ActionCenter.dll.mui
 11A0: File          C:\ProgramData\Intel\ShaderCache\Explorer_0
 1204: File          C:\Program Files\WindowsApps\Microsoft.LanguageExperiencePackzh-CN_18362.24.72.0_neutral__8wekyb3d8bbwe\Windows\System32\zh-CN\stobject.dll.mui
 1214: File          C:\Program Files\WindowsApps\Microsoft.LanguageExperiencePackzh-CN_18362.24.72.0_neutral__8wekyb3d8bbwe\Windows\System32\zh-CN\dsreg.dll.mui
 1230: File          C:\Users\22256\3D Objects
 1278: File          C:\ProgramData\Microsoft\Windows\Start Menu\Programs
 12B4: File          C:\ProgramData\Microsoft\Windows\Start Menu
 1314: File          C:\Windows\WinSxS\amd64_microsoft.windows.common-controls_6595b64144ccf1df_6.0.18362.778_none_e6c6b761130d4fb8
 132C: Section       \Sessions\1\BaseNamedObjects\windows_ie_global_counters
 1330: File          C:\Users\22256\AppData\Local\Microsoft\Windows\Burn
 13E4: File          C:\Windows\WinSxS\amd64_microsoft.windows.common-controls_6595b64144ccf1df_6.0.18362.778_none_e6c6b761130d4fb8
 1428: Section       \Sessions\1\BaseNamedObjects\C:*ProgramData*Microsoft*Windows*Caches*cversions.2.ro
 1430: File          C:\Windows\WinSxS\amd64_microsoft.windows.common-controls_6595b64144ccf1df_6.0.18362.778_none_e6c6b761130d4fb8
 1480: File          C:\Users\22256\Favorites
 14A8: File          C:\Windows\SystemResources\ExplorerFrame.dll.mun
 14F0: File          C:\Users\22256\AppData\Local\Microsoft\Windows\Explorer\iconcache_32.db
 1534: File          C:\Windows\WinSxS\amd64_microsoft.windows.common-controls_6595b64144ccf1df_6.0.18362.778_none_e6c6b761130d4fb8
 1610: File          C:\Windows\WinSxS\amd64_microsoft.windows.common-controls_6595b64144ccf1df_6.0.18362.778_none_e6c6b761130d4fb8
 162C: File          D:\python\my mission
 175C: Section       \Sessions\1\BaseNamedObjects\14f0HWNDInterface:10324
 178C: File          C:\Users\22256\AppData\Local\Microsoft\GameDVR\KnownGameList.bin
 17E4: File          D:\game\itself\jsk\[JSK??]\[JSK??]
 1814: Section       \Sessions\1\BaseNamedObjects\C:*ProgramData*Microsoft*Windows*Caches*cversions.2.ro
 186C: File          C:\Users\22256\Documents
 187C: Section       \Sessions\1\BaseNamedObjects\UrlZonesSM_22256
 1890: File          C:\Program Files\WindowsApps\Microsoft.XboxGameOverlay_1.52.3001.0_x64__8wekyb3d8bbwe
 189C: File          C:\Users\22256\Documents\Tencent Files\2225642019
 1920: File          C:\Users\22256\Videos
 192C: Section       \Sessions\1\BaseNamedObjects\14f0HWNDInterface:10324
 1930: Section       \Sessions\1\BaseNamedObjects\14f0HWNDInterface:10324
 1944: File          C:\Users\22256\AppData\Local\Microsoft\GameDVR
 1950: File          C:\Windows\WinSxS\amd64_microsoft.windows.common-controls_6595b64144ccf1df_6.0.18362.778_none_e6c6b761130d4fb8
 1954: File          C:\Program Files\WindowsApps\Microsoft.LanguageExperiencePackzh-CN_18362.24.72.0_neutral__8wekyb3d8bbwe\Windows\System32\zh-CN\KernelBase.dll.mui
 1974: File          C:\Program Files\WindowsApps\Microsoft.XboxGameOverlay_1.52.3001.0_x64__8wekyb3d8bbwe
 1998: File          C:\Program Files\WindowsApps\Microsoft.XboxGameOverlay_1.52.3001.0_x64__8wekyb3d8bbwe
 19A8: File          C:\Users\22256\AppData\Local\Microsoft\Windows\Explorer\iconcache_idx.db
 19EC: File          C:\Windows\SystemResources\batmeter.dll.mun
 19F0: File          C:\Windows\WinSxS\amd64_microsoft.windows.common-controls_6595b64144ccf1df_6.0.18362.778_none_e6c6b761130d4fb8
 19F4: File          C:\Windows\bcastdvr
 19FC: File          C:\Users\22256\AppData\Local\Packages\Microsoft.XboxGamingOverlay_8wekyb3d8bbwe\LocalCache
 1A18: Section       \Sessions\1\BaseNamedObjects\14f0HWNDInterface:2017a
 1A64: File          C:\Program Files\WindowsApps\Microsoft.LanguageExperiencePackzh-CN_18362.24.72.0_neutral__8wekyb3d8bbwe\Windows\System32\zh-CN\ApplicationFrame.dll.mui
 1A70: File          C:\Program Files\WindowsApps\Microsoft.LanguageExperiencePackzh-CN_18362.24.72.0_neutral__8wekyb3d8bbwe\Windows\System32\zh-CN\InputSwitch.dll.mui
 1ABC: File          C:\Windows\SystemResources\stobject.dll.mun
 1AD8: Section       \Sessions\1\BaseNamedObjects\14f0HWNDInterface:2017a
 1B1C: File          C:\Windows\System32\zh-CN\netmsg.dll.mui
 1B94: File          C:\Users\22256\AppData\Local\Packages\Microsoft.DesktopAppInstaller_8wekyb3d8bbwe\RoamingState
 1BE0: File          C:\Windows\WinSxS\amd64_microsoft.windows.common-controls_6595b64144ccf1df_6.0.18362.778_none_e6c6b761130d4fb8
 1BE8: File          C:\ProgramData\Microsoft\Windows\WER\ReportArchive
 1C14: File          C:\Program Files\WindowsApps\Microsoft.LanguageExperiencePacken-US_18362.14.15.0_neutral__8wekyb3d8bbwe\Windows\System32\en-US\netmsg.dll.mui
 1C60: File          C:\Windows\WinSxS\amd64_microsoft.windows.common-controls_6595b64144ccf1df_6.0.18362.778_none_e6c6b761130d4fb8
 1C78: File          C:\Windows\SystemResources\SndVolSSO.dll.mun
 1CFC: Section       \BaseNamedObjects\F932B6C7-3A20-46A0-B8A0-8894AA421973
 1D18: Section       \Sessions\1\BaseNamedObjects\windows_webcache_counters_{9B6AB5B3-91BC-4097-835C-EA2DEC95E9CC}_S-1-5-21-1198195036-2823278632-1195532929-1001
 1DD4: File          C:\Program Files\WindowsApps\Microsoft.LanguageExperiencePackzh-CN_18362.24.72.0_neutral__8wekyb3d8bbwe\Windows\System32\zh-CN\sndvolsso.dll.mui
 1DDC: File          C:\Program Files\WindowsApps\Microsoft.LanguageExperiencePackzh-CN_18362.24.72.0_neutral__8wekyb3d8bbwe\Windows\System32\zh-CN\MMDevAPI.dll.mui
 1E54: File          C:\Program Files\WindowsApps\Microsoft.LanguageExperiencePackzh-CN_18362.24.72.0_neutral__8wekyb3d8bbwe\Windows\System32\zh-CN\mswsock.dll.mui
 1EA0: File          C:\Program Files\WindowsApps\Microsoft.LanguageExperiencePackzh-CN_18362.24.72.0_neutral__8wekyb3d8bbwe\Windows\System32\zh-CN\pnidui.dll.mui
 1EB0: File          C:\Program Files\WindowsApps\Microsoft.LanguageExperiencePackzh-CN_18362.24.72.0_neutral__8wekyb3d8bbwe\Windows\System32\zh-CN\bthprops.cpl.mui
 1EC0: File          C:\Program Files\WindowsApps\Microsoft.LanguageExperiencePackzh-CN_18362.24.72.0_neutral__8wekyb3d8bbwe\Windows\System32\zh-CN\DeviceSetupManagerApi.dll.mui
 1FE0: File          C:\Windows\WinSxS\amd64_microsoft.windows.common-controls_6595b64144ccf1df_6.0.18362.778_none_e6c6b761130d4fb8
 20A0: File          C:\Users\22256\AppData\Local\Microsoft\Vault\UserProfileRoaming
 20DC: File          C:\Windows\WinSxS\amd64_microsoft.windows.common-controls_6595b64144ccf1df_6.0.18362.778_none_e6c6b761130d4fb8
 2148: File          C:\Windows\WinSxS\amd64_microsoft.windows.common-controls_6595b64144ccf1df_6.0.18362.778_none_e6c6b761130d4fb8
 2174: File          C:\Users\22256\Videos
 2180: Section       \Sessions\1\BaseNamedObjects\C:*Users*22256*AppData*Local*Microsoft*Windows*Caches*{3DA71D5A-20CC-432F-A115-DFE92379E91F}.3.ver0x00000000000003b1.db
 21E0: File          C:\Users\22256\AppData\Local\Microsoft\Windows\PicturePassword
 2220: File          C:\Program Files\WindowsApps\Microsoft.LanguageExperiencePackzh-CN_18362.24.72.0_neutral__8wekyb3d8bbwe\Windows\System32\zh-CN\winnlsres.dll.mui
 2344: File          C:\Users\22256\AppData\Local\Packages\1527c705-839a-4832-9118-54d4Bd6a0c89_cw5n1h2txyewy\RoamingState
 2348: File          C:\Users\22256\AppData\Local\Packages\E0469640.NerveCenter_5grkq8ppsgwt4\RoamingState
 234C: File          C:\Users\22256\AppData\Local\Packages\AppUp.IntelGraphicsControlPanel_8j3eq9eme6ctt\RoamingState
 2350: File          C:\Users\22256\AppData\Local\Packages\F46D4000-FD22-4DB4-AC8E-4E1DDDE828FE_cw5n1h2txyewy\RoamingState
 2358: File          C:\Users\22256\AppData\Local\Packages\c5e2524a-ea46-4f67-841f-6a9465d9d515_cw5n1h2txyewy\RoamingState
 2364: File          C:\Users\22256\AppData\Local\Packages\AppUp.IntelGraphicsExperience_8j3eq9eme6ctt\RoamingState
 2378: File          C:\Users\22256\AppData\Local\Packages\E2A4F912-2574-4A75-9BB0-0D023378592B_cw5n1h2txyewy\RoamingState
 237C: File          C:\Users\22256\AppData\Local\Packages\Microsoft.BingWeather_8wekyb3d8bbwe\RoamingState
 2380: File          C:\Users\22256\AppData\Local\Packages\InputApp_cw5n1h2txyewy\RoamingState
 2388: File          C:\Users\22256\AppData\Local\Packages\Microsoft.AsyncTextService_8wekyb3d8bbwe\RoamingState
 2390: File          C:\Users\22256\AppData\Local\Packages\Microsoft.AAD.BrokerPlugin_cw5n1h2txyewy\RoamingState
 239C: File          C:\Users\22256\AppData\Local\Packages\Microsoft.AccountsControl_cw5n1h2txyewy\RoamingState
 23AC: File          C:\Users\22256\AppData\Local\Packages\Microsoft.BioEnrollment_cw5n1h2txyewy\RoamingState
 23B8: File          C:\Users\22256\AppData\Local\Packages\Microsoft.CredDialogHost_cw5n1h2txyewy\RoamingState
 23BC: File          C:\Users\22256\AppData\Local\Packages\Microsoft.Getstarted_8wekyb3d8bbwe\RoamingState
 23C0: File          C:\Users\22256\AppData\Local\Packages\Microsoft.ECApp_8wekyb3d8bbwe\RoamingState
 23D4: File          C:\Users\22256\AppData\Local\Packages\Microsoft.GetHelp_8wekyb3d8bbwe\RoamingState
 23D8: File          C:\Users\22256\AppData\Local\Packages\Microsoft.LanguageExperiencePacken-US_8wekyb3d8bbwe\RoamingState
 23DC: File          C:\Users\22256\AppData\Local\Packages\Microsoft.HEIFImageExtension_8wekyb3d8bbwe\RoamingState
 23E4: File          C:\Users\22256\AppData\Local\Packages\Microsoft.LanguageExperiencePackzh-CN_8wekyb3d8bbwe\RoamingState
 23EC: File          C:\Users\22256\AppData\Local\Packages\Microsoft.LockApp_cw5n1h2txyewy\RoamingState
 23F0: File          C:\Users\22256\AppData\Local\Packages\Microsoft.Messaging_8wekyb3d8bbwe\RoamingState
 23F4: File          C:\Users\22256\AppData\Local\Packages\Microsoft.Microsoft3DViewer_8wekyb3d8bbwe\RoamingState
 2404: File          C:\Users\22256\AppData\Local\Packages\Microsoft.MicrosoftEdgeDevToolsClient_8wekyb3d8bbwe\RoamingState
 240C: File          C:\Users\22256\AppData\Local\Packages\Microsoft.MicrosoftEdge_8wekyb3d8bbwe\RoamingState
 2418: File          C:\Users\22256\AppData\Local\Packages\Microsoft.MicrosoftSolitaireCollection_8wekyb3d8bbwe\RoamingState
 2420: File          C:\Users\22256\AppData\Local\Packages\Microsoft.MicrosoftOfficeHub_8wekyb3d8bbwe\RoamingState
 2430: File          C:\Users\22256\AppData\Local\Packages\Microsoft.MicrosoftStickyNotes_8wekyb3d8bbwe\RoamingState
 243C: File          C:\Users\22256\AppData\Local\Packages\Microsoft.MixedReality.Portal_8wekyb3d8bbwe\RoamingState
 2440: File          C:\Users\22256\AppData\Local\Packages\Microsoft.People_8wekyb3d8bbwe\RoamingState
 2448: File          C:\Users\22256\AppData\Local\Packages\Microsoft.MSPaint_8wekyb3d8bbwe\RoamingState
 244C: File          C:\Users\22256\AppData\Local\Packages\Microsoft.Office.OneNote_8wekyb3d8bbwe\RoamingState
 2450: File          C:\Users\22256\AppData\Local\Packages\Microsoft.OneConnect_8wekyb3d8bbwe\RoamingState
 2454: File          C:\Users\22256\AppData\Local\Packages\Microsoft.PPIProjection_cw5n1h2txyewy\RoamingState
 2464: File          C:\Users\22256\AppData\Local\Packages\Microsoft.SkypeApp_kzf8qxf38zg5c\RoamingState
 246C: File          C:\Users\22256\AppData\Local\Packages\Microsoft.Print3D_8wekyb3d8bbwe\RoamingState
 2470: File          C:\Users\22256\AppData\Local\Packages\Microsoft.StorePurchaseApp_8wekyb3d8bbwe\RoamingState
 2478: File          C:\Users\22256\AppData\Local\Packages\Microsoft.ScreenSketch_8wekyb3d8bbwe\RoamingState
 2484: File          C:\Users\22256\AppData\Local\Packages\Microsoft.Wallet_8wekyb3d8bbwe\RoamingState
 248C: File          C:\Users\22256\AppData\Local\Packages\Microsoft.VP9VideoExtensions_8wekyb3d8bbwe\RoamingState
 2498: File          C:\Users\22256\AppData\Local\Packages\Microsoft.Windows.NarratorQuickStart_8wekyb3d8bbwe\RoamingState
 249C: File          C:\Users\22256\AppData\Local\Packages\Microsoft.WebMediaExtensions_8wekyb3d8bbwe\RoamingState
 24A4: File          C:\Users\22256\AppData\Local\Packages\Microsoft.WebpImageExtension_8wekyb3d8bbwe\RoamingState
 24A8: File          C:\Users\22256\AppData\Local\Packages\Microsoft.Win32WebViewHost_cw5n1h2txyewy\RoamingState
 24B0: File          C:\Users\22256\AppData\Local\Packages\Microsoft.Windows.CallingShellApp_cw5n1h2txyewy\RoamingState
 24B8: File          C:\Users\22256\AppData\Local\Packages\Microsoft.Windows.Apprep.ChxApp_cw5n1h2txyewy\RoamingState
 24C4: File          C:\Users\22256\AppData\Local\Packages\Microsoft.Windows.AssignedAccessLockApp_cw5n1h2txyewy\RoamingState
 24C8: File          C:\Users\22256\AppData\Local\Packages\Microsoft.Windows.CapturePicker_cw5n1h2txyewy\RoamingState
 24D0: File          C:\Users\22256\AppData\Local\Packages\Microsoft.Windows.CloudExperienceHost_cw5n1h2txyewy\RoamingState
 24D8: File          C:\Users\22256\AppData\Local\Packages\Microsoft.Windows.ContentDeliveryManager_cw5n1h2txyewy\RoamingState
 24E0: File          C:\Users\22256\AppData\Local\Packages\Microsoft.Windows.Cortana_cw5n1h2txyewy\RoamingState
 24FC: File          C:\Users\22256\AppData\Local\Packages\Microsoft.Windows.OOBENetworkCaptivePortal_cw5n1h2txyewy\RoamingState
 2500: File          C:\Users\22256\AppData\Local\Packages\Microsoft.Windows.OOBENetworkConnectionFlow_cw5n1h2txyewy\RoamingState
 250C: File          C:\Users\22256\AppData\Local\Packages\Microsoft.Windows.ParentalControls_cw5n1h2txyewy\RoamingState
 2514: File          C:\Users\22256\AppData\Local\Packages\Microsoft.Windows.PeopleExperienceHost_cw5n1h2txyewy\RoamingState
 2518: File          C:\Users\22256\AppData\Local\Packages\Microsoft.Windows.Photos_8wekyb3d8bbwe\RoamingState
 2520: File          C:\Users\22256\AppData\Local\Packages\Microsoft.Windows.PinningConfirmationDialog_cw5n1h2txyewy\RoamingState
 2524: File          C:\Users\22256\AppData\Local\Packages\Microsoft.Windows.StartMenuExperienceHost_cw5n1h2txyewy\RoamingState
 2528: File          C:\Users\22256\AppData\Local\Packages\Microsoft.Windows.SecHealthUI_cw5n1h2txyewy\RoamingState
 2530: File          C:\Users\22256\AppData\Local\Packages\Microsoft.Windows.SecureAssessmentBrowser_cw5n1h2txyewy\RoamingState
 2538: File          C:\Users\22256\AppData\Local\Packages\Microsoft.Windows.ShellExperienceHost_cw5n1h2txyewy\RoamingState
 2540: File          C:\Users\22256\AppData\Local\Packages\Microsoft.WindowsAlarms_8wekyb3d8bbwe\RoamingState
 2548: File          C:\Users\22256\AppData\Local\Packages\Microsoft.XboxGameOverlay_8wekyb3d8bbwe\RoamingState
 254C: File          C:\Users\22256\AppData\Local\Packages\Microsoft.Windows.XGpuEjectDialog_cw5n1h2txyewy\RoamingState
 255C: File          C:\Users\22256\AppData\Local\Packages\Microsoft.WindowsCalculator_8wekyb3d8bbwe\RoamingState
 2560: File          C:\Users\22256\AppData\Local\Packages\Microsoft.WindowsSoundRecorder_8wekyb3d8bbwe\RoamingState
 2568: File          C:\Users\22256\AppData\Local\Packages\Microsoft.WindowsCamera_8wekyb3d8bbwe\RoamingState
 256C: File          C:\Users\22256\AppData\Local\Packages\microsoft.windowscommunicationsapps_8wekyb3d8bbwe\RoamingState
 2574: File          C:\Users\22256\AppData\Local\Packages\Microsoft.WindowsFeedbackHub_8wekyb3d8bbwe\RoamingState
 257C: File          C:\Users\22256\AppData\Local\Packages\Microsoft.WindowsMaps_8wekyb3d8bbwe\RoamingState
 2584: File          C:\Users\22256\AppData\Local\Packages\Microsoft.WindowsStore_8wekyb3d8bbwe\RoamingState
 2594: File          C:\Users\22256\AppData\Local\Packages\Microsoft.Xbox.TCUI_8wekyb3d8bbwe\RoamingState
 2598: File          C:\Users\22256\AppData\Local\Packages\Microsoft.XboxApp_8wekyb3d8bbwe\RoamingState
 259C: File          C:\Users\22256\AppData\Local\Packages\Microsoft.XboxGameCallableUI_cw5n1h2txyewy\RoamingState
 25A0: File          C:\Users\22256\AppData\Local\Packages\Microsoft.XboxGamingOverlay_8wekyb3d8bbwe\RoamingState
 25B0: File          C:\Users\22256\AppData\Local\Packages\Microsoft.YourPhone_8wekyb3d8bbwe\RoamingState
 25B8: File          C:\Users\22256\AppData\Local\Packages\Microsoft.XboxIdentityProvider_8wekyb3d8bbwe\RoamingState
 25BC: File          C:\Users\22256\AppData\Local\Packages\Microsoft.ZuneMusic_8wekyb3d8bbwe\RoamingState
 25C4: File          C:\Users\22256\AppData\Local\Packages\Microsoft.XboxSpeechToTextOverlay_8wekyb3d8bbwe\RoamingState
 25D0: File          C:\Users\22256\AppData\Local\Packages\Microsoft.ZuneVideo_8wekyb3d8bbwe\RoamingState
 25D8: File          C:\Users\22256\AppData\Local\Packages\Windows.CBSPreview_cw5n1h2txyewy\RoamingState
 25E4: File          C:\Users\22256\AppData\Local\Packages\Windows.PrintDialog_cw5n1h2txyewy\RoamingState
 25F4: File          C:\Users\22256\AppData\Local\Packages\windows.immersivecontrolpanel_cw5n1h2txyewy\RoamingState
 2684: File          C:\Windows\WinSxS\amd64_microsoft.windows.common-controls_6595b64144ccf1df_6.0.18362.778_none_e6c6b761130d4fb8
 26C4: File          C:\Windows\WinSxS\amd64_microsoft.windows.common-controls_6595b64144ccf1df_6.0.18362.778_none_e6c6b761130d4fb8
 2754: File          C:\Windows\Fonts\segoeui.ttf
 27A4: File          C:\Program Files\WindowsApps\Microsoft.LanguageExperiencePacken-US_18362.14.15.0_neutral__8wekyb3d8bbwe\Windows\System32\en-US\SettingSyncCore.dll.mui
 27B4: File          D:\study
 2840: Section       \Sessions\1\BaseNamedObjects\14f0HWNDInterface:70588
 290C: Section       \Sessions\1\BaseNamedObjects\14f0HWNDInterface:70588
 2948: File          E:\
 294C: File          C:\Windows\SystemResources\shell32.dll.mun
 2A08: File          C:\Users\22256\AppData\Roaming\Microsoft\Windows\Network Shortcuts
 2A34: File          C:\Users\22256\Desktop
 2A4C: File          C:\Users\22256\Pictures\??
 2A88: File          C:\Users\Public\Desktop
 2AA8: File          C:\Program Files\WindowsApps\Microsoft.LanguageExperiencePackzh-CN_18362.24.72.0_neutral__8wekyb3d8bbwe\Windows\System32\zh-CN\explorerframe.dll.mui
 2C5C: File          C:\Users\22256\AppData\Roaming\Microsoft\Internet Explorer\Quick Launch\User Pinned
 2C64: File          C:\Users\22256\AppData\Local\Microsoft\Windows\WER\ERC
 2C9C: File          C:\Users\22256\AppData\Roaming\Microsoft\Windows\Start Menu
 2CAC: File          C:\Users\22256\Music
 2CB0: File          C:\Program Files\WindowsApps\Microsoft.LanguageExperiencePackzh-CN_18362.24.72.0_neutral__8wekyb3d8bbwe\Windows\System32\zh-CN\NPSMDesktopProvider.dll.mui
 2D1C: File          C:\Program Files\WindowsApps\Microsoft.LanguageExperiencePackzh-CN_18362.24.72.0_neutral__8wekyb3d8bbwe\Windows\System32\zh-CN\wscui.cpl.mui
 2D58: File          C:\Users\22256\AppData\Local\Microsoft\Windows\Explorer\iconcache_idx.db
 2D6C: File          C:\Users\22256\AppData\Local\Microsoft\Windows\Burn
 2D74: File          C:\Users\22256\Documents\Tencent Files\2225642019
 2DAC: File          C:\Users\22256\AppData\Roaming\Microsoft\Windows\Libraries
 2EB4: File          C:\Program Files\WindowsApps\Microsoft.LanguageExperiencePackzh-CN_18362.24.72.0_neutral__8wekyb3d8bbwe\Windows\System32\zh-CN\twext.dll.mui
 2EB8: File          D:\python\my mission
 2ECC: File          C:\Users\22256\AppData\Roaming\Microsoft\Windows\Printer Shortcuts
 2F20: File          C:\Users\22256\Documents\Tencent Files\2225642019\FileRecv
 2F38: File          C:\Users\22256\Pictures
 2F84: File          C:\Users\22256\AppData\Roaming\Microsoft\Windows\Start Menu
 3060: File          C:\Program Files\WindowsApps\Microsoft.LanguageExperiencePackzh-CN_18362.24.72.0_neutral__8wekyb3d8bbwe\Windows\System32\zh-CN\crypt32.dll.mui
 3088: Section       \Sessions\1\BaseNamedObjects\C:*ProgramData*Microsoft*Windows*Caches*{0E176B0B-A2CA-4AF5-8753-345E43E25004}.2.ver0x0000000000000002.db
 3090: File          C:\Users\22256\Downloads
 30B0: File          C:\Users\22256\AppData\Roaming\Microsoft\Windows\Printer Shortcuts
 30C4: File          C:\
 3150: File          C:\Users\22256\Pictures
 3164: File          C:\Users\Public\Documents\Catch!
 3198: File          C:\Users\22256\Documents\Tencent Files\2225642019\FileRecv
 31A0: File          D:\
 31CC: File          E:\
 31E4: File          C:\Users\22256\OneDrive
 3218: File          C:\Windows\SystemResources\NPSMDesktopProvider.dll.mun
 3224: File          C:\Users\22256\3D Objects
 3294: File          C:\Users\22256\Desktop
 32A4: File          C:\Users\22256\AppData\Roaming\Microsoft\Windows\Network Shortcuts
 3378: File          C:\ProgramData\Microsoft\Windows\Start Menu
 3398: File          C:\Program Files\WindowsApps\Microsoft.LanguageExperiencePackzh-CN_18362.24.72.0_neutral__8wekyb3d8bbwe\Windows\System32\zh-CN\dui70.dll.mui
 33A4: File          C:\Users\22256\OneDrive
 33BC: File          D:\A??\??\03.????
 33E0: File          C:\Users\22256\AppData\Roaming\Microsoft\Windows\Start Menu\Programs
 3410: File          C:\Users\22256\Documents
 3434: File          C:\Users\Public\Desktop
 3440: File          C:\Program Files\WindowsApps\Microsoft.LanguageExperiencePackzh-CN_18362.24.72.0_neutral__8wekyb3d8bbwe\Windows\System32\zh-CN\mferror.dll.mui
 3484: File          C:\Windows\SystemResources\imageres.dll.mun
 3550: File          C:\Users\22256\AppData\Roaming\Microsoft\Internet Explorer\Quick Launch\User Pinned
 358C: File          C:\Users\22256\AppData\Local\Microsoft\Windows\Explorer\iconcache_32.db
 3598: File          C:\Users\22256\AppData\Local\Microsoft\Internet Explorer\TabRoaming
 361C: File          D:\game\itself\jsk\[JSK??]\[JSK??]
 3630: File          C:\Program Files\WindowsApps\Microsoft.LanguageExperiencePackzh-CN_18362.24.72.0_neutral__8wekyb3d8bbwe\Windows\System32\zh-CN\ntshrui.dll.mui
 36AC: File          C:\Program Files\WindowsApps\Microsoft.LanguageExperiencePackzh-CN_18362.24.72.0_neutral__8wekyb3d8bbwe\Windows\System32\zh-CN\combase.dll.mui
 3760: File          D:\A??\??\03.????
 377C: File          D:\study
 3780: File          C:\Windows\SystemResources\twinui.dll.mun
 3784: File          C:\Program Files\WindowsApps\Microsoft.LanguageExperiencePackzh-CN_18362.24.72.0_neutral__8wekyb3d8bbwe\Windows\System32\zh-CN\twinui.dll.mui
 3794: File          C:\Users\22256\AppData\Roaming\Microsoft\Windows\Start Menu\Programs
 37C4: File          C:\Users\Public\Documents\Catch!
 37E4: File          C:\Windows\Fonts\seguisym.ttf
------------------------------------------------------------------------------
svchost.exe pid: 5552 \<unable to open process>
------------------------------------------------------------------------------
svchost.exe pid: 5620 \<unable to open process>
------------------------------------------------------------------------------
svchost.exe pid: 5668 \<unable to open process>
------------------------------------------------------------------------------
IntelCpHDCPSvc.exe pid: 5712 \<unable to open process>
------------------------------------------------------------------------------
svchost.exe pid: 5744 \<unable to open process>
------------------------------------------------------------------------------
svchost.exe pid: 5796 \<unable to open process>
------------------------------------------------------------------------------
svchost.exe pid: 5840 \<unable to open process>
------------------------------------------------------------------------------
ETDService.exe pid: 5888 \<unable to open process>
------------------------------------------------------------------------------
FlashHelperService.exe pid: 5908 \<unable to open process>
------------------------------------------------------------------------------
svchost.exe pid: 5944 \<unable to open process>
------------------------------------------------------------------------------
ibtsiva.exe pid: 6024 \<unable to open process>
------------------------------------------------------------------------------
svchost.exe pid: 6056 \<unable to open process>
------------------------------------------------------------------------------
sqlservr.exe pid: 6084 \<unable to open process>
------------------------------------------------------------------------------
svchost.exe pid: 6128 \<unable to open process>
------------------------------------------------------------------------------
PluginLoaderSvc.exe pid: 6136 \<unable to open process>
------------------------------------------------------------------------------
QQProtect.exe pid: 5168 \<unable to open process>
------------------------------------------------------------------------------
svchost.exe pid: 5828 \<unable to open process>
------------------------------------------------------------------------------
svchost.exe pid: 6172 \<unable to open process>
------------------------------------------------------------------------------
ETDCtrl.exe pid: 6216 DESKTOP-HM0IV1I\22256
   40: File          C:\Users\22256
   70: File          C:\Windows\WinSxS\amd64_microsoft.windows.common-controls_6595b64144ccf1df_6.0.18362.778_none_e6c6b761130d4fb8
   74: File          C:\Windows\WinSxS\amd64_microsoft.windows.gdiplus_6595b64144ccf1df_1.1.18362.778_none_17b1aa466d9fc986
  240: Section       \Windows\Theme114988444
  244: Section       \Sessions\1\Windows\Theme4228464951
  640: Section       \Sessions\1\BaseNamedObjects\windows_shell_global_counters
  660: Section       \BaseNamedObjects\__ComCatalogCache__
  670: Section       \BaseNamedObjects\__ComCatalogCache__
  674: File          C:\Windows\Registration\R000000000004.clb
  68C: Section       \Sessions\1\BaseNamedObjects\C:*ProgramData*Microsoft*Windows*Caches*cversions.2.ro
  690: Section       \Sessions\1\BaseNamedObjects\C:*ProgramData*Microsoft*Windows*Caches*cversions.2.ro
  694: Section       \Sessions\1\BaseNamedObjects\C:*ProgramData*Microsoft*Windows*Caches*{6AF0698E-D558-4F6E-9B3C-3716689AF493}.2.ver0x0000000000000003.db
  698: File          C:\Program Files\WindowsApps\Microsoft.LanguageExperiencePackzh-CN_18362.24.72.0_neutral__8wekyb3d8bbwe\Windows\System32\zh-CN\propsys.dll.mui
  69C: Section       \Sessions\1\BaseNamedObjects\C:*ProgramData*Microsoft*Windows*Caches*{DDF571F2-BE98-426D-8288-1A9A39C3FDA2}.2.ver0x0000000000000002.db
  6B0: Section       \BaseNamedObjects\windows_shell_global_counters
  6D4: File          C:\Program Files\WindowsApps\Microsoft.LanguageExperiencePackzh-CN_18362.24.72.0_neutral__8wekyb3d8bbwe\Windows\System32\zh-CN\shell32.dll.mui
  7C8: File          C:\Program Files\WindowsApps\Microsoft.LanguageExperiencePackzh-CN_18362.24.72.0_neutral__8wekyb3d8bbwe\Windows\System32\zh-CN\windows.storage.dll.mui
  848: Section       \Sessions\1\BaseNamedObjects\UrlZonesSM_22256
------------------------------------------------------------------------------
SangforPromoteService.exe pid: 6260 \<unable to open process>
------------------------------------------------------------------------------
sqlwriter.exe pid: 6316 \<unable to open process>
------------------------------------------------------------------------------
svchost.exe pid: 6328 \<unable to open process>
------------------------------------------------------------------------------
svchost.exe pid: 6380 \<unable to open process>
------------------------------------------------------------------------------
svchost.exe pid: 6424 \<unable to open process>
------------------------------------------------------------------------------
svchost.exe pid: 6456 \<unable to open process>
------------------------------------------------------------------------------
vmnetdhcp.exe pid: 6480 \<unable to open process>
------------------------------------------------------------------------------
vmware-usbarbitrator64.exe pid: 6500 \<unable to open process>
------------------------------------------------------------------------------
vmnat.exe pid: 6512 \<unable to open process>
------------------------------------------------------------------------------
svchost.exe pid: 6644 \<unable to open process>
------------------------------------------------------------------------------
svchost.exe pid: 6692 \<unable to open process>
------------------------------------------------------------------------------
ChsIME.exe pid: 6700 \<unable to open process>
------------------------------------------------------------------------------
svchost.exe pid: 6724 \<unable to open process>
------------------------------------------------------------------------------
IntelCpHeciSvc.exe pid: 6868 \<unable to open process>
------------------------------------------------------------------------------
svchost.exe pid: 6932 \<unable to open process>
------------------------------------------------------------------------------
vmware-authd.exe pid: 7052 \<unable to open process>
------------------------------------------------------------------------------
ECAgent.exe pid: 7236 DESKTOP-HM0IV1I\22256
   40: File          C:\Windows
   84: File          C:\Windows\SysWOW64
  254: File          C:\Windows\WinSxS\x86_microsoft.windows.gdiplus_6595b64144ccf1df_1.1.18362.778_none_5f5ee11d821bf28c
  26C: Section       \BaseNamedObjects\sangfor_ssl_file_mapping_ecagent_share_config
  274: File          C:\Windows\WinSxS\x86_microsoft.windows.common-controls_6595b64144ccf1df_5.82.18362.778_none_71d70b7d5ae4146f
  2D8: File          C:\Users\22256\AppData\Roaming\Sangfor\SSL\Log\ECAgent.exe.log
  304: File          C:\Users\22256\AppData\Roaming\Sangfor\SSL\ECAgent\s-1\default\p0\mem.db
  314: File          C:\Users\Public\Sangfor\SSL\boost_interprocess\ecagent_rq_s-1
  34C: File          C:\Users\22256\AppData\Roaming\Sangfor\SSL\ECAgent\s-1\default\p1\mem.db
------------------------------------------------------------------------------
svchost.exe pid: 7572 \<unable to open process>
------------------------------------------------------------------------------
svchost.exe pid: 7988 \<unable to open process>
------------------------------------------------------------------------------
svchost.exe pid: 8144 \<unable to open process>
------------------------------------------------------------------------------
svchost.exe pid: 132 DESKTOP-HM0IV1I\22256
   48: File          C:\Windows\System32
  130: File          C:\Program Files\WindowsApps\Microsoft.LanguageExperiencePackzh-CN_18362.24.72.0_neutral__8wekyb3d8bbwe\Windows\System32\zh-CN\svchost.exe.mui
  1B8: Section       \BaseNamedObjects\__ComCatalogCache__
  1C8: File          C:\Windows\Registration\R000000000004.clb
  1DC: File          C:\Program Files\WindowsApps\Microsoft.LanguageExperiencePackzh-CN_18362.24.72.0_neutral__8wekyb3d8bbwe\Windows\System32\zh-CN\KernelBase.dll.mui
  208: Section       \BaseNamedObjects\__ComCatalogCache__
  22C: File          C:\Program Files\WindowsApps\Microsoft.LanguageExperiencePackzh-CN_18362.24.72.0_neutral__8wekyb3d8bbwe\Windows\System32\zh-CN\windows.applicationmodel.datatransfer.dll.mui
------------------------------------------------------------------------------
svchost.exe pid: 5736 \<unable to open process>
------------------------------------------------------------------------------
ETDCtrlHelper.exe pid: 8300 \<unable to open process>
------------------------------------------------------------------------------
ETDIntelligent.exe pid: 8340 DESKTOP-HM0IV1I\22256
   40: File          C:\Users\22256
   70: File          C:\Windows\WinSxS\amd64_microsoft.windows.gdiplus_6595b64144ccf1df_1.1.18362.778_none_17b1aa466d9fc986
   74: File          C:\Windows\WinSxS\amd64_microsoft.windows.common-controls_6595b64144ccf1df_5.82.18362.778_none_2a29d4a64667eb69
  22C: Section       \Windows\Theme114988444
  230: Section       \Sessions\1\Windows\Theme4228464951
------------------------------------------------------------------------------
svchost.exe pid: 8372 \<unable to open process>
------------------------------------------------------------------------------
vmware-hostd.exe pid: 8448 \<unable to open process>
------------------------------------------------------------------------------
GoogleCrashHandler.exe pid: 8688 \<unable to open process>
------------------------------------------------------------------------------
GoogleCrashHandler64.exe pid: 8696 \<unable to open process>
------------------------------------------------------------------------------
WmiPrvSE.exe pid: 8828 \<unable to open process>
------------------------------------------------------------------------------
SearchIndexer.exe pid: 8992 \<unable to open process>
------------------------------------------------------------------------------
StartMenuExperienceHost.exe pid: 9088 DESKTOP-HM0IV1I\22256
   44: File          C:\Windows\SystemApps\Microsoft.Windows.StartMenuExperienceHost_cw5n1h2txyewy
  13C: Section       \BaseNamedObjects\__ComCatalogCache__
  3D0: Section       \Sessions\1\AppContainerNamedObjects\S-1-15-2-515815643-2845804217-1874292103-218650560-777617685-4287762684-137415000\SessionImmersiveColorPreference
  404: Section       \Sessions\1\AppContainerNamedObjects\S-1-15-2-515815643-2845804217-1874292103-218650560-777617685-4287762684-137415000\windows_shell_global_counters
  40C: File          C:\Windows\apppatch\DirectXApps.sdb
  47C: File          C:\Program Files\WindowsApps\Microsoft.LanguageExperiencePackzh-CN_18362.24.72.0_neutral__8wekyb3d8bbwe\Windows\System32\zh-CN\crypt32.dll.mui
  4D8: Section       \Sessions\1\AppContainerNamedObjects\S-1-15-2-515815643-2845804217-1874292103-218650560-777617685-4287762684-137415000\ApplicationService:23801d61c49373f7809
  4F0: File          C:\Users\22256\AppData\Local\Packages\Microsoft.Windows.StartMenuExperienceHost_cw5n1h2txyewy\TempState\TileCache_125_0_Header.bin
  534: Section       \Sessions\1\AppContainerNamedObjects\S-1-15-2-515815643-2845804217-1874292103-218650560-777617685-4287762684-137415000\2380HWNDInterface:10288
  538: Section       \Sessions\1\AppContainerNamedObjects\S-1-15-2-515815643-2845804217-1874292103-218650560-777617685-4287762684-137415000\2380HWNDInterface:10288
  584: Section       \Sessions\1\AppContainerNamedObjects\S-1-15-2-515815643-2845804217-1874292103-218650560-777617685-4287762684-137415000\2380HWNDInterface:10288
  5D4: File          C:\Users\22256\AppData\Local\Packages\Microsoft.Windows.StartMenuExperienceHost_cw5n1h2txyewy\AC\Temp\NVIDIA Corporation\NV_Cache\be3404d2719b593dc6106b4b63914b98_fce8395c8fd8a998_68740e2963065a0d_0_0.bin
  664: Section       \Sessions\1\AppContainerNamedObjects\S-1-15-2-515815643-2845804217-1874292103-218650560-777617685-4287762684-137415000\2380HWNDInterface:10288
  670: Section       \Sessions\1\AppContainerNamedObjects\S-1-15-2-515815643-2845804217-1874292103-218650560-777617685-4287762684-137415000\2380HWNDInterface:10288
  678: File          C:\Windows\Fonts\segoeui.ttf
  754: File          C:\Program Files\WindowsApps\Microsoft.LanguageExperiencePackzh-CN_18362.24.72.0_neutral__8wekyb3d8bbwe\Windows\System32\zh-CN\windows.storage.dll.mui
  8B0: Section       \Sessions\1\AppContainerNamedObjects\S-1-15-2-515815643-2845804217-1874292103-218650560-777617685-4287762684-137415000\2380HWNDInterface:10288
  934: Section       \Sessions\1\AppContainerNamedObjects\S-1-15-2-515815643-2845804217-1874292103-218650560-777617685-4287762684-137415000\2380HWNDInterface:10288
  940: Section       \Sessions\1\AppContainerNamedObjects\S-1-15-2-515815643-2845804217-1874292103-218650560-777617685-4287762684-137415000\2380HWNDInterface:10288
  948: File          C:\Program Files\WindowsApps\Microsoft.LanguageExperiencePackzh-CN_18362.24.72.0_neutral__8wekyb3d8bbwe\Windows\System32\zh-CN\shell32.dll.mui
  974: Section       \Sessions\1\AppContainerNamedObjects\S-1-15-2-515815643-2845804217-1874292103-218650560-777617685-4287762684-137415000\2380HWNDInterface:10288
  9C0: Section       \Sessions\1\AppContainerNamedObjects\S-1-15-2-515815643-2845804217-1874292103-218650560-777617685-4287762684-137415000\2380HWNDInterface:10288
  9D4: File          C:\Program Files\WindowsApps\Microsoft.LanguageExperiencePackzh-CN_18362.24.72.0_neutral__8wekyb3d8bbwe\Windows\System32\zh-CN\windows.ui.xaml.dll.mui
  A1C: File          C:\Program Files\WindowsApps\Microsoft.LanguageExperiencePacken-US_18362.14.15.0_neutral__8wekyb3d8bbwe\Windows\System32\en-US\Windows.Globalization.dll.mui
  A2C: File          C:\Users\22256\AppData\Local\Packages\Microsoft.Windows.StartMenuExperienceHost_cw5n1h2txyewy\AC\Temp\NVIDIA Corporation\NV_Cache\be3404d2719b593dc6106b4b63914b98_fce8395c8fd8a998_68740e2963065a0d_0_0.toc
  A70: Section       \Sessions\1\AppContainerNamedObjects\S-1-15-2-515815643-2845804217-1874292103-218650560-777617685-4287762684-137415000\2380HWNDInterface:10288
  A7C: File          C:\Users\22256\AppData\Local\Packages\Microsoft.Windows.StartMenuExperienceHost_cw5n1h2txyewy\TempState\TileCache_125_0_Data.bin
  ABC: File          C:\Windows\Fonts\msyh.ttc
  BA0: Section       \Sessions\1\BaseNamedObjects\C:*Users*22256*AppData*Local*Microsoft*Windows*Caches*cversions.3.ro
  D58: Section       \Sessions\1\BaseNamedObjects\C:*Users*22256*AppData*Local*Microsoft*Windows*Caches*{3DA71D5A-20CC-432F-A115-DFE92379E91F}.3.ver0x00000000000003b1.db
------------------------------------------------------------------------------
svchost.exe pid: 8212 \<unable to open process>
------------------------------------------------------------------------------
RuntimeBroker.exe pid: 8308 DESKTOP-HM0IV1I\22256
   4C: File          C:\Windows\System32
  17C: Section       \BaseNamedObjects\__ComCatalogCache__
  1BC: Section       \Sessions\1\BaseNamedObjects\windows_shell_global_counters
  244: Section       \BaseNamedObjects\__ComCatalogCache__
  248: File          C:\Windows\Registration\R000000000004.clb
  42C: Section       \BaseNamedObjects\windows_shell_global_counters
  454: Section       \Sessions\1\BaseNamedObjects\C:*ProgramData*Microsoft*Windows*Caches*cversions.2.ro
  458: Section       \Sessions\1\BaseNamedObjects\C:*ProgramData*Microsoft*Windows*Caches*{6AF0698E-D558-4F6E-9B3C-3716689AF493}.2.ver0x0000000000000003.db
  45C: Section       \Sessions\1\BaseNamedObjects\C:*ProgramData*Microsoft*Windows*Caches*cversions.2.ro
  460: Section       \Sessions\1\BaseNamedObjects\C:*ProgramData*Microsoft*Windows*Caches*{DDF571F2-BE98-426D-8288-1A9A39C3FDA2}.2.ver0x0000000000000002.db
  4C8: File          C:\Program Files\WindowsApps\Microsoft.LanguageExperiencePackzh-CN_18362.24.72.0_neutral__8wekyb3d8bbwe\Windows\System32\zh-CN\windows.storage.dll.mui
  51C: File          C:\Windows\WinSxS\amd64_microsoft.windows.common-controls_6595b64144ccf1df_6.0.18362.778_none_e6c6b761130d4fb8
  5AC: File          C:\Program Files\WindowsApps\Microsoft.LanguageExperiencePackzh-CN_18362.24.72.0_neutral__8wekyb3d8bbwe\Windows\System32\zh-CN\propsys.dll.mui
  81C: File          C:\Windows\WinSxS\amd64_microsoft.windows.common-controls_6595b64144ccf1df_6.0.18362.778_none_e6c6b761130d4fb8
  8C8: Section       \Sessions\1\BaseNamedObjects\C:*ProgramData*Microsoft*Windows*Caches*cversions.2.ro
  92C: File          C:\Program Files\WindowsApps\Microsoft.LanguageExperiencePackzh-CN_18362.24.72.0_neutral__8wekyb3d8bbwe\Windows\System32\zh-CN\ShutdownUX.dll.mui
------------------------------------------------------------------------------
SearchUI.exe pid: 9284 DESKTOP-HM0IV1I\22256
   40: File          C:\Windows\SystemApps\Microsoft.Windows.Cortana_cw5n1h2txyewy
  1C0: Section       \Sessions\1\AppContainerNamedObjects\S-1-15-2-1861897761-1695161497-2927542615-642690995-327840285-2659745135-2630312742\windows_shell_global_counters
  1E0: Section       \BaseNamedObjects\__ComCatalogCache__
  44C: File          C:\Windows\System32\WinMetadata\Windows.Security.winmd
  5C8: Section       \Sessions\1\AppContainerNamedObjects\S-1-15-2-1861897761-1695161497-2927542615-642690995-327840285-2659745135-2630312742\SessionImmersiveColorPreference
  5F8: File          C:\Windows\apppatch\DirectXApps.sdb
  628: Section       \Sessions\1\AppContainerNamedObjects\S-1-15-2-1861897761-1695161497-2927542615-642690995-327840285-2659745135-2630312742\ApplicationService:24441d61c4937f509a9
  6F4: File          C:\Windows\Fonts\segoeui.ttf
  744: Section       \Sessions\1\AppContainerNamedObjects\S-1-15-2-1861897761-1695161497-2927542615-642690995-327840285-2659745135-2630312742\2444HWNDInterface:1029e
  748: Section       \Sessions\1\AppContainerNamedObjects\S-1-15-2-1861897761-1695161497-2927542615-642690995-327840285-2659745135-2630312742\2444HWNDInterface:1029e
  74C: Section       \Sessions\1\AppContainerNamedObjects\S-1-15-2-1861897761-1695161497-2927542615-642690995-327840285-2659745135-2630312742\2444HWNDInterface:1029e
  790: Section       \Sessions\1\AppContainerNamedObjects\S-1-15-2-1861897761-1695161497-2927542615-642690995-327840285-2659745135-2630312742\2444HWNDInterface:1029e
  7F8: Section       \Sessions\1\AppContainerNamedObjects\S-1-15-2-1861897761-1695161497-2927542615-642690995-327840285-2659745135-2630312742\2444HWNDInterface:1029e
  830: File          C:\Program Files\WindowsApps\Microsoft.LanguageExperiencePackzh-CN_18362.24.72.0_neutral__8wekyb3d8bbwe\Windows\System32\zh-CN\windows.storage.dll.mui
  83C: File          C:\Users\22256\AppData\Local\Packages\Microsoft.Windows.Cortana_cw5n1h2txyewy\TempState\Traces\CortanaTrace1.etl
  8CC: Section       \Sessions\1\AppContainerNamedObjects\S-1-15-2-1861897761-1695161497-2927542615-642690995-327840285-2659745135-2630312742\C:*ProgramData*Microsoft*Windows*Caches*cversions.2.ro
  8D0: Section       \Sessions\1\AppContainerNamedObjects\S-1-15-2-1861897761-1695161497-2927542615-642690995-327840285-2659745135-2630312742\C:*ProgramData*Microsoft*Windows*Caches*cversions.2.ro
  8D4: Section       \Sessions\1\AppContainerNamedObjects\S-1-15-2-1861897761-1695161497-2927542615-642690995-327840285-2659745135-2630312742\C:*ProgramData*Microsoft*Windows*Caches*{6AF0698E-D558-4F6E-9B3C-3716689AF493}.2.ver0x0000000000000003.db
  8DC: Section       \Sessions\1\AppContainerNamedObjects\S-1-15-2-1861897761-1695161497-2927542615-642690995-327840285-2659745135-2630312742\C:*ProgramData*Microsoft*Windows*Caches*{DDF571F2-BE98-426D-8288-1A9A39C3FDA2}.2.ver0x0000000000000002.db
  93C: Section       \Sessions\1\AppContainerNamedObjects\S-1-15-2-1861897761-1695161497-2927542615-642690995-327840285-2659745135-2630312742\2444HWNDInterface:1029e
  954: Section       \Sessions\1\AppContainerNamedObjects\S-1-15-2-1861897761-1695161497-2927542615-642690995-327840285-2659745135-2630312742\2444HWNDInterface:1029e
  994: Section       \Sessions\1\AppContainerNamedObjects\S-1-15-2-1861897761-1695161497-2927542615-642690995-327840285-2659745135-2630312742\2444HWNDInterface:1029e
  99C: Section       \Sessions\1\AppContainerNamedObjects\S-1-15-2-1861897761-1695161497-2927542615-642690995-327840285-2659745135-2630312742\2444HWNDInterface:1029e
  9A8: File          C:\Windows\Fonts\msyh.ttc
  9C4: Section       \Sessions\1\AppContainerNamedObjects\S-1-15-2-1861897761-1695161497-2927542615-642690995-327840285-2659745135-2630312742\2444HWNDInterface:1029e
  9EC: Section       \Sessions\1\BaseNamedObjects\windows_webcache_counters_{9B6AB5B3-91BC-4097-835C-EA2DEC95E9CC}_S-1-5-21-1198195036-2823278632-1195532929-1001
  9F0: Section       \Sessions\1\AppContainerNamedObjects\S-1-15-2-1861897761-1695161497-2927542615-642690995-327840285-2659745135-2630312742\windows_webcache_counters_{00000000-5d8e-4eed-b3fa-e30684411323}
  A54: Section       \Sessions\1\AppContainerNamedObjects\S-1-15-2-1861897761-1695161497-2927542615-642690995-327840285-2659745135-2630312742\UrlZonesSM_22256
  A74: Section       \BaseNamedObjects\F932B6C7-3A20-46A0-B8A0-8894AA421973
  BD8: Section       \Sessions\1\AppContainerNamedObjects\S-1-15-2-1861897761-1695161497-2927542615-642690995-327840285-2659745135-2630312742\2444HWNDInterface:1029e
  D18: File          C:\Program Files\WindowsApps\Microsoft.LanguageExperiencePackzh-CN_18362.24.72.0_neutral__8wekyb3d8bbwe\Windows\System32\zh-CN\KernelBase.dll.mui
  D48: File          C:\Program Files\WindowsApps\Microsoft.LanguageExperiencePackzh-CN_18362.24.72.0_neutral__8wekyb3d8bbwe\Windows\System32\zh-CN\edgehtml.dll.mui
  D4C: Section       \Sessions\1\AppContainerNamedObjects\S-1-15-2-1861897761-1695161497-2927542615-642690995-327840285-2659745135-2630312742\2444HWNDInterface:102c2
  E38: File          C:\Windows\System32\WinMetadata\Windows.Storage.winmd
  E44: File          C:\Windows\SystemApps\Microsoft.Windows.Cortana_cw5n1h2txyewy\Cortana.Tips.winmd
  E68: File          C:\Windows\SystemApps\Microsoft.Windows.Cortana_cw5n1h2txyewy\Cortana.Search.winmd
  E70: File          C:\Program Files\WindowsApps\Microsoft.LanguageExperiencePackzh-CN_18362.24.72.0_neutral__8wekyb3d8bbwe\Windows\System32\zh-CN\crypt32.dll.mui
  EAC: File          C:\Windows\Fonts
  EDC: File          C:\Windows\SystemApps\Microsoft.Windows.Cortana_cw5n1h2txyewy\Cortana.Internal.Search.winmd
  EE4: File          C:\Windows\System32\WinMetadata\Windows.Foundation.winmd
  EEC: File          C:\Windows\SystemApps\Microsoft.Windows.Cortana_cw5n1h2txyewy\Cortana.SPA.winmd
  EF4: File          C:\Windows\System32\WinMetadata\Windows.System.winmd
  F18: File          C:\Users\22256\AppData\Local\Packages\Microsoft.Windows.Cortana_cw5n1h2txyewy\AC\Microsoft\Internet Explorer\DOMStore\AT1R7DZ9
  F50: File          C:\Program Files\WindowsApps\Microsoft.LanguageExperiencePackzh-CN_18362.24.72.0_neutral__8wekyb3d8bbwe\Windows\System32\zh-CN\dnsapi.dll.mui
  FC4: File          C:\Windows\System32\WinMetadata\Windows.UI.winmd
 1040: File          C:\Windows\System32\WinMetadata\Windows.Web.winmd
 10AC: File          C:\Windows\SystemResources\Chakra.dll.mun
 10BC: File          C:\Windows\System32\WinMetadata\Windows.ApplicationModel.winmd
 117C: Section       \Sessions\1\BaseNamedObjects\C:*Users*22256*AppData*Local*Microsoft*Windows*Caches*cversions.3.ro
 12A0: Section       \Sessions\1\BaseNamedObjects\C:*Users*22256*AppData*Local*Microsoft*Windows*Caches*{3DA71D5A-20CC-432F-A115-DFE92379E91F}.3.ver0x00000000000003b1.db
 12B8: Section       \Sessions\1\AppContainerNamedObjects\S-1-15-2-1861897761-1695161497-2927542615-642690995-327840285-2659745135-2630312742\C:*ProgramData*Microsoft*Windows*Caches*cversions.2.ro
------------------------------------------------------------------------------
RuntimeBroker.exe pid: 9520 DESKTOP-HM0IV1I\22256
   48: File          C:\Windows\System32
  17C: Section       \BaseNamedObjects\__ComCatalogCache__
  1EC: File          C:\Windows\Registration\R000000000004.clb
  1F0: Section       \BaseNamedObjects\__ComCatalogCache__
  3DC: Section       \Sessions\1\BaseNamedObjects\windows_shell_global_counters
  434: Section       \BaseNamedObjects\windows_shell_global_counters
  45C: File          C:\Program Files\WindowsApps\Microsoft.LanguageExperiencePackzh-CN_18362.24.72.0_neutral__8wekyb3d8bbwe\Windows\System32\zh-CN\windows.storage.dll.mui
  470: Section       \Sessions\1\BaseNamedObjects\C:*ProgramData*Microsoft*Windows*Caches*cversions.2.ro
  474: Section       \Sessions\1\BaseNamedObjects\C:*ProgramData*Microsoft*Windows*Caches*{6AF0698E-D558-4F6E-9B3C-3716689AF493}.2.ver0x0000000000000003.db
  478: Section       \Sessions\1\BaseNamedObjects\C:*ProgramData*Microsoft*Windows*Caches*cversions.2.ro
  47C: Section       \Sessions\1\BaseNamedObjects\C:*ProgramData*Microsoft*Windows*Caches*{DDF571F2-BE98-426D-8288-1A9A39C3FDA2}.2.ver0x0000000000000002.db
  4D4: Section       \Sessions\1\BaseNamedObjects\C:*ProgramData*Microsoft*Windows*Caches*cversions.2.ro
  514: File          C:\Windows\WinSxS\amd64_microsoft.windows.common-controls_6595b64144ccf1df_6.0.18362.778_none_e6c6b761130d4fb8
  568: File          C:\Program Files\WindowsApps\Microsoft.LanguageExperiencePackzh-CN_18362.24.72.0_neutral__8wekyb3d8bbwe\Windows\System32\zh-CN\propsys.dll.mui
  690: File          C:\Program Files\WindowsApps\Microsoft.LanguageExperiencePackzh-CN_18362.24.72.0_neutral__8wekyb3d8bbwe\Windows\System32\zh-CN\mpr.dll.mui
------------------------------------------------------------------------------
svchost.exe pid: 9760 \<unable to open process>
------------------------------------------------------------------------------
SkypeBackgroundHost.exe pid: 9876 DESKTOP-HM0IV1I\22256
   40: File          C:\Program Files\WindowsApps\Microsoft.SkypeApp_14.56.102.0_x64__kzf8qxf38zg5c
  134: Section       \BaseNamedObjects\__ComCatalogCache__
  250: Section       \Sessions\1\AppContainerNamedObjects\S-1-15-2-2246530975-808720366-1776470054-230329187-4153223113-3550430174-4193313734\ApplicationService:26941d61c49388730e7
------------------------------------------------------------------------------
RemindersServer.exe pid: 9888 DESKTOP-HM0IV1I\22256
   40: File          C:\Windows\SystemApps\Microsoft.Windows.Cortana_cw5n1h2txyewy
  164: Section       \BaseNamedObjects\__ComCatalogCache__
  264: Section       \Sessions\1\AppContainerNamedObjects\S-1-15-2-1861897761-1695161497-2927542615-642690995-327840285-2659745135-2630312742\ApplicationService:26a01d61c49388763c3
  284: File          C:\Users\22256\AppData\Local\Packages\Microsoft.Windows.Cortana_cw5n1h2txyewy\LocalState\Reminder_Attachments
  29C: File          C:\Program Files\WindowsApps\Microsoft.LanguageExperiencePackzh-CN_18362.24.72.0_neutral__8wekyb3d8bbwe\Windows\System32\zh-CN\KernelBase.dll.mui
  35C: File          C:\Users\22256\AppData\Local\Packages\Microsoft.Windows.Cortana_cw5n1h2txyewy\LocalState\Reminder_Attachments
  36C: File          C:\Program Files\WindowsApps\Microsoft.LanguageExperiencePackzh-CN_18362.24.72.0_neutral__8wekyb3d8bbwe\Windows\System32\zh-CN\windows.storage.dll.mui
  390: File          C:\Users\22256\AppData\Local\Packages\Microsoft.Windows.Cortana_cw5n1h2txyewy\LocalState\Reminder_Attachments
  3F4: Section       \Sessions\1\AppContainerNamedObjects\S-1-15-2-1861897761-1695161497-2927542615-642690995-327840285-2659745135-2630312742\windows_shell_global_counters
  468: File          C:\Windows\System32\zh-CN\ESENT.dll.mui
  46C: File          C:\Users\22256\AppData\Local\Packages\Microsoft.Windows.Cortana_cw5n1h2txyewy\LocalState\ESEDatabase_CortanaCoreInstance\edb.log
  47C: File          C:\Users\22256\AppData\Local\Packages\Microsoft.Windows.Cortana_cw5n1h2txyewy\LocalState\ESEDatabase_CortanaCoreInstance\CortanaCoreDb.jfm
  49C: File          C:\Users\22256\AppData\Local\Packages\Microsoft.Windows.Cortana_cw5n1h2txyewy\LocalState\ESEDatabase_CortanaCoreInstance\CortanaCoreDb.dat
  4E8: File          C:\Users\22256\AppData\Local\Packages\Microsoft.Windows.Cortana_cw5n1h2txyewy\LocalState\Reminder_Attachments
  5BC: File          C:\Users\22256\AppData\Local\Packages\Microsoft.Windows.Cortana_cw5n1h2txyewy\LocalState\Reminder_Attachments
------------------------------------------------------------------------------
MicrosoftEdge.exe pid: 10228 DESKTOP-HM0IV1I\22256
   40: File          C:\Windows\SystemApps\Microsoft.MicrosoftEdge_8wekyb3d8bbwe
  1F0: Section       \BaseNamedObjects\__ComCatalogCache__
  374: File          C:\Windows\apppatch\DirectXApps.sdb
  378: Section       \Sessions\1\AppContainerNamedObjects\S-1-15-2-3624051433-2125758914-1423191267-1740899205-1073925389-3782572162-737981194\windows_shell_global_counters
  428: Section       \...\ie_ias_000027F4-0000-0000-0000-000000000000
  42C: Section       \Sessions\1\AppContainerNamedObjects\S-1-15-2-3624051433-2125758914-1423191267-1740899205-1073925389-3782572162-737981194\IAS_ID_Microsoft.MicrosoftEdge_44.18362.449.0_neutral__8wekyb3d8bbwe_10228
  4E0: Section       \Sessions\1\BaseNamedObjects\windows_webcache_counters_{9B6AB5B3-91BC-4097-835C-EA2DEC95E9CC}_S-1-5-21-1198195036-2823278632-1195532929-1001
  4E4: Section       \Sessions\1\AppContainerNamedObjects\S-1-15-2-3624051433-2125758914-1423191267-1740899205-1073925389-3782572162-737981194\windows_webcache_counters_{00000000-5d8e-4eed-b3fa-e30684411323}
  540: Section       \...\IsoSpaceV2_ScopeLILNAC
  544: Section       \...\IsoSpaceV2_ScopeTrusted
  54C: Section       \...\IsoSpaceV2_ScopeUntrusted
  580: File          C:\Windows\Fonts\msyh.ttc
  628: File          C:\Windows\System32\zh-CN\ESENT.dll.mui
  62C: File          C:\Users\22256\AppData\Local\Packages\Microsoft.MicrosoftEdge_8wekyb3d8bbwe\AC\MicrosoftEdge\User\Default\DataStore\Data\nouser1\120712-0049\DBStore\LogFiles\edb.log
  638: File          C:\Users\22256\AppData\Local\Packages\Microsoft.MicrosoftEdge_8wekyb3d8bbwe\AC\MicrosoftEdge\User\Default\DataStore\Data\nouser1\120712-0049\DBStore\spartan.jfm
  75C: File          C:\Users\22256\AppData\Local\Packages\Microsoft.MicrosoftEdge_8wekyb3d8bbwe\AC\MicrosoftEdge\User\Default\DataStore\Data\nouser1\120712-0049\DBStore\spartan.edb
  7BC: Section       \Sessions\1\AppContainerNamedObjects\S-1-15-2-3624051433-2125758914-1423191267-1740899205-1073925389-3782572162-737981194\SessionImmersiveColorPreference
  828: Section       \Sessions\1\AppContainerNamedObjects\S-1-15-2-3624051433-2125758914-1423191267-1740899205-1073925389-3782572162-737981194\ApplicationService:27f41d61c4938c6a470
  89C: Section       \Sessions\1\AppContainerNamedObjects\S-1-15-2-3624051433-2125758914-1423191267-1740899205-1073925389-3782572162-737981194\ApplicationService:27f41d61c4938c6a470
  8E8: File          C:\Windows\Fonts\segoeui.ttf
  940: Section       \Sessions\1\AppContainerNamedObjects\S-1-15-2-3624051433-2125758914-1423191267-1740899205-1073925389-3782572162-737981194\27f4HWNDInterface:1034a
  944: Section       \Sessions\1\AppContainerNamedObjects\S-1-15-2-3624051433-2125758914-1423191267-1740899205-1073925389-3782572162-737981194\27f4HWNDInterface:1034a
  980: Section       \Sessions\1\AppContainerNamedObjects\S-1-15-2-3624051433-2125758914-1423191267-1740899205-1073925389-3782572162-737981194\27f4HWNDInterface:1034a
  A34: Section       \Windows\Theme114988444
  A3C: Section       \Sessions\1\Windows\Theme4228464951
  A44: Section       \Sessions\1\AppContainerNamedObjects\S-1-15-2-3624051433-2125758914-1423191267-1740899205-1073925389-3782572162-737981194\UrlZonesSM_22256
  A50: File          C:\Program Files\WindowsApps\Microsoft.LanguageExperiencePackzh-CN_18362.24.72.0_neutral__8wekyb3d8bbwe\Windows\System32\zh-CN\KernelBase.dll.mui
  A78: File          C:\Users\22256\AppData\Local\Packages\Microsoft.MicrosoftEdge_8wekyb3d8bbwe\AC\MicrosoftEdge\User\Default\Recovery\Active\RecoveryStore.{5824A481-017A-40AB-A97B-5E6A374684CB}.dat
  A98: File          C:\Users\22256\AppData\Local\Packages\Microsoft.MicrosoftEdge_8wekyb3d8bbwe\AC\Temp\~DF039061F26B86E70B.TMP
  AA4: Section       \Sessions\1\AppContainerNamedObjects\S-1-15-2-3624051433-2125758914-1423191267-1740899205-1073925389-3782572162-737981194\27f4HWNDInterface:1034a
  AD8: Section       \BaseNamedObjects\F932B6C7-3A20-46A0-B8A0-8894AA421973
  AF4: Section       \Sessions\1\AppContainerNamedObjects\S-1-15-2-3624051433-2125758914-1423191267-1740899205-1073925389-3782572162-737981194\27f4HWNDInterface:1034a
  AF8: Section       \Sessions\1\AppContainerNamedObjects\S-1-15-2-3624051433-2125758914-1423191267-1740899205-1073925389-3782572162-737981194\27f4HWNDInterface:1034a
  BB4: Section       \Sessions\1\AppContainerNamedObjects\S-1-15-2-3624051433-2125758914-1423191267-1740899205-1073925389-3782572162-737981194\27f4HWNDInterface:1034a
  BC4: Section       \Sessions\1\AppContainerNamedObjects\S-1-15-2-3624051433-2125758914-1423191267-1740899205-1073925389-3782572162-737981194\27f4HWNDInterface:1034a
  BFC: Section       \Sessions\1\AppContainerNamedObjects\S-1-15-2-3624051433-2125758914-1423191267-1740899205-1073925389-3782572162-737981194\27f4HWNDInterface:1034a
  C38: Section       \Sessions\1\AppContainerNamedObjects\S-1-15-2-3624051433-2125758914-1423191267-1740899205-1073925389-3782572162-737981194\{00021402-0001-0000-8783-000000000000}
  C5C: Section       \Sessions\1\AppContainerNamedObjects\S-1-15-2-3624051433-2125758914-1423191267-1740899205-1073925389-3782572162-737981194\27f4HWNDInterface:1034a
  CA8: Section       \Sessions\1\AppContainerNamedObjects\S-1-15-2-3624051433-2125758914-1423191267-1740899205-1073925389-3782572162-737981194\27f4HWNDInterface:1034a
  DE0: File          C:\Windows\WinSxS\amd64_microsoft.windows.common-controls_6595b64144ccf1df_5.82.18362.778_none_2a29d4a64667eb69
------------------------------------------------------------------------------
ApplicationFrameHost.exe pid: 8888 DESKTOP-HM0IV1I\22256
   40: File          C:\Windows\System32
  14C: Section       \BaseNamedObjects\__ComCatalogCache__
  158: Section       \BaseNamedObjects\__ComCatalogCache__
  15C: File          C:\Windows\Registration\R000000000004.clb
  204: Section       \Windows\Theme114988444
  208: Section       \Sessions\1\Windows\Theme4228464951
  2C0: File          C:\Windows\apppatch\DirectXApps.sdb
  2C4: Section       \Sessions\1\BaseNamedObjects\windows_shell_global_counters
  3A4: Section       \Sessions\1\BaseNamedObjects\SessionImmersiveColorPreference
  3C0: File          C:\Program Files\WindowsApps\Microsoft.LanguageExperiencePackzh-CN_18362.24.72.0_neutral__8wekyb3d8bbwe\Windows\System32\zh-CN\KernelBase.dll.mui
  3FC: File          C:\Program Files\WindowsApps\Microsoft.LanguageExperiencePackzh-CN_18362.24.72.0_neutral__8wekyb3d8bbwe\Windows\System32\zh-CN\ApplicationFrame.dll.mui
  42C: Section       \Sessions\1\BaseNamedObjects\22b8HWNDInterface:10316
  430: Section       \Sessions\1\BaseNamedObjects\22b8HWNDInterface:10316
  438: Section       \Sessions\1\BaseNamedObjects\22b8HWNDInterface:10316
  5B8: File          C:\Windows\Fonts\StaticCache.dat
  610: Section       \Sessions\1\BaseNamedObjects\22b8HWNDInterface:10ac2
  658: Section       \Sessions\1\BaseNamedObjects\22b8HWNDInterface:d0054
  65C: Section       \Sessions\1\BaseNamedObjects\22b8HWNDInterface:d0054
  660: Section       \Sessions\1\BaseNamedObjects\22b8HWNDInterface:d0054
  698: Section       \Sessions\1\BaseNamedObjects\22b8HWNDInterface:10ac2
  7B4: Section       \Sessions\1\BaseNamedObjects\22b8HWNDInterface:10ac2
  8AC: File          C:\Windows\System32\WinMetadata\Windows.UI.winmd
  8C0: File          C:\Windows\System32\WinMetadata\Windows.Foundation.winmd
  8C8: File          C:\Program Files\WindowsApps\Microsoft.LanguageExperiencePackzh-CN_18362.24.72.0_neutral__8wekyb3d8bbwe\Windows\System32\zh-CN\combase.dll.mui
------------------------------------------------------------------------------
browser_broker.exe pid: 10288 DESKTOP-HM0IV1I\22256
   40: File          C:\Windows\System32
  198: Section       \BaseNamedObjects\__ComCatalogCache__
  1C0: Section       \BaseNamedObjects\__ComCatalogCache__
  1E4: File          C:\Windows\Registration\R000000000004.clb
------------------------------------------------------------------------------
dllhost.exe pid: 10480 DESKTOP-HM0IV1I\22256
   40: File          C:\Windows\System32
  118: Section       \BaseNamedObjects\__ComCatalogCache__
  124: Section       \BaseNamedObjects\__ComCatalogCache__
  128: File          C:\Windows\Registration\R000000000004.clb
  294: Section       \Sessions\1\BaseNamedObjects\windows_shell_global_counters
  2B4: File          C:\Users\22256\AppData\Local\Packages\Microsoft.MicrosoftEdge_8wekyb3d8bbwe\AppData\User\Default\CacheStorage\CacheStorage.jfm
  2E4: File          C:\Windows\System32\zh-CN\ESENT.dll.mui
  2F0: File          C:\Users\22256\AppData\Local\Microsoft\Internet Explorer\CacheStorage\edb.log
  328: File          C:\Users\22256\AppData\Local\Packages\Microsoft.MicrosoftEdge_8wekyb3d8bbwe\AppData\User\Default\CacheStorage\CacheStorage.edb
------------------------------------------------------------------------------
RuntimeBroker.exe pid: 10628 DESKTOP-HM0IV1I\22256
   48: File          C:\Windows\System32
  17C: Section       \BaseNamedObjects\__ComCatalogCache__
  224: Section       \BaseNamedObjects\__ComCatalogCache__
  228: File          C:\Windows\Registration\R000000000004.clb
------------------------------------------------------------------------------
MicrosoftEdgeSH.exe pid: 10776 DESKTOP-HM0IV1I\22256
   40: File          C:\Windows\SystemApps\Microsoft.MicrosoftEdge_8wekyb3d8bbwe
  1D8: Section       \...\ie_ias_000027F4-0000-0000-0000-000000000000
  2CC: Section       \BaseNamedObjects\__ComCatalogCache__
  3A8: Section       \...\IsoSpaceV2_ScopeTrusted
  3AC: Section       \...\IsoSpaceV2_ScopeLILNAC
  3B0: Section       \...\IsoSpaceV2_ScopeUntrusted
------------------------------------------------------------------------------
MicrosoftEdgeCP.exe pid: 10784 DESKTOP-HM0IV1I\22256
   40: File          C:\Windows\SystemApps\Microsoft.MicrosoftEdge_8wekyb3d8bbwe
  1E0: Section       \Sessions\1\AppContainerNamedObjects\S-1-15-2-3624051433-2125758914-1423191267-1740899205-1073925389-3782572162-737981194\{00021402-0001-0000-8783-000000000000}
  270: Section       \...\ie_ias_000027F4-0000-0000-0000-000000000000
  2E8: Section       \Sessions\1\AppContainerNamedObjects\S-1-15-2-3624051433-2125758914-1423191267-1740899205-1073925389-3782572162-737981194\{00021402-0001-0000-8783-000000000000}
  2FC: Section       \BaseNamedObjects\__ComCatalogCache__
  560: Section       \Sessions\1\AppContainerNamedObjects\S-1-15-2-3624051433-2125758914-1423191267-1740899205-1073925389-3782572162-737981194\4256926629-1688279915-2739229046-3928706915\ApplicationService:2a201d61c49399bfabe
  570: Section       \Sessions\1\BaseNamedObjects\windows_webcache_counters_{9B6AB5B3-91BC-4097-835C-EA2DEC95E9CC}_S-1-5-21-1198195036-2823278632-1195532929-1001
  574: Section       \Sessions\1\AppContainerNamedObjects\S-1-15-2-3624051433-2125758914-1423191267-1740899205-1073925389-3782572162-737981194\4256926629-1688279915-2739229046-3928706915\windows_webcache_counters_{00000000-5d8e-4eed-b3fa-e30684411323}
  5E4: Section       \...\IsoSpaceV2_ScopeTrusted
  5E8: Section       \...\IsoSpaceV2_ScopeLILNAC
  5EC: Section       \...\IsoSpaceV2_ScopeUntrusted
------------------------------------------------------------------------------
svchost.exe pid: 10892 \<unable to open process>
------------------------------------------------------------------------------
QQPCTray.exe pid: 11128 \<unable to open process>
------------------------------------------------------------------------------
SettingSyncHost.exe pid: 11148 DESKTOP-HM0IV1I\22256
   40: File          C:\Windows\System32
  1A4: Section       \BaseNamedObjects\__ComCatalogCache__
  244: Section       \BaseNamedObjects\__ComCatalogCache__
  250: File          C:\Windows\Registration\R000000000004.clb
  2FC: Section       \Windows\Theme114988444
  32C: Section       \Sessions\1\Windows\Theme4228464951
  33C: File          C:\Program Files\WindowsApps\Microsoft.LanguageExperiencePacken-US_18362.14.15.0_neutral__8wekyb3d8bbwe\Windows\System32\en-US\SettingSyncCore.dll.mui
  3B4: Section       \Sessions\1\BaseNamedObjects\windows_shell_global_counters
  3C8: Section       \Sessions\1\BaseNamedObjects\windows_webcache_counters_{9B6AB5B3-91BC-4097-835C-EA2DEC95E9CC}_S-1-5-21-1198195036-2823278632-1195532929-1001
  458: File          C:\Program Files\WindowsApps\Microsoft.LanguageExperiencePackzh-CN_18362.24.72.0_neutral__8wekyb3d8bbwe\Windows\System32\zh-CN\KernelBase.dll.mui
  5B8: File          C:\Windows\System32\zh-CN\ESENT.dll.mui
  634: Section       \BaseNamedObjects\windows_shell_global_counters
  6A0: Section       \BaseNamedObjects\F932B6C7-3A20-46A0-B8A0-8894AA421973
  74C: Section       \Sessions\1\BaseNamedObjects\UrlZonesSM_22256
  770: File          C:\Program Files\WindowsApps\Microsoft.LanguageExperiencePackzh-CN_18362.24.72.0_neutral__8wekyb3d8bbwe\Windows\System32\zh-CN\mswsock.dll.mui
  8A4: File          C:\Program Files\WindowsApps\Microsoft.LanguageExperiencePackzh-CN_18362.24.72.0_neutral__8wekyb3d8bbwe\Windows\System32\zh-CN\crypt32.dll.mui
  8D8: File          C:\Windows\WinSxS\amd64_microsoft.windows.common-controls_6595b64144ccf1df_6.0.18362.778_none_e6c6b761130d4fb8
  900: File          C:\Program Files\WindowsApps\Microsoft.LanguageExperiencePacken-US_18362.14.15.0_neutral__8wekyb3d8bbwe\Windows\System32\en-US\netmsg.dll.mui
  918: File          C:\Windows\System32\zh-CN\netmsg.dll.mui
  B0C: Section       \Sessions\1\BaseNamedObjects\C:*ProgramData*Microsoft*Windows*Caches*{DDF571F2-BE98-426D-8288-1A9A39C3FDA2}.2.ver0x0000000000000002.db
  C64: File          C:\Windows\WinSxS\amd64_microsoft.windows.common-controls_6595b64144ccf1df_6.0.18362.778_none_e6c6b761130d4fb8
  C7C: File          C:\Program Files\WindowsApps\Microsoft.LanguageExperiencePackzh-CN_18362.24.72.0_neutral__8wekyb3d8bbwe\Windows\System32\zh-CN\propsys.dll.mui
  D44: File          C:\Program Files\WindowsApps\Microsoft.LanguageExperiencePackzh-CN_18362.24.72.0_neutral__8wekyb3d8bbwe\Windows\System32\zh-CN\mpr.dll.mui
  D54: Section       \Sessions\1\BaseNamedObjects\C:*ProgramData*Microsoft*Windows*Caches*cversions.2.ro
  D7C: Section       \Sessions\1\BaseNamedObjects\C:*ProgramData*Microsoft*Windows*Caches*{6AF0698E-D558-4F6E-9B3C-3716689AF493}.2.ver0x0000000000000003.db
  D80: Section       \Sessions\1\BaseNamedObjects\C:*ProgramData*Microsoft*Windows*Caches*cversions.2.ro
  F6C: Section       \Sessions\1\BaseNamedObjects\C:*ProgramData*Microsoft*Windows*Caches*cversions.2.ro
------------------------------------------------------------------------------
LockApp.exe pid: 11212 DESKTOP-HM0IV1I\22256
   40: File          C:\Windows\SystemApps\Microsoft.LockApp_cw5n1h2txyewy
  140: Section       \BaseNamedObjects\__ComCatalogCache__
  3CC: Section       \Sessions\1\AppContainerNamedObjects\S-1-15-2-2758101530-1321080646-1475665648-4066602542-2880396197-3643791541-2654759312\SessionImmersiveColorPreference
  404: File          C:\Windows\apppatch\DirectXApps.sdb
  424: Section       \Sessions\1\AppContainerNamedObjects\S-1-15-2-2758101530-1321080646-1475665648-4066602542-2880396197-3643791541-2654759312\windows_shell_global_counters
  498: File          C:\Program Files\WindowsApps\Microsoft.LanguageExperiencePackzh-CN_18362.24.72.0_neutral__8wekyb3d8bbwe\Windows\System32\zh-CN\crypt32.dll.mui
  4C4: Section       \Sessions\1\AppContainerNamedObjects\S-1-15-2-2758101530-1321080646-1475665648-4066602542-2880396197-3643791541-2654759312\ApplicationService:2bcc1d61c493a4f1555
  4D0: Section       \Sessions\1\AppContainerNamedObjects\S-1-15-2-2758101530-1321080646-1475665648-4066602542-2880396197-3643791541-2654759312\2bccHWNDInterface:303e6
  500: File          C:\Windows\Fonts\segoeuil.ttf
  578: Section       \Sessions\1\AppContainerNamedObjects\S-1-15-2-2758101530-1321080646-1475665648-4066602542-2880396197-3643791541-2654759312\2bccHWNDInterface:303e6
  5D4: Section       \Sessions\1\AppContainerNamedObjects\S-1-15-2-2758101530-1321080646-1475665648-4066602542-2880396197-3643791541-2654759312\2bccHWNDInterface:303e6
  654: File          C:\Windows\Fonts\segoeui.ttf
  664: Section       \Sessions\1\AppContainerNamedObjects\S-1-15-2-2758101530-1321080646-1475665648-4066602542-2880396197-3643791541-2654759312\2bccHWNDInterface:303e6
  668: Section       \Sessions\1\AppContainerNamedObjects\S-1-15-2-2758101530-1321080646-1475665648-4066602542-2880396197-3643791541-2654759312\2bccHWNDInterface:303e6
  66C: Section       \Sessions\1\AppContainerNamedObjects\S-1-15-2-2758101530-1321080646-1475665648-4066602542-2880396197-3643791541-2654759312\2bccHWNDInterface:303e6
  688: File          C:\Users\22256\AppData\Local\Packages\Microsoft.LockApp_cw5n1h2txyewy\AC\Temp\NVIDIA Corporation\NV_Cache\be3404d2719b593dc6106b4b63914b98_fce8395c8fd8a998_ee48b965fb597a48_0_0.bin
  6E0: File          C:\Windows\Fonts\segoeuisl.ttf
  7C4: File          C:\Program Files\WindowsApps\Microsoft.LanguageExperiencePackzh-CN_18362.24.72.0_neutral__8wekyb3d8bbwe\Windows\System32\zh-CN\d2d1.dll.mui
  7C8: Section       \Sessions\1\AppContainerNamedObjects\S-1-15-2-2758101530-1321080646-1475665648-4066602542-2880396197-3643791541-2654759312\2bccHWNDInterface:303e6
  7D0: Section       \Sessions\1\AppContainerNamedObjects\S-1-15-2-2758101530-1321080646-1475665648-4066602542-2880396197-3643791541-2654759312\2bccHWNDInterface:303e6
  7EC: File          C:\Windows\Fonts\msyh.ttc
  818: Section       \Sessions\1\AppContainerNamedObjects\S-1-15-2-2758101530-1321080646-1475665648-4066602542-2880396197-3643791541-2654759312\2bccHWNDInterface:303e6
  8C8: File          C:\Users\22256\AppData\Local\Packages\Microsoft.LockApp_cw5n1h2txyewy\AC\Temp\NVIDIA Corporation\NV_Cache\be3404d2719b593dc6106b4b63914b98_fce8395c8fd8a998_ee48b965fb597a48_0_0.toc
  8FC: File          C:\Program Files\WindowsApps\Microsoft.LanguageExperiencePackzh-CN_18362.24.72.0_neutral__8wekyb3d8bbwe\Windows\System32\zh-CN\KernelBase.dll.mui
  9CC: Section       \Sessions\1\AppContainerNamedObjects\S-1-15-2-2758101530-1321080646-1475665648-4066602542-2880396197-3643791541-2654759312\2bccHWNDInterface:303e6
  ACC: File          C:\Program Files\WindowsApps\Microsoft.LanguageExperiencePackzh-CN_18362.24.72.0_neutral__8wekyb3d8bbwe\Windows\System32\zh-CN\windows.storage.dll.mui
------------------------------------------------------------------------------
RuntimeBroker.exe pid: 10456 DESKTOP-HM0IV1I\22256
   4C: File          C:\Windows\System32
  178: Section       \BaseNamedObjects\__ComCatalogCache__
  264: Section       \BaseNamedObjects\__ComCatalogCache__
  268: File          C:\Windows\Registration\R000000000004.clb
  2D0: Section       \Sessions\1\BaseNamedObjects\windows_shell_global_counters
  2F4: Section       \Sessions\1\BaseNamedObjects\C:*ProgramData*Microsoft*Windows*Caches*{6AF0698E-D558-4F6E-9B3C-3716689AF493}.2.ver0x0000000000000003.db
  2F8: Section       \Sessions\1\BaseNamedObjects\C:*ProgramData*Microsoft*Windows*Caches*cversions.2.ro
  34C: Section       \Sessions\1\BaseNamedObjects\C:*ProgramData*Microsoft*Windows*Caches*cversions.2.ro
  350: Section       \Sessions\1\BaseNamedObjects\C:*ProgramData*Microsoft*Windows*Caches*{DDF571F2-BE98-426D-8288-1A9A39C3FDA2}.2.ver0x0000000000000002.db
  39C: File          C:\Program Files\WindowsApps\Microsoft.LanguageExperiencePackzh-CN_18362.24.72.0_neutral__8wekyb3d8bbwe\Windows\System32\zh-CN\propsys.dll.mui
  3B0: Section       \BaseNamedObjects\windows_shell_global_counters
  440: File          C:\Windows\WinSxS\amd64_microsoft.windows.common-controls_6595b64144ccf1df_6.0.18362.778_none_e6c6b761130d4fb8
  458: File          C:\Program Files\WindowsApps\Microsoft.LanguageExperiencePackzh-CN_18362.24.72.0_neutral__8wekyb3d8bbwe\Windows\System32\zh-CN\mpr.dll.mui
  484: Section       \Sessions\1\BaseNamedObjects\C:*ProgramData*Microsoft*Windows*Caches*cversions.2.ro
  594: File          C:\Program Files\WindowsApps\Microsoft.LanguageExperiencePackzh-CN_18362.24.72.0_neutral__8wekyb3d8bbwe\Windows\System32\zh-CN\shell32.dll.mui
  5A4: Section       \Sessions\1\BaseNamedObjects\SessionImmersiveColorPreference
  668: Section       \Sessions\1\BaseNamedObjects\windows_webcache_counters_{9B6AB5B3-91BC-4097-835C-EA2DEC95E9CC}_S-1-5-21-1198195036-2823278632-1195532929-1001
  6D4: File          C:\Program Files\WindowsApps\Microsoft.LanguageExperiencePackzh-CN_18362.24.72.0_neutral__8wekyb3d8bbwe\Windows\System32\zh-CN\windows.storage.dll.mui
------------------------------------------------------------------------------
RuntimeBroker.exe pid: 11016 DESKTOP-HM0IV1I\22256
   48: File          C:\Windows\System32
  17C: Section       \BaseNamedObjects\__ComCatalogCache__
  298: Section       \BaseNamedObjects\__ComCatalogCache__
  29C: File          C:\Windows\Registration\R000000000004.clb
  2C4: Section       \Sessions\1\BaseNamedObjects\windows_shell_global_counters
  3CC: Section       \Windows\Theme114988444
  3D0: Section       \Sessions\1\Windows\Theme4228464951
  414: File          C:\Program Files\WindowsApps\Microsoft.LanguageExperiencePackzh-CN_18362.24.72.0_neutral__8wekyb3d8bbwe\Windows\System32\zh-CN\propsys.dll.mui
  56C: Section       \BaseNamedObjects\windows_shell_global_counters
  5A0: File          C:\Program Files\WindowsApps\Microsoft.LanguageExperiencePackzh-CN_18362.24.72.0_neutral__8wekyb3d8bbwe\Windows\System32\zh-CN\AuthExt.dll.mui
  5A4: File          C:\Windows\WinSxS\amd64_microsoft.windows.common-controls_6595b64144ccf1df_6.0.18362.778_none_e6c6b761130d4fb8
  5B8: File          C:\Windows\SystemResources\imageres.dll.mun
  610: File          C:\Windows\SystemResources\batmeter.dll.mun
  614: File          C:\Windows\WinSxS\amd64_microsoft.windows.common-controls_6595b64144ccf1df_6.0.18362.778_none_e6c6b761130d4fb8
  650: File          C:\Program Files\WindowsApps\Microsoft.LanguageExperiencePackzh-CN_18362.24.72.0_neutral__8wekyb3d8bbwe\Windows\System32\zh-CN\batmeter.dll.mui
  680: Section       \Sessions\1\BaseNamedObjects\C:*ProgramData*Microsoft*Windows*Caches*cversions.2.ro
  684: Section       \Sessions\1\BaseNamedObjects\C:*ProgramData*Microsoft*Windows*Caches*{6AF0698E-D558-4F6E-9B3C-3716689AF493}.2.ver0x0000000000000003.db
  688: Section       \Sessions\1\BaseNamedObjects\C:*ProgramData*Microsoft*Windows*Caches*cversions.2.ro
  68C: Section       \Sessions\1\BaseNamedObjects\C:*ProgramData*Microsoft*Windows*Caches*{DDF571F2-BE98-426D-8288-1A9A39C3FDA2}.2.ver0x0000000000000002.db
  690: Section       \Sessions\1\BaseNamedObjects\C:*ProgramData*Microsoft*Windows*Caches*cversions.2.ro
  6B8: File          C:\Program Files\WindowsApps\Microsoft.LanguageExperiencePackzh-CN_18362.24.72.0_neutral__8wekyb3d8bbwe\Windows\System32\zh-CN\combase.dll.mui
  6C4: File          C:\Program Files\WindowsApps\Microsoft.LanguageExperiencePackzh-CN_18362.24.72.0_neutral__8wekyb3d8bbwe\Windows\System32\zh-CN\KernelBase.dll.mui
  6DC: File          C:\Windows\WinSxS\amd64_microsoft.windows.common-controls_6595b64144ccf1df_6.0.18362.778_none_e6c6b761130d4fb8
  700: File          C:\Program Files\WindowsApps\Microsoft.LanguageExperiencePackzh-CN_18362.24.72.0_neutral__8wekyb3d8bbwe\Windows\System32\zh-CN\windows.storage.dll.mui
------------------------------------------------------------------------------
unsecapp.exe pid: 11644 \<unable to open process>
------------------------------------------------------------------------------
RuntimeBroker.exe pid: 9064 DESKTOP-HM0IV1I\22256
   48: File          C:\Windows\System32
  184: Section       \BaseNamedObjects\__ComCatalogCache__
  214: Section       \BaseNamedObjects\__ComCatalogCache__
  218: File          C:\Windows\Registration\R000000000004.clb
  2DC: Section       \Sessions\1\BaseNamedObjects\windows_shell_global_counters
  370: Section       \Sessions\1\BaseNamedObjects\C:*ProgramData*Microsoft*Windows*Caches*cversions.2.ro
  374: Section       \Sessions\1\BaseNamedObjects\C:*ProgramData*Microsoft*Windows*Caches*{DDF571F2-BE98-426D-8288-1A9A39C3FDA2}.2.ver0x0000000000000002.db
  380: Section       \Sessions\1\BaseNamedObjects\C:*ProgramData*Microsoft*Windows*Caches*cversions.2.ro
  384: Section       \Sessions\1\BaseNamedObjects\C:*ProgramData*Microsoft*Windows*Caches*{6AF0698E-D558-4F6E-9B3C-3716689AF493}.2.ver0x0000000000000003.db
  3DC: Section       \BaseNamedObjects\windows_shell_global_counters
  498: File          C:\Program Files\WindowsApps\Microsoft.LanguageExperiencePackzh-CN_18362.24.72.0_neutral__8wekyb3d8bbwe\Windows\System32\zh-CN\KernelBase.dll.mui
  4B8: Section       \Sessions\1\BaseNamedObjects\windows_webcache_counters_{9B6AB5B3-91BC-4097-835C-EA2DEC95E9CC}_S-1-5-21-1198195036-2823278632-1195532929-1001
  55C: Section       \BaseNamedObjects\F932B6C7-3A20-46A0-B8A0-8894AA421973
  648: File          C:\Program Files\WindowsApps\Microsoft.LanguageExperiencePackzh-CN_18362.24.72.0_neutral__8wekyb3d8bbwe\Windows\System32\zh-CN\mswsock.dll.mui
  660: Section       \Sessions\1\BaseNamedObjects\UrlZonesSM_22256
  6EC: File          C:\Program Files\WindowsApps\Microsoft.LanguageExperiencePackzh-CN_18362.24.72.0_neutral__8wekyb3d8bbwe\Windows\System32\zh-CN\crypt32.dll.mui
  7D0: File          C:\Program Files\WindowsApps\Microsoft.LanguageExperiencePackzh-CN_18362.24.72.0_neutral__8wekyb3d8bbwe\Windows\System32\zh-CN\winnlsres.dll.mui
------------------------------------------------------------------------------
dllhost.exe pid: 11492 DESKTOP-HM0IV1I\22256
   40: File          C:\Windows\System32
  120: Section       \BaseNamedObjects\__ComCatalogCache__
  12C: Section       \BaseNamedObjects\__ComCatalogCache__
  130: File          C:\Windows\Registration\R000000000004.clb
  2F8: Section       \Sessions\1\BaseNamedObjects\windows_shell_global_counters
  3CC: Section       \BaseNamedObjects\windows_shell_global_counters
------------------------------------------------------------------------------
SecurityHealthSystray.exe pid: 11712 DESKTOP-HM0IV1I\22256
   40: File          C:\Windows\System32
  154: Section       \BaseNamedObjects\__ComCatalogCache__
  160: Section       \BaseNamedObjects\__ComCatalogCache__
  164: File          C:\Windows\Registration\R000000000004.clb
  184: File          C:\Program Files\WindowsApps\Microsoft.LanguageExperiencePackzh-CN_18362.24.72.0_neutral__8wekyb3d8bbwe\Windows\System32\zh-CN\securityhealthsso.dll.mui
  20C: Section       \Sessions\1\BaseNamedObjects\windows_shell_global_counters
------------------------------------------------------------------------------
SecurityHealthService.exe pid: 872 \<unable to open process>
------------------------------------------------------------------------------
RAVCpl64.exe pid: 12064 DESKTOP-HM0IV1I\22256
   40: File          C:\Windows\System32
   70: File          C:\Windows\WinSxS\amd64_microsoft.windows.gdiplus_6595b64144ccf1df_1.1.18362.778_none_17b1aa466d9fc986
   88: File          C:\Windows\WinSxS\amd64_microsoft.windows.common-controls_6595b64144ccf1df_6.0.18362.778_none_e6c6b761130d4fb8
  36C: File          C:\Windows\WinSxS\amd64_microsoft.windows.common-controls_6595b64144ccf1df_6.0.18362.778_none_e6c6b761130d4fb8
  4B0: Section       \BaseNamedObjects\__ComCatalogCache__
  4BC: Section       \BaseNamedObjects\__ComCatalogCache__
  4C0: File          C:\Windows\Registration\R000000000004.clb
  520: File          C:\Program Files\WindowsApps\Microsoft.LanguageExperiencePackzh-CN_18362.24.72.0_neutral__8wekyb3d8bbwe\Windows\System32\zh-CN\MMDevAPI.dll.mui
  56C: Section       \Sessions\1\BaseNamedObjects\windows_shell_global_counters
  570: Section       \Windows\Theme114988444
  584: Section       \Sessions\1\Windows\Theme4228464951
------------------------------------------------------------------------------
svchost.exe pid: 12468 \<unable to open process>
------------------------------------------------------------------------------
RAVBg64.exe pid: 12572 DESKTOP-HM0IV1I\22256
   40: File          C:\Windows\System32
   70: File          C:\Windows\WinSxS\amd64_microsoft.windows.gdiplus_6595b64144ccf1df_1.1.18362.778_none_17b1aa466d9fc986
   7C: File          C:\Windows\WinSxS\amd64_microsoft.windows.common-controls_6595b64144ccf1df_6.0.18362.778_none_e6c6b761130d4fb8
  3A0: Section       \BaseNamedObjects\__ComCatalogCache__
  3AC: Section       \BaseNamedObjects\__ComCatalogCache__
  3B0: File          C:\Windows\Registration\R000000000004.clb
  3F4: File          C:\Program Files\WindowsApps\Microsoft.LanguageExperiencePackzh-CN_18362.24.72.0_neutral__8wekyb3d8bbwe\Windows\System32\zh-CN\MMDevAPI.dll.mui
  480: Section       \Windows\Theme114988444
  484: Section       \Sessions\1\Windows\Theme4228464951
------------------------------------------------------------------------------
RAVBg64.exe pid: 12624 DESKTOP-HM0IV1I\22256
   40: File          C:\Windows\System32
   70: File          C:\Windows\WinSxS\amd64_microsoft.windows.gdiplus_6595b64144ccf1df_1.1.18362.778_none_17b1aa466d9fc986
   74: File          C:\Windows\WinSxS\amd64_microsoft.windows.common-controls_6595b64144ccf1df_6.0.18362.778_none_e6c6b761130d4fb8
  3A0: Section       \BaseNamedObjects\__ComCatalogCache__
  3AC: Section       \BaseNamedObjects\__ComCatalogCache__
  3B0: File          C:\Windows\Registration\R000000000004.clb
  3F4: File          C:\Program Files\WindowsApps\Microsoft.LanguageExperiencePackzh-CN_18362.24.72.0_neutral__8wekyb3d8bbwe\Windows\System32\zh-CN\MMDevAPI.dll.mui
  484: Section       \Windows\Theme114988444
  488: Section       \Sessions\1\Windows\Theme4228464951
------------------------------------------------------------------------------
LenovoNerveCenterTray.exe pid: 12696 DESKTOP-HM0IV1I\22256
   40: File          C:\Windows\System32
  2B0: Section       \Sessions\1\BaseNamedObjects\windows_shell_global_counters
  2DC: File          C:\Windows\WinSxS\amd64_microsoft.windows.gdiplus_6595b64144ccf1df_1.1.18362.778_none_17b1aa466d9fc986
  2E0: File          C:\Windows\WinSxS\amd64_microsoft.windows.common-controls_6595b64144ccf1df_6.0.18362.778_none_e6c6b761130d4fb8
  320: Section       \BaseNamedObjects\__ComCatalogCache__
  334: Section       \BaseNamedObjects\__ComCatalogCache__
  338: File          C:\Windows\Registration\R000000000004.clb
  438: File          C:\Users\22256\AppData\Local\Lenovo\NerveCenter\bigdata\26QE5NO53ME5_3783A4429A188A4DBDF5EEA11E7C1B1F.db-shm
  4B8: File          C:\Users\22256\AppData\Local\Lenovo\NerveCenter\bigdata\26QE5NO53ME5_3783A4429A188A4DBDF5EEA11E7C1B1F.db-wal
  4D8: Section       \Sessions\1\BaseNamedObjects\C:*ProgramData*Microsoft*Windows*Caches*cversions.2.ro
  4E4: Section       \Sessions\1\BaseNamedObjects\C:*ProgramData*Microsoft*Windows*Caches*{6AF0698E-D558-4F6E-9B3C-3716689AF493}.2.ver0x0000000000000003.db
  4E8: Section       \Sessions\1\BaseNamedObjects\C:*ProgramData*Microsoft*Windows*Caches*cversions.2.ro
  4FC: Section       \Sessions\1\BaseNamedObjects\C:*ProgramData*Microsoft*Windows*Caches*{DDF571F2-BE98-426D-8288-1A9A39C3FDA2}.2.ver0x0000000000000002.db
  504: File          C:\Program Files\WindowsApps\Microsoft.LanguageExperiencePackzh-CN_18362.24.72.0_neutral__8wekyb3d8bbwe\Windows\System32\zh-CN\propsys.dll.mui
  51C: Section       \BaseNamedObjects\windows_shell_global_counters
  5F4: File          C:\Users\22256\AppData\Local\Lenovo\NerveCenter\bigdata\26QE5NO53ME5_3783A4429A188A4DBDF5EEA11E7C1B1F.db
  648: Section       \Sessions\1\BaseNamedObjects\UrlZonesSM_22256
  774: File          C:\Program Files\WindowsApps\Microsoft.LanguageExperiencePackzh-CN_18362.24.72.0_neutral__8wekyb3d8bbwe\Windows\System32\zh-CN\winnlsres.dll.mui
  7CC: File          C:\Program Files\WindowsApps\Microsoft.LanguageExperiencePackzh-CN_18362.24.72.0_neutral__8wekyb3d8bbwe\Windows\System32\zh-CN\mswsock.dll.mui
------------------------------------------------------------------------------
OneDrive.exe pid: 12836 DESKTOP-HM0IV1I\22256
   40: File          C:\Windows
   84: File          C:\Windows\SysWOW64
   B4: File          C:\Users\22256\AppData\Local\Temp\aria-debug-12836.log
  218: Section       \Sessions\1\BaseNamedObjects\windows_shell_global_counters
  264: File          C:\Users\22256\AppData\Local\Microsoft\OneDrive\logs\Personal\SyncEngine-2020-04-27.0406.12836.1.aodl
  268: File          C:\Users\22256\AppData\Local\Temp\aria-debug-12836.log
  29C: File          C:\Windows\WinSxS\x86_microsoft.windows.gdiplus_6595b64144ccf1df_1.1.18362.778_none_5f5ee11d821bf28c
  2A4: File          C:\Windows\WinSxS\x86_microsoft.windows.common-controls_6595b64144ccf1df_6.0.18362.778_none_2e73ee38278978be
  3D0: Section       \Windows\Theme114988444
  3F4: Section       \Sessions\1\Windows\Theme4228464951
  420: File          C:\Users\22256\AppData\Local\Microsoft\OneDrive\logs\Personal\TraceCurrent.1124.0012.etl
  430: Section       \BaseNamedObjects\__ComCatalogCache__
  440: Section       \BaseNamedObjects\__ComCatalogCache__
  444: File          C:\Windows\Registration\R000000000004.clb
  45C: File          C:\Users\22256\AppData\Local\Microsoft\OneDrive\19.232.1124.0012\zh-CN\FileSync.LocalizedResources.dll.mui
  4A8: File          C:\Program Files\WindowsApps\Microsoft.LanguageExperiencePackzh-CN_18362.24.72.0_neutral__8wekyb3d8bbwe\Windows\System32\zh-CN\KernelBase.dll.mui
  4DC: File          C:\Users\22256\AppData\Local\Microsoft\OneDrive\setup\logs\Downloader_2020-04-27_040642_12836-12840.log
  4E8: File          \FileSystem\Filters\FltMgrMsg
  5BC: File          C:\Users\22256\AppData\Local\Microsoft\OneDrive\19.232.1124.0012\zh-CN\FileSync.LocalizedResources.dll.mui
  648: Section       \Sessions\1\BaseNamedObjects\windows_webcache_counters_{9B6AB5B3-91BC-4097-835C-EA2DEC95E9CC}_S-1-5-21-1198195036-2823278632-1195532929-1001
  6C4: Section       \BaseNamedObjects\F932B6C7-3A20-46A0-B8A0-8894AA421973
  6DC: Section       \Sessions\1\BaseNamedObjects\UrlZonesSM_22256
  794: Section       \BaseNamedObjects\windows_shell_global_counters
  81C: File          C:\Program Files\WindowsApps\Microsoft.LanguageExperiencePackzh-CN_18362.24.72.0_neutral__8wekyb3d8bbwe\Windows\System32\zh-CN\MFC42.dll.mui
  8E4: Section       \Sessions\1\BaseNamedObjects\C:*ProgramData*Microsoft*Windows*Caches*cversions.2.ro
  8E8: Section       \Sessions\1\BaseNamedObjects\C:*ProgramData*Microsoft*Windows*Caches*{6AF0698E-D558-4F6E-9B3C-3716689AF493}.2.ver0x0000000000000003.db
  8EC: Section       \Sessions\1\BaseNamedObjects\C:*ProgramData*Microsoft*Windows*Caches*cversions.2.ro
  8F0: Section       \Sessions\1\BaseNamedObjects\C:*ProgramData*Microsoft*Windows*Caches*{DDF571F2-BE98-426D-8288-1A9A39C3FDA2}.2.ver0x0000000000000002.db
  910: File          C:\Program Files\WindowsApps\Microsoft.LanguageExperiencePackzh-CN_18362.24.72.0_neutral__8wekyb3d8bbwe\Windows\System32\zh-CN\windows.storage.dll.mui
  938: File          C:\Windows\WinSxS\x86_microsoft.windows.common-controls_6595b64144ccf1df_6.0.18362.778_none_2e73ee38278978be
  970: File          C:\Program Files\WindowsApps\Microsoft.LanguageExperiencePackzh-CN_18362.24.72.0_neutral__8wekyb3d8bbwe\Windows\System32\zh-CN\propsys.dll.mui
  ADC: File          C:\Program Files\WindowsApps\Microsoft.LanguageExperiencePackzh-CN_18362.24.72.0_neutral__8wekyb3d8bbwe\Windows\System32\zh-CN\crypt32.dll.mui
  B3C: File          C:\Program Files\WindowsApps\Microsoft.LanguageExperiencePackzh-CN_18362.24.72.0_neutral__8wekyb3d8bbwe\Windows\System32\zh-CN\mswsock.dll.mui
------------------------------------------------------------------------------
HotkeyMonitor.exe pid: 13132 \<unable to open process>
------------------------------------------------------------------------------
svchost.exe pid: 12556 \<unable to open process>
------------------------------------------------------------------------------
YourPhone.exe pid: 12896 DESKTOP-HM0IV1I\22256
   40: File          C:\Program Files\WindowsApps\Microsoft.YourPhone_1.20032.111.0_x64__8wekyb3d8bbwe
  164: Section       \BaseNamedObjects\__ComCatalogCache__
  3F4: Section       \Sessions\1\AppContainerNamedObjects\S-1-15-2-1726375552-1729233799-74693324-3851689839-2151781990-3623637752-3611872497\SessionImmersiveColorPreference
  414: File          C:\Windows\apppatch\DirectXApps.sdb
  424: Section       \Sessions\1\AppContainerNamedObjects\S-1-15-2-1726375552-1729233799-74693324-3851689839-2151781990-3623637752-3611872497\windows_shell_global_counters
  4F4: File          C:\Program Files\WindowsApps\Microsoft.LanguageExperiencePackzh-CN_18362.24.72.0_neutral__8wekyb3d8bbwe\Windows\System32\zh-CN\crypt32.dll.mui
  5E4: File          C:\Users\22256\AppData\Local\Packages\Microsoft.YourPhone_8wekyb3d8bbwe\AC\Temp\NVIDIA Corporation\NV_Cache\be3404d2719b593dc6106b4b63914b98_fce8395c8fd8a998_377f220ab15a6e55_0_0.toc
  620: File          C:\Users\22256\AppData\Local\Packages\Microsoft.YourPhone_8wekyb3d8bbwe\AC\Temp\NVIDIA Corporation\NV_Cache\be3404d2719b593dc6106b4b63914b98_fce8395c8fd8a998_377f220ab15a6e55_0_0.bin
  640: File          C:\Windows\Fonts\segoeui.ttf
  660: Section       \Sessions\1\AppContainerNamedObjects\S-1-15-2-1726375552-1729233799-74693324-3851689839-2151781990-3623637752-3611872497\ApplicationService:32601d61c49443f94be
  734: File          C:\Program Files\WindowsApps\Microsoft.LanguageExperiencePackzh-CN_18362.24.72.0_neutral__8wekyb3d8bbwe\Windows\System32\zh-CN\Windows.Web.dll.mui
  738: File          C:\Program Files\WindowsApps\Microsoft.LanguageExperiencePackzh-CN_18362.24.72.0_neutral__8wekyb3d8bbwe\Windows\System32\zh-CN\KernelBase.dll.mui
  770: File          C:\Windows\System32\WinMetadata\Windows.System.winmd
  7B8: File          C:\Program Files\WindowsApps\Microsoft.LanguageExperiencePackzh-CN_18362.24.72.0_neutral__8wekyb3d8bbwe\Windows\System32\zh-CN\cdprt.dll.mui
  7E0: Section       \Sessions\1\AppContainerNamedObjects\S-1-15-2-1726375552-1729233799-74693324-3851689839-2151781990-3623637752-3611872497\windows_webcache_counters_{00000000-5d8e-4eed-b3fa-e30684411323}
  7E4: Section       \Sessions\1\BaseNamedObjects\windows_webcache_counters_{9B6AB5B3-91BC-4097-835C-EA2DEC95E9CC}_S-1-5-21-1198195036-2823278632-1195532929-1001
  7F4: File          C:\Program Files\WindowsApps\Microsoft.LanguageExperiencePackzh-CN_18362.24.72.0_neutral__8wekyb3d8bbwe\Windows\System32\zh-CN\windows.storage.dll.mui
  8A8: Section       \BaseNamedObjects\F932B6C7-3A20-46A0-B8A0-8894AA421973
  960: Section       \Sessions\1\AppContainerNamedObjects\S-1-15-2-1726375552-1729233799-74693324-3851689839-2151781990-3623637752-3611872497\UrlZonesSM_22256
------------------------------------------------------------------------------
svchost.exe pid: 12820 \<unable to open process>
------------------------------------------------------------------------------
SkypeApp.exe pid: 1472 DESKTOP-HM0IV1I\22256
   40: File          C:\Program Files\WindowsApps\Microsoft.SkypeApp_14.56.102.0_x64__kzf8qxf38zg5c
  13C: Section       \BaseNamedObjects\__ComCatalogCache__
  328: Section       \Sessions\1\AppContainerNamedObjects\S-1-15-2-2246530975-808720366-1776470054-230329187-4153223113-3550430174-4193313734\ApplicationService:5c01d61c49444f43c7
  494: Section       \Sessions\1\AppContainerNamedObjects\S-1-15-2-2246530975-808720366-1776470054-230329187-4153223113-3550430174-4193313734\SessionImmersiveColorPreference
  4A0: File          C:\Windows\apppatch\DirectXApps.sdb
  4BC: Section       \Sessions\1\AppContainerNamedObjects\S-1-15-2-2246530975-808720366-1776470054-230329187-4153223113-3550430174-4193313734\windows_shell_global_counters
  54C: File          C:\Program Files\WindowsApps\Microsoft.LanguageExperiencePackzh-CN_18362.24.72.0_neutral__8wekyb3d8bbwe\Windows\System32\zh-CN\windows.storage.dll.mui
  5CC: File          C:\Windows\Fonts\segoeui.ttf
  5D0: File          C:\Windows\System32\WinMetadata\Windows.System.winmd
  614: File          C:\Program Files\WindowsApps\Microsoft.LanguageExperiencePackzh-CN_18362.24.72.0_neutral__8wekyb3d8bbwe\Windows\System32\zh-CN\KernelBase.dll.mui
  650: File          C:\Windows\System32\WinMetadata\Windows.UI.Xaml.winmd
  674: File          C:\Users\22256\AppData\Local\Packages\Microsoft.SkypeApp_kzf8qxf38zg5c\LocalState\DiagOutputDir\SkypeApp1.txt
  6E8: File          C:\Program Files\WindowsApps\Microsoft.LanguageExperiencePackzh-CN_18362.24.72.0_neutral__8wekyb3d8bbwe\Windows\System32\zh-CN\twinapi.appcore.dll.mui
  6F0: File          C:\Windows\System32\WinMetadata\Windows.UI.winmd
  724: Section       \Sessions\1\AppContainerNamedObjects\S-1-15-2-2246530975-808720366-1776470054-230329187-4153223113-3550430174-4193313734\ReactNativeMapping
  76C: File          C:\Users\22256\AppData\Local\Packages\Microsoft.SkypeApp_kzf8qxf38zg5c\LocalState\ReactNativeBundle.bin
  810: File          C:\Program Files\WindowsApps\Microsoft.LanguageExperiencePackzh-CN_18362.24.72.0_neutral__8wekyb3d8bbwe\Windows\System32\zh-CN\wininet.dll.mui
  8A4: Section       \Sessions\1\BaseNamedObjects\windows_webcache_counters_{9B6AB5B3-91BC-4097-835C-EA2DEC95E9CC}_S-1-5-21-1198195036-2823278632-1195532929-1001
  8A8: Section       \Sessions\1\AppContainerNamedObjects\S-1-15-2-2246530975-808720366-1776470054-230329187-4153223113-3550430174-4193313734\windows_webcache_counters_{00000000-5d8e-4eed-b3fa-e30684411323}
  8F8: Section       \Sessions\1\AppContainerNamedObjects\S-1-15-2-2246530975-808720366-1776470054-230329187-4153223113-3550430174-4193313734\UrlZonesSM_22256
  988: Section       \BaseNamedObjects\F932B6C7-3A20-46A0-B8A0-8894AA421973
  9B8: File          C:\Program Files\WindowsApps\Microsoft.LanguageExperiencePacken-US_18362.14.15.0_neutral__8wekyb3d8bbwe\Windows\System32\en-US\Windows.Graphics.dll.mui
  9EC: File          C:\Windows\SystemResources\Chakra.dll.mun
  A3C: File          C:\Windows\System32\WinMetadata\Windows.Web.winmd
  B30: File          C:\Program Files\WindowsApps\Microsoft.LanguageExperiencePackzh-CN_18362.24.72.0_neutral__8wekyb3d8bbwe\Windows\System32\zh-CN\dnsapi.dll.mui
  B34: File          C:\Program Files\WindowsApps\Microsoft.LanguageExperiencePackzh-CN_18362.24.72.0_neutral__8wekyb3d8bbwe\Windows\System32\zh-CN\crypt32.dll.mui
  CD4: File          C:\Windows\System32\zh-CN\netmsg.dll.mui
  CD8: File          C:\Program Files\WindowsApps\Microsoft.LanguageExperiencePacken-US_18362.14.15.0_neutral__8wekyb3d8bbwe\Windows\System32\en-US\netmsg.dll.mui
------------------------------------------------------------------------------
RuntimeBroker.exe pid: 9392 DESKTOP-HM0IV1I\22256
   48: File          C:\Windows\System32
  180: Section       \BaseNamedObjects\__ComCatalogCache__
  248: Section       \BaseNamedObjects\__ComCatalogCache__
  24C: File          C:\Windows\Registration\R000000000004.clb
  288: Section       \Sessions\1\BaseNamedObjects\windows_shell_global_counters
  2E4: Section       \BaseNamedObjects\windows_shell_global_counters
  30C: Section       \Sessions\1\BaseNamedObjects\C:*ProgramData*Microsoft*Windows*Caches*cversions.2.ro
  310: Section       \Sessions\1\BaseNamedObjects\C:*ProgramData*Microsoft*Windows*Caches*{6AF0698E-D558-4F6E-9B3C-3716689AF493}.2.ver0x0000000000000003.db
  314: Section       \Sessions\1\BaseNamedObjects\C:*ProgramData*Microsoft*Windows*Caches*cversions.2.ro
  318: Section       \Sessions\1\BaseNamedObjects\C:*ProgramData*Microsoft*Windows*Caches*{DDF571F2-BE98-426D-8288-1A9A39C3FDA2}.2.ver0x0000000000000002.db
  31C: File          C:\Program Files\WindowsApps\Microsoft.LanguageExperiencePackzh-CN_18362.24.72.0_neutral__8wekyb3d8bbwe\Windows\System32\zh-CN\propsys.dll.mui
------------------------------------------------------------------------------
QQMusic.exe pid: 8360 DESKTOP-HM0IV1I\22256
   40: File          C:\Windows
   84: File          C:\Windows\SysWOW64
  220: File          C:\Windows\WinSxS\x86_microsoft.windows.gdiplus_6595b64144ccf1df_1.1.18362.778_none_5f5ee11d821bf28c
  284: Section       \Sessions\1\BaseNamedObjects\windows_shell_global_counters
  29C: File          C:\Windows\WinSxS\x86_microsoft.windows.common-controls_6595b64144ccf1df_6.0.18362.778_none_2e73ee38278978be
  2A4: File          C:\Windows\WinSxS\x86_microsoft.windows.common-controls_6595b64144ccf1df_6.0.18362.778_none_2e73ee38278978be
  2CC: File          C:\Program Files\WindowsApps\Microsoft.LanguageExperiencePackzh-CN_18362.24.72.0_neutral__8wekyb3d8bbwe\Windows\System32\zh-CN\avicap32.dll.mui
  2D0: File          C:\Program Files\WindowsApps\Microsoft.LanguageExperiencePackzh-CN_18362.24.72.0_neutral__8wekyb3d8bbwe\Windows\System32\zh-CN\msvfw32.dll.mui
  350: File          D:\QQMusicCache\Log\QQMusic\QQMusic(1752.5285)20200427120700.logK
  354: File          C:\Windows\WinSxS\x86_microsoft.windows.common-controls_6595b64144ccf1df_6.0.18362.778_none_2e73ee38278978be
  384: File          C:\Users\22256\AppData\Roaming\Tencent\QQMusic\qmlist64.db
  38C: Section       \Sessions\1\BaseNamedObjects\QQMusic8360_MemoryLog
  390: Section       \Sessions\1\BaseNamedObjects\QQMusic8360_MemoryLogEnc
  3D4: File          D:\game\itself\QQ music\QQMusic\Resource.rdb
  3F8: Section       \BaseNamedObjects\__ComCatalogCache__
  410: Section       \BaseNamedObjects\__ComCatalogCache__
  414: File          C:\Windows\Registration\R000000000004.clb
  4C8: Section       \Sessions\1\BaseNamedObjects\20a8HWNDInterface:2040c
  4CC: Section       \Sessions\1\BaseNamedObjects\20a8HWNDInterface:2040c
  4EC: File          C:\Windows\apppatch\DirectXApps.sdb
  56C: File          C:\Program Files\WindowsApps\Microsoft.LanguageExperiencePackzh-CN_18362.24.72.0_neutral__8wekyb3d8bbwe\Windows\System32\zh-CN\crypt32.dll.mui
  5CC: File          C:\Windows\Fonts\msyh.ttc
  5DC: Section       \Sessions\1\BaseNamedObjects\20a8HWNDInterface:105fe
  5E0: Section       \Sessions\1\BaseNamedObjects\20a8HWNDInterface:105fe
  5E4: File          D:\QQMusicCache\Temp\QMFileCache.db
  65C: File          C:\Program Files\WindowsApps\Microsoft.LanguageExperiencePackzh-CN_18362.24.72.0_neutral__8wekyb3d8bbwe\Windows\System32\zh-CN\MFC42.dll.mui
  700: Section       \Sessions\1\BaseNamedObjects\20a8HWNDInterface:10608
  708: Section       \Windows\Theme114988444
  70C: Section       \Sessions\1\Windows\Theme4228464951
  728: Section       \Sessions\1\BaseNamedObjects\20a8HWNDInterface:10608
  730: Section       \Sessions\1\BaseNamedObjects\20a8HWNDInterface:10604
  734: Section       \Sessions\1\BaseNamedObjects\20a8HWNDInterface:10604
  7A4: Section       \Sessions\1\BaseNamedObjects\20a8HWNDInterface:10610
  7A8: Section       \Sessions\1\BaseNamedObjects\20a8HWNDInterface:10610
  954: Section       \Sessions\1\BaseNamedObjects\QBCORE_FileMapping_IPC_CreateData_8360_7
  9E0: File          C:\Program Files\WindowsApps\Microsoft.LanguageExperiencePackzh-CN_18362.24.72.0_neutral__8wekyb3d8bbwe\Windows\System32\zh-CN\mswsock.dll.mui
  A3C: Section       \Sessions\1\BaseNamedObjects\TX_SSO_SHARE_INFO_SIZE
  A40: Section       \Sessions\1\BaseNamedObjects\TX_SSO_SHARE_INFO_0
  A50: Section       \Sessions\1\BaseNamedObjects\windows_webcache_counters_{9B6AB5B3-91BC-4097-835C-EA2DEC95E9CC}_S-1-5-21-1198195036-2823278632-1195532929-1001
  B04: Section       \BaseNamedObjects\F932B6C7-3A20-46A0-B8A0-8894AA421973
  BA8: Section       \Sessions\1\BaseNamedObjects\UrlZonesSM_22256
  D14: File          D:\QQMusicCache\QQMusicPicture\HQ.png
  D18: File          D:\QQMusicCache\QQMusicPicture\SQ.png
  D90: File          C:\Users\22256\AppData\Roaming\Tencent\QQMusic\qmlist64.db-journal
  E94: File          C:\Users\22256\AppData\Roaming\WNS\201915\data\user.data
  ECC: File          C:\Users\22256\AppData\Roaming\WNS\201915\log\2020-04-28\10.log
  F5C: Section       \Sessions\1\BaseNamedObjects\20a8HWNDInterface:39095a
  FC0: Section       \Sessions\1\BaseNamedObjects\20a8HWNDInterface:39095a
------------------------------------------------------------------------------
qmbrowser.exe pid: 10328 DESKTOP-HM0IV1I\22256
   44: File          C:\Windows
   88: File          C:\Windows\SysWOW64
   B4: File          C:\Windows\WinSxS\x86_microsoft.windows.gdiplus_6595b64144ccf1df_1.1.18362.778_none_5f5ee11d821bf28c
   D0: File          C:\Windows\WinSxS\x86_microsoft.windows.common-controls_6595b64144ccf1df_6.0.18362.778_none_2e73ee38278978be
   E0: File          C:\Windows\WinSxS\x86_microsoft.windows.common-controls_6595b64144ccf1df_6.0.18362.778_none_2e73ee38278978be
  2C0: File          C:\Windows\WinSxS\x86_microsoft.windows.common-controls_6595b64144ccf1df_6.0.18362.778_none_2e73ee38278978be
  300: Section       \Sessions\1\BaseNamedObjects\windows_shell_global_counters
  350: File          D:\QQMusicCache\Log\QQMusic\QQMusic(1752.5285)20200427120700.logK
  360: File          D:\game\itself\QQ music\QQMusic\qmbrowser\icudtl.dat
  368: File          D:\game\itself\QQ music\QQMusic\qmbrowser\snapshot_blob.bin
  370: File          D:\game\itself\QQ music\QQMusic\qmbrowser\natives_blob.bin
  380: File          D:\game\itself\QQ music\QQMusic\qmbrowser\qb.pak
  384: File          D:\game\itself\QQ music\QQMusic\qmbrowser\locales\zh-CN.pak
  38C: File          D:\game\itself\QQ music\QQMusic\qmbrowser\qb_100_percent.pak
  394: File          D:\game\itself\QQ music\QQMusic\qmbrowser\qb_200_percent.pak
  434: Section       \Sessions\1\BaseNamedObjects\windows_webcache_counters_{9B6AB5B3-91BC-4097-835C-EA2DEC95E9CC}_S-1-5-21-1198195036-2823278632-1195532929-1001
  4C4: File          C:\Windows\System32\drivers\etc
  50C: Section       \Sessions\1\Windows\Theme4228464951
  560: Section       \BaseNamedObjects\F932B6C7-3A20-46A0-B8A0-8894AA421973
  58C: Section       \Windows\Theme114988444
  6D4: Section       \Sessions\1\BaseNamedObjects\UrlZonesSM_22256
  6F8: Section       \BaseNamedObjects\__ComCatalogCache__
  708: Section       \BaseNamedObjects\__ComCatalogCache__
  70C: File          C:\Windows\Registration\R000000000004.clb
  7C0: File          C:\Program Files\WindowsApps\Microsoft.LanguageExperiencePackzh-CN_18362.24.72.0_neutral__8wekyb3d8bbwe\Windows\System32\zh-CN\MFC42.dll.mui
  7FC: File          C:\Program Files\WindowsApps\Microsoft.LanguageExperiencePackzh-CN_18362.24.72.0_neutral__8wekyb3d8bbwe\Windows\System32\zh-CN\mswsock.dll.mui
  904: File          C:\Program Files\WindowsApps\Microsoft.LanguageExperiencePackzh-CN_18362.24.72.0_neutral__8wekyb3d8bbwe\Windows\System32\zh-CN\crypt32.dll.mui
  968: Section       \Sessions\1\BaseNamedObjects\2858HWNDInterface:10670
  96C: Section       \Sessions\1\BaseNamedObjects\2858HWNDInterface:10670
  9BC: File          D:\QQMusicCache\WebkitCache\5035\Visited Links
  9C4: Section       \Sessions\1\BaseNamedObjects\CrSharedMem_9671c899079c6f6ea3e8caf9355c352bfdbb53764d414ac2ecd4a9b551dbe28d
  9D4: File          D:\QQMusicCache\WebkitCache\5035\Cache\index
  9E0: File          D:\QQMusicCache\WebkitCache\5035\Cache\index
  9F0: File          D:\QQMusicCache\WebkitCache\5035\Cache\data_0
  A0C: File          D:\QQMusicCache\WebkitCache\5035\Cookies
  A34: Section       \Sessions\1\BaseNamedObjects\CrSharedMem_9671c899079c6f6ea3e8caf9355c352bfdbb53764d414ac2ecd4a9b551dbe28d
  BB8: File          D:\QQMusicCache\WebkitCache\5035\Service Worker\Database\LOCK
  BBC: File          D:\QQMusicCache\WebkitCache\5035\Service Worker\Database\LOG
  BC0: File          D:\QQMusicCache\WebkitCache\5035\Service Worker\Database\MANIFEST-000001
  BC8: File          D:\QQMusicCache\WebkitCache\5035\Service Worker\Database\000003.log
  C04: File          D:\QQMusicCache\WebkitCache\5035\Cache\data_0
  C0C: File          D:\QQMusicCache\WebkitCache\5035\Cache\data_1
  C10: File          D:\QQMusicCache\WebkitCache\5035\Cache\data_1
  C18: File          D:\QQMusicCache\WebkitCache\5035\Cache\data_2
  C1C: File          D:\QQMusicCache\WebkitCache\5035\Cache\data_2
  C24: File          D:\QQMusicCache\WebkitCache\5035\Cache\data_3
  C28: File          D:\QQMusicCache\WebkitCache\5035\Cache\data_3
  DF4: File          D:\QQMusicCache\WebkitCache\5035\QuotaManager
  E30: File          D:\QQMusicCache\WebkitCache\5035\databases\Databases.db
  E40: File          D:\QQMusicCache\WebkitCache\5035\QuotaManager-journal
  E44: Section       \Sessions\1\BaseNamedObjects\CrSharedMem_d4b11438f243806d5ab75d3e2272ac256687c833a22cbe050208afba6face70c
  E50: Section       \Sessions\1\BaseNamedObjects\CrSharedMem_3717bbd01f48b4e25205298b584c0cc00ab74594e63fa2d489a0501e8c287c32
  EF0: Section       \Sessions\1\BaseNamedObjects\CrSharedMem_06da129be16f7adeeaa2455c2a1e10bef16fbe2e890a1647d6128a93e98c8d95
  F20: File          D:\QQMusicCache\WebkitCache\5035\Cookies-journal
  F40: Section       \Sessions\1\BaseNamedObjects\CrSharedMem_6b784cbaa0f7b606314702d1eb9715873ffc595769697dace64f4ba30fbc4be9
  F50: Section       \Sessions\1\BaseNamedObjects\CrSharedMem_fe26bbfbffe36bbb4d5d641e7c6a5d8055734237c01f10ad785b44cb135d1218
  F64: Section       \Sessions\1\BaseNamedObjects\CrSharedMem_6495ce2d56307b1dd76f1af418dce22005ca2887cd7f7cd031bb74c211c2f5ba
  F70: Section       \Sessions\1\BaseNamedObjects\CrSharedMem_0d323f573d3b350fdbc69580c0ecf522e0271b3b3ed0fdc05e48128247ac16a2
------------------------------------------------------------------------------
tgp_daemon.exe pid: 2008 \<unable to open process>
------------------------------------------------------------------------------
wpscenter.exe pid: 6348 DESKTOP-HM0IV1I\22256
   40: File          C:\Windows
   84: File          C:\Users\22256\AppData\Roaming\kingsoft\wps\addons\pool\win-i386\wpsminisite_3.0.0.85
  2B8: File          C:\Windows\WinSxS\x86_microsoft.windows.common-controls_6595b64144ccf1df_6.0.18362.778_none_2e73ee38278978be
  314: Section       \Sessions\1\BaseNamedObjects\windows_shell_global_counters
  38C: Section       \Windows\Theme114988444
  390: Section       \Sessions\1\Windows\Theme4228464951
  420: Section       \BaseNamedObjects\__ComCatalogCache__
  430: Section       \BaseNamedObjects\__ComCatalogCache__
  434: File          C:\Windows\Registration\R000000000004.clb
  5F0: File          C:\Program Files\WindowsApps\Microsoft.LanguageExperiencePackzh-CN_18362.24.72.0_neutral__8wekyb3d8bbwe\Windows\System32\zh-CN\MFC42.dll.mui
  680: Section       \Sessions\1\BaseNamedObjects\windows_webcache_counters_{9B6AB5B3-91BC-4097-835C-EA2DEC95E9CC}_S-1-5-21-1198195036-2823278632-1195532929-1001
  6FC: Section       \BaseNamedObjects\F932B6C7-3A20-46A0-B8A0-8894AA421973
  7C4: File          C:\Program Files\WindowsApps\Microsoft.LanguageExperiencePackzh-CN_18362.24.72.0_neutral__8wekyb3d8bbwe\Windows\System32\zh-CN\mswsock.dll.mui
  834: File          C:\Program Files\WindowsApps\Microsoft.LanguageExperiencePackzh-CN_18362.24.72.0_neutral__8wekyb3d8bbwe\Windows\System32\zh-CN\winnlsres.dll.mui
  8CC: Section       \Sessions\1\BaseNamedObjects\UrlZonesSM_22256
  A88: File          C:\Program Files\WindowsApps\Microsoft.LanguageExperiencePackzh-CN_18362.24.72.0_neutral__8wekyb3d8bbwe\Windows\System32\zh-CN\crypt32.dll.mui
  AE8: File          C:\Windows\SysWOW64
------------------------------------------------------------------------------
svchost.exe pid: 13440 DESKTOP-HM0IV1I\22256
   48: File          C:\Windows\System32
  130: File          C:\Program Files\WindowsApps\Microsoft.LanguageExperiencePackzh-CN_18362.24.72.0_neutral__8wekyb3d8bbwe\Windows\System32\zh-CN\svchost.exe.mui
  260: Section       \BaseNamedObjects\__ComCatalogCache__
  26C: Section       \BaseNamedObjects\__ComCatalogCache__
  270: File          C:\Windows\Registration\R000000000004.clb
  4DC: Section       \Sessions\1\BaseNamedObjects\windows_shell_global_counters
  500: File          C:\Windows\System32\zh-CN\ESENT.dll.mui
  508: File          C:\Users\22256\AppData\Local\Comms\UnistoreDB\store.vol
  510: File          C:\Users\22256\AppData\Local\Comms\UnistoreDB\USS.jtx
  530: File          C:\Users\22256\AppData\Local\Comms\UnistoreDB\store.jfm
  584: File          C:\Users\22256\AppData\Local\Comms\UnistoreDB\tmp.edb
  7D8: Section       \BaseNamedObjects\RestrictedErrorObject-{CAEF0D8B-2033-DC82-6C41-517FA8E988B4}
  7E4: Section       \BaseNamedObjects\RestrictedErrorObject-{E18C7A6A-0EF2-8C57-218B-C0BA3FB5A467}
  82C: Section       \Sessions\1\BaseNamedObjects\C:*ProgramData*Microsoft*Windows*Caches*cversions.2.ro
  838: Section       \BaseNamedObjects\RestrictedErrorObject-{722CEC21-0374-F2DD-3F48-2D482A33C228}
  89C: Section       \Sessions\1\BaseNamedObjects\C:*ProgramData*Microsoft*Windows*Caches*cversions.2.ro
  8A0: Section       \Sessions\1\BaseNamedObjects\C:*ProgramData*Microsoft*Windows*Caches*{6AF0698E-D558-4F6E-9B3C-3716689AF493}.2.ver0x0000000000000003.db
  8A4: Section       \Sessions\1\BaseNamedObjects\C:*ProgramData*Microsoft*Windows*Caches*cversions.2.ro
  8A8: Section       \Sessions\1\BaseNamedObjects\C:*ProgramData*Microsoft*Windows*Caches*{DDF571F2-BE98-426D-8288-1A9A39C3FDA2}.2.ver0x0000000000000002.db
  8B4: Section       \BaseNamedObjects\RestrictedErrorObject-{B9DBD088-92EC-14F9-1E61-E4D942A044C9}
  8B8: File          C:\Program Files\WindowsApps\Microsoft.LanguageExperiencePackzh-CN_18362.24.72.0_neutral__8wekyb3d8bbwe\Windows\System32\zh-CN\propsys.dll.mui
  8D0: Section       \BaseNamedObjects\RestrictedErrorObject-{E77CB710-3677-12D2-7425-5E1F305D5287}
  8D4: Section       \BaseNamedObjects\RestrictedErrorObject-{267951CC-5296-8CA4-A67C-9594C3F69C0E}
  8E8: Section       \BaseNamedObjects\RestrictedErrorObject-{B364E41D-D295-5C05-B277-EFD2463861B8}
------------------------------------------------------------------------------
tcls_core.exe pid: 1640 \<unable to open process>
------------------------------------------------------------------------------
QQPCRealTimeSpeedup.exe pid: 15160 \<unable to open process>
------------------------------------------------------------------------------
DolbyDAX2API.exe pid: 12712 \<unable to open process>
------------------------------------------------------------------------------
SgrmBroker.exe pid: 3540 \<unable to open process>
------------------------------------------------------------------------------
svchost.exe pid: 8068 \<unable to open process>
------------------------------------------------------------------------------
svchost.exe pid: 7876 \<unable to open process>
------------------------------------------------------------------------------
WinStore.App.exe pid: 2116 DESKTOP-HM0IV1I\22256
   40: File          C:\Program Files\WindowsApps\Microsoft.WindowsStore_12004.1001.1.0_x64__8wekyb3d8bbwe
  13C: Section       \BaseNamedObjects\__ComCatalogCache__
  310: Section       \Sessions\1\AppContainerNamedObjects\S-1-15-2-1609473798-1231923017-684268153-4268514328-882773646-2760585773-1760938157\ApplicationService:8441d61c49cbc61153
  470: Section       \Sessions\1\AppContainerNamedObjects\S-1-15-2-1609473798-1231923017-684268153-4268514328-882773646-2760585773-1760938157\844HWNDInterface:50880
  4A0: Section       \Sessions\1\AppContainerNamedObjects\S-1-15-2-1609473798-1231923017-684268153-4268514328-882773646-2760585773-1760938157\SessionImmersiveColorPreference
  4A8: Section       \Sessions\1\AppContainerNamedObjects\S-1-15-2-1609473798-1231923017-684268153-4268514328-882773646-2760585773-1760938157\844HWNDInterface:50880
  4BC: File          C:\Windows\apppatch\DirectXApps.sdb
  4C4: Section       \Sessions\1\AppContainerNamedObjects\S-1-15-2-1609473798-1231923017-684268153-4268514328-882773646-2760585773-1760938157\windows_shell_global_counters
  52C: File          C:\Windows\System32\WinMetadata\Windows.UI.Xaml.winmd
  53C: File          C:\Program Files\WindowsApps\Microsoft.LanguageExperiencePackzh-CN_18362.24.72.0_neutral__8wekyb3d8bbwe\Windows\System32\zh-CN\crypt32.dll.mui
  604: File          C:\Windows\Fonts\segoeui.ttf
  6C8: Section       \Sessions\1\AppContainerNamedObjects\S-1-15-2-1609473798-1231923017-684268153-4268514328-882773646-2760585773-1760938157\844HWNDInterface:50880
  780: Section       \Sessions\1\AppContainerNamedObjects\S-1-15-2-1609473798-1231923017-684268153-4268514328-882773646-2760585773-1760938157\844HWNDInterface:50880
  7B8: Section       \Sessions\1\AppContainerNamedObjects\S-1-15-2-1609473798-1231923017-684268153-4268514328-882773646-2760585773-1760938157\844HWNDInterface:50880
  808: File          C:\Windows\System32\WinMetadata\Windows.Security.winmd
  888: File          C:\Program Files\WindowsApps\Microsoft.LanguageExperiencePackzh-CN_18362.24.72.0_neutral__8wekyb3d8bbwe\Windows\System32\zh-CN\Windows.Security.Authentication.Web.Core.dll.mui
  88C: File          C:\Program Files\WindowsApps\Microsoft.LanguageExperiencePackzh-CN_18362.24.72.0_neutral__8wekyb3d8bbwe\Windows\System32\zh-CN\KernelBase.dll.mui
  934: File          C:\Program Files\WindowsApps\Microsoft.LanguageExperiencePackzh-CN_18362.24.72.0_neutral__8wekyb3d8bbwe\Windows\System32\zh-CN\windows.storage.dll.mui
  994: File          C:\Windows\System32\WinMetadata\Windows.ApplicationModel.winmd
  A84: File          C:\Program Files\WindowsApps\Microsoft.LanguageExperiencePacken-US_18362.14.15.0_neutral__8wekyb3d8bbwe\Windows\System32\en-US\winnlsres.dll.mui
  AF4: File          C:\Program Files\WindowsApps\Microsoft.LanguageExperiencePacken-US_18362.14.15.0_neutral__8wekyb3d8bbwe\Windows\System32\en-US\mswsock.dll.mui
  E2C: File          C:\Program Files\WindowsApps\Microsoft.LanguageExperiencePacken-US_18362.14.15.0_neutral__8wekyb3d8bbwe\Windows\System32\en-US\DevDispItemProvider.dll.mui
  E4C: File          C:\Windows\Fonts\seguisb.ttf
  EB4: Section       \Sessions\1\BaseNamedObjects\windows_webcache_counters_{9B6AB5B3-91BC-4097-835C-EA2DEC95E9CC}_S-1-5-21-1198195036-2823278632-1195532929-1001
  EB8: Section       \Sessions\1\AppContainerNamedObjects\S-1-15-2-1609473798-1231923017-684268153-4268514328-882773646-2760585773-1760938157\windows_webcache_counters_{00000000-5d8e-4eed-b3fa-e30684411323}
  F7C: Section       \BaseNamedObjects\F932B6C7-3A20-46A0-B8A0-8894AA421973
 1048: Section       \Sessions\1\AppContainerNamedObjects\S-1-15-2-1609473798-1231923017-684268153-4268514328-882773646-2760585773-1760938157\C:*ProgramData*Microsoft*Windows*Caches*cversions.2.ro
 104C: File          C:\Windows\System32\WinMetadata\Windows.Graphics.winmd
 1054: File          C:\Windows\Fonts\msyh.ttc
 10A0: Section       \Sessions\1\AppContainerNamedObjects\S-1-15-2-1609473798-1231923017-684268153-4268514328-882773646-2760585773-1760938157\UrlZonesSM_22256
 116C: File          C:\Windows\Fonts
 11A4: Section       \Sessions\1\AppContainerNamedObjects\S-1-15-2-1609473798-1231923017-684268153-4268514328-882773646-2760585773-1760938157\844HWNDInterface:50880
 11B0: Section       \Sessions\1\AppContainerNamedObjects\S-1-15-2-1609473798-1231923017-684268153-4268514328-882773646-2760585773-1760938157\844HWNDInterface:50880
 1398: File          C:\Program Files\WindowsApps\Microsoft.WindowsStore_12004.1001.1.0_x64__8wekyb3d8bbwe\Resources\Fonts\StorMDL2.ttf
 13A0: File          C:\Program Files\WindowsApps\Microsoft.LanguageExperiencePacken-US_18362.14.15.0_neutral__8wekyb3d8bbwe\Windows\System32\en-US\windows.ui.xaml.dll.mui
 1450: Section       \Sessions\1\AppContainerNamedObjects\S-1-15-2-1609473798-1231923017-684268153-4268514328-882773646-2760585773-1760938157\C:*ProgramData*Microsoft*Windows*Caches*{6AF0698E-D558-4F6E-9B3C-3716689AF493}.2.ver0x0000000000000003.db
 1458: Section       \Sessions\1\AppContainerNamedObjects\S-1-15-2-1609473798-1231923017-684268153-4268514328-882773646-2760585773-1760938157\C:*ProgramData*Microsoft*Windows*Caches*{DDF571F2-BE98-426D-8288-1A9A39C3FDA2}.2.ver0x0000000000000002.db
 154C: File          C:\Windows\System32\WinMetadata\Windows.UI.winmd
 15DC: Section       \Sessions\1\AppContainerNamedObjects\S-1-15-2-1609473798-1231923017-684268153-4268514328-882773646-2760585773-1760938157\844HWNDInterface:50880
 1614: File          C:\Program Files\WindowsApps\Microsoft.WindowsStore_12004.1001.1.0_x64__8wekyb3d8bbwe\Microsoft.UI.Xaml\Assets\NoiseAsset_256X256_PNG.png
 1680: File          C:\Windows\Fonts\msyhbd.ttc
 1728: Section       \Sessions\1\AppContainerNamedObjects\S-1-15-2-1609473798-1231923017-684268153-4268514328-882773646-2760585773-1760938157\C:*ProgramData*Microsoft*Windows*Caches*cversions.2.ro
------------------------------------------------------------------------------
RuntimeBroker.exe pid: 8868 DESKTOP-HM0IV1I\22256
   48: File          C:\Windows\System32
  180: Section       \BaseNamedObjects\__ComCatalogCache__
  1F4: Section       \BaseNamedObjects\__ComCatalogCache__
  1F8: File          C:\Windows\Registration\R000000000004.clb
  354: File          C:\Program Files\WindowsApps\Microsoft.LanguageExperiencePackzh-CN_18362.24.72.0_neutral__8wekyb3d8bbwe\Windows\System32\zh-CN\propsys.dll.mui
  36C: Section       \Sessions\1\BaseNamedObjects\windows_shell_global_counters
  3BC: Section       \BaseNamedObjects\windows_shell_global_counters
  3F0: Section       \Sessions\1\BaseNamedObjects\C:*ProgramData*Microsoft*Windows*Caches*cversions.2.ro
  3F4: Section       \Sessions\1\BaseNamedObjects\C:*ProgramData*Microsoft*Windows*Caches*{6AF0698E-D558-4F6E-9B3C-3716689AF493}.2.ver0x0000000000000003.db
  3F8: Section       \Sessions\1\BaseNamedObjects\C:*ProgramData*Microsoft*Windows*Caches*cversions.2.ro
  3FC: Section       \Sessions\1\BaseNamedObjects\C:*ProgramData*Microsoft*Windows*Caches*{DDF571F2-BE98-426D-8288-1A9A39C3FDA2}.2.ver0x0000000000000002.db
  420: File          C:\Program Files\WindowsApps\Microsoft.LanguageExperiencePackzh-CN_18362.24.72.0_neutral__8wekyb3d8bbwe\Windows\System32\zh-CN\windows.storage.dll.mui
------------------------------------------------------------------------------
rail.exe pid: 10732 \<unable to open process>
------------------------------------------------------------------------------
DTShellHlp.exe pid: 7040 \<unable to open process>
------------------------------------------------------------------------------
DiscSoftBusServiceLite.exe pid: 7544 \<unable to open process>
------------------------------------------------------------------------------
svchost.exe pid: 14388 \<unable to open process>
------------------------------------------------------------------------------
ShellExperienceHost.exe pid: 9640 DESKTOP-HM0IV1I\22256
   40: File          C:\Windows\SystemApps\ShellExperienceHost_cw5n1h2txyewy
  178: Section       \BaseNamedObjects\__ComCatalogCache__
  3DC: File          C:\Windows\apppatch\DirectXApps.sdb
  3E0: Section       \Sessions\1\AppContainerNamedObjects\S-1-15-2-155514346-2573954481-755741238-1654018636-1233331829-3075935687-2861478708\SessionImmersiveColorPreference
  3E8: Section       \Sessions\1\AppContainerNamedObjects\S-1-15-2-155514346-2573954481-755741238-1654018636-1233331829-3075935687-2861478708\windows_shell_global_counters
  48C: File          C:\Program Files\WindowsApps\Microsoft.LanguageExperiencePackzh-CN_18362.24.72.0_neutral__8wekyb3d8bbwe\Windows\System32\zh-CN\windows.storage.dll.mui
  510: Section       \Sessions\1\AppContainerNamedObjects\S-1-15-2-155514346-2573954481-755741238-1654018636-1233331829-3075935687-2861478708\ApplicationService:25a81d61c63ee715d84
  548: File          C:\Windows\Fonts\segoeui.ttf
  5A8: Section       \Sessions\1\AppContainerNamedObjects\S-1-15-2-155514346-2573954481-755741238-1654018636-1233331829-3075935687-2861478708\25a8HWNDInterface:2408b6
  5AC: Section       \Sessions\1\AppContainerNamedObjects\S-1-15-2-155514346-2573954481-755741238-1654018636-1233331829-3075935687-2861478708\25a8HWNDInterface:2408b6
  5F0: Section       \Sessions\1\AppContainerNamedObjects\S-1-15-2-155514346-2573954481-755741238-1654018636-1233331829-3075935687-2861478708\25a8HWNDInterface:2408b6
  624: Section       \Sessions\1\AppContainerNamedObjects\S-1-15-2-155514346-2573954481-755741238-1654018636-1233331829-3075935687-2861478708\25a8HWNDInterface:2408b6
  628: Section       \Sessions\1\AppContainerNamedObjects\S-1-15-2-155514346-2573954481-755741238-1654018636-1233331829-3075935687-2861478708\25a8HWNDInterface:2408b6
  64C: Section       \Sessions\1\AppContainerNamedObjects\S-1-15-2-155514346-2573954481-755741238-1654018636-1233331829-3075935687-2861478708\25a8HWNDInterface:2408b6
  8D0: File          C:\Program Files\WindowsApps\Microsoft.LanguageExperiencePackzh-CN_18362.24.72.0_neutral__8wekyb3d8bbwe\Windows\System32\zh-CN\QuickActionsDataModel.dll.mui
  8F0: File          C:\Program Files\WindowsApps\Microsoft.LanguageExperiencePackzh-CN_18362.24.72.0_neutral__8wekyb3d8bbwe\Windows\System32\zh-CN\KernelBase.dll.mui
  958: File          C:\Program Files\WindowsApps\Microsoft.LanguageExperiencePackzh-CN_18362.24.72.0_neutral__8wekyb3d8bbwe\Windows\System32\zh-CN\windows.ui.xaml.dll.mui
  95C: File          C:\Windows\Fonts\msyh.ttc
------------------------------------------------------------------------------
RuntimeBroker.exe pid: 13560 DESKTOP-HM0IV1I\22256
   10: Section       \BaseNamedObjects\__ComCatalogCache__
   4C: File          C:\Windows\System32
  17C: Section       \BaseNamedObjects\__ComCatalogCache__
  1E0: File          C:\Windows\Registration\R000000000004.clb
------------------------------------------------------------------------------
svchost.exe pid: 5260 \<unable to open process>
------------------------------------------------------------------------------
dllhost.exe pid: 2844 \<unable to open process>
------------------------------------------------------------------------------
Microsoft.Photos.exe pid: 11336 DESKTOP-HM0IV1I\22256
   40: File          C:\Program Files\WindowsApps\Microsoft.Windows.Photos_2020.19111.24110.0_x64__8wekyb3d8bbwe
  13C: Section       \BaseNamedObjects\__ComCatalogCache__
  330: File          C:\Users\22256\AppData\Local\Packages\Microsoft.Windows.Photos_8wekyb3d8bbwe\LocalState\MediaDb.v1.sqlite
  480: Section       \Sessions\1\AppContainerNamedObjects\S-1-15-2-2226957697-3030467180-2301525-4248967783-2024719031-2325529081-2915787518\SessionImmersiveColorPreference
  4BC: Section       \Sessions\1\AppContainerNamedObjects\S-1-15-2-2226957697-3030467180-2301525-4248967783-2024719031-2325529081-2915787518\windows_shell_global_counters
  4CC: File          C:\Windows\apppatch\DirectXApps.sdb
  584: File          C:\Windows\Fonts\segoeui.ttf
  5EC: File          C:\Program Files\WindowsApps\Microsoft.LanguageExperiencePackzh-CN_18362.24.72.0_neutral__8wekyb3d8bbwe\Windows\System32\zh-CN\windows.storage.dll.mui
  6C0: Section       \Sessions\1\AppContainerNamedObjects\S-1-15-2-2226957697-3030467180-2301525-4248967783-2024719031-2325529081-2915787518\ApplicationService:2c481d61c656842d319
  740: File          C:\Users\22256\AppData\Local\Packages\Microsoft.Windows.Photos_8wekyb3d8bbwe\LocalState\PhotosAppTracing_startedInBGMode.etl
  774: File          C:\Users\22256\AppData\Local\Packages\Microsoft.Windows.Photos_8wekyb3d8bbwe\LocalState\MediaDb.v1.sqlite-wal
  778: File          C:\Users\22256\AppData\Local\Packages\Microsoft.Windows.Photos_8wekyb3d8bbwe\LocalState\MediaDb.v1.sqlite
  780: File          C:\Users\22256\AppData\Local\Packages\Microsoft.Windows.Photos_8wekyb3d8bbwe\LocalState\MediaDb.v1.sqlite
  9B4: Section       \Sessions\1\BaseNamedObjects\windows_webcache_counters_{9B6AB5B3-91BC-4097-835C-EA2DEC95E9CC}_S-1-5-21-1198195036-2823278632-1195532929-1001
  9B8: Section       \Sessions\1\AppContainerNamedObjects\S-1-15-2-2226957697-3030467180-2301525-4248967783-2024719031-2325529081-2915787518\windows_webcache_counters_{00000000-5d8e-4eed-b3fa-e30684411323}
  A88: Section       \BaseNamedObjects\F932B6C7-3A20-46A0-B8A0-8894AA421973
  B64: Section       \Sessions\1\AppContainerNamedObjects\S-1-15-2-2226957697-3030467180-2301525-4248967783-2024719031-2325529081-2915787518\UrlZonesSM_22256
  C38: File          C:\Program Files\WindowsApps\Microsoft.LanguageExperiencePackzh-CN_18362.24.72.0_neutral__8wekyb3d8bbwe\Windows\System32\zh-CN\crypt32.dll.mui
  C44: File          C:\Program Files\WindowsApps\Microsoft.LanguageExperiencePackzh-CN_18362.24.72.0_neutral__8wekyb3d8bbwe\Windows\System32\zh-CN\dnsapi.dll.mui
  C98: File          C:\Windows\System32\WinMetadata\Windows.System.winmd
  CB0: File          C:\Users\22256\AppData\Local\Packages\Microsoft.Windows.Photos_8wekyb3d8bbwe\LocalState\MediaDb.v1.sqlite-wal
  CD4: File          C:\Users\22256\AppData\Local\Packages\Microsoft.Windows.Photos_8wekyb3d8bbwe\LocalState\MediaDb.v1.sqlite
  CE0: File          C:\Users\22256\AppData\Local\Packages\Microsoft.Windows.Photos_8wekyb3d8bbwe\LocalState\MediaDb.v1.sqlite
  D04: File          C:\Users\22256\AppData\Local\Packages\Microsoft.Windows.Photos_8wekyb3d8bbwe\LocalState\MediaDb.v1.sqlite-wal
  D0C: File          C:\Users\22256\AppData\Local\Packages\Microsoft.Windows.Photos_8wekyb3d8bbwe\LocalState\MediaDb.v1.sqlite
  D10: File          C:\Users\22256\AppData\Local\Packages\Microsoft.Windows.Photos_8wekyb3d8bbwe\LocalState\MediaDb.v1.sqlite
  D14: File          C:\Users\22256\AppData\Local\Packages\Microsoft.Windows.Photos_8wekyb3d8bbwe\LocalState\MediaDb.v1.sqlite-shm
  D38: File          C:\Users\22256\AppData\Local\Packages\Microsoft.Windows.Photos_8wekyb3d8bbwe\LocalState\MediaDb.v1.sqlite
  D3C: File          C:\Users\22256\AppData\Local\Packages\Microsoft.Windows.Photos_8wekyb3d8bbwe\LocalState\MediaDb.v1.sqlite
  D40: File          C:\Users\22256\AppData\Local\Packages\Microsoft.Windows.Photos_8wekyb3d8bbwe\LocalState\MediaDb.v1.sqlite
  D44: File          C:\Users\22256\AppData\Local\Packages\Microsoft.Windows.Photos_8wekyb3d8bbwe\LocalState\MediaDb.v1.sqlite
  D48: File          C:\Users\22256\AppData\Local\Packages\Microsoft.Windows.Photos_8wekyb3d8bbwe\LocalState\MediaDb.v1.sqlite
  D4C: File          C:\Users\22256\AppData\Local\Packages\Microsoft.Windows.Photos_8wekyb3d8bbwe\LocalState\MediaDb.v1.sqlite-wal
  D6C: File          C:\Users\22256\AppData\Local\Packages\Microsoft.Windows.Photos_8wekyb3d8bbwe\LocalState\MediaDb.v1.sqlite-wal
  D74: File          C:\Users\22256\AppData\Local\Packages\Microsoft.Windows.Photos_8wekyb3d8bbwe\LocalState\MediaDb.v1.sqlite-wal
  D78: File          C:\Users\22256\AppData\Local\Packages\Microsoft.Windows.Photos_8wekyb3d8bbwe\LocalState\MediaDb.v1.sqlite
  D80: File          C:\Users\22256\AppData\Local\Packages\Microsoft.Windows.Photos_8wekyb3d8bbwe\LocalState\MediaDb.v1.sqlite
  D84: File          C:\Users\22256\AppData\Local\Packages\Microsoft.Windows.Photos_8wekyb3d8bbwe\LocalState\MediaDb.v1.sqlite-wal
  D88: File          C:\Users\22256\AppData\Local\Packages\Microsoft.Windows.Photos_8wekyb3d8bbwe\LocalState\MediaDb.v1.sqlite-wal
  DA0: File          C:\Users\22256\AppData\Local\Packages\Microsoft.Windows.Photos_8wekyb3d8bbwe\LocalState\MediaDb.v1.sqlite-wal
  DAC: File          C:\Users\22256\AppData\Local\Packages\Microsoft.Windows.Photos_8wekyb3d8bbwe\LocalState\MediaDb.v1.sqlite
  DBC: File          C:\Users\22256\AppData\Local\Packages\Microsoft.Windows.Photos_8wekyb3d8bbwe\LocalState\MediaDb.v1.sqlite-wal
  DC0: File          C:\Users\22256\AppData\Local\Packages\Microsoft.Windows.Photos_8wekyb3d8bbwe\LocalState\MediaDb.v1.sqlite
  DC4: File          C:\Users\22256\AppData\Local\Packages\Microsoft.Windows.Photos_8wekyb3d8bbwe\LocalState\MediaDb.v1.sqlite-wal
  DCC: File          C:\Users\22256\AppData\Local\Packages\Microsoft.Windows.Photos_8wekyb3d8bbwe\LocalState\MediaDb.v1.sqlite
  DE4: File          C:\Users\22256\AppData\Local\Packages\Microsoft.Windows.Photos_8wekyb3d8bbwe\LocalState\MediaDb.v1.sqlite-wal
  DF4: File          C:\Users\22256\AppData\Local\Packages\Microsoft.Windows.Photos_8wekyb3d8bbwe\LocalState\MediaDb.v1.sqlite
  DF8: File          C:\Users\22256\AppData\Local\Packages\Microsoft.Windows.Photos_8wekyb3d8bbwe\LocalState\MediaDb.v1.sqlite-wal
  E00: File          C:\Users\22256\AppData\Local\Packages\Microsoft.Windows.Photos_8wekyb3d8bbwe\LocalState\MediaDb.v1.sqlite
  E04: File          C:\Users\22256\AppData\Local\Packages\Microsoft.Windows.Photos_8wekyb3d8bbwe\LocalState\MediaDb.v1.sqlite-wal
  E28: Section       \Sessions\1\AppContainerNamedObjects\S-1-15-2-2226957697-3030467180-2301525-4248967783-2024719031-2325529081-2915787518\C:*ProgramData*Microsoft*Windows*Caches*cversions.2.ro
  E2C: Section       \Sessions\1\AppContainerNamedObjects\S-1-15-2-2226957697-3030467180-2301525-4248967783-2024719031-2325529081-2915787518\C:*ProgramData*Microsoft*Windows*Caches*cversions.2.ro
  E30: Section       \Sessions\1\AppContainerNamedObjects\S-1-15-2-2226957697-3030467180-2301525-4248967783-2024719031-2325529081-2915787518\C:*ProgramData*Microsoft*Windows*Caches*{6AF0698E-D558-4F6E-9B3C-3716689AF493}.2.ver0x0000000000000003.db
  E38: Section       \Sessions\1\AppContainerNamedObjects\S-1-15-2-2226957697-3030467180-2301525-4248967783-2024719031-2325529081-2915787518\C:*ProgramData*Microsoft*Windows*Caches*{DDF571F2-BE98-426D-8288-1A9A39C3FDA2}.2.ver0x0000000000000002.db
  E3C: File          C:\Windows\System32\WinMetadata\Windows.Storage.winmd
  E4C: File          C:\Users\22256\AppData\Local\Packages\Microsoft.Windows.Photos_8wekyb3d8bbwe\LocalState\MediaDb.v1.sqlite
  E58: File          C:\Users\22256\AppData\Local\Packages\Microsoft.Windows.Photos_8wekyb3d8bbwe\LocalState\MediaDb.v1.sqlite
  E5C: File          C:\Users\22256\AppData\Local\Packages\Microsoft.Windows.Photos_8wekyb3d8bbwe\LocalState\MediaDb.v1.sqlite
  E60: File          C:\Users\22256\AppData\Local\Packages\Microsoft.Windows.Photos_8wekyb3d8bbwe\LocalState\MediaDb.v1.sqlite
  E70: File          C:\Users\22256\AppData\Local\Packages\Microsoft.Windows.Photos_8wekyb3d8bbwe\LocalState\MediaDb.v1.sqlite-wal
  E74: File          C:\Users\22256\AppData\Local\Packages\Microsoft.Windows.Photos_8wekyb3d8bbwe\LocalState\MediaDb.v1.sqlite-wal
  E78: File          C:\Users\22256\AppData\Local\Packages\Microsoft.Windows.Photos_8wekyb3d8bbwe\LocalState\MediaDb.v1.sqlite-wal
  E7C: File          C:\Users\22256\AppData\Local\Packages\Microsoft.Windows.Photos_8wekyb3d8bbwe\LocalState\MediaDb.v1.sqlite
  E80: File          C:\Users\22256\AppData\Local\Packages\Microsoft.Windows.Photos_8wekyb3d8bbwe\LocalState\MediaDb.v1.sqlite-wal
  E84: File          C:\Users\22256\AppData\Local\Packages\Microsoft.Windows.Photos_8wekyb3d8bbwe\LocalState\MediaDb.v1.sqlite-wal
  E88: File          C:\Users\22256\AppData\Local\Packages\Microsoft.Windows.Photos_8wekyb3d8bbwe\LocalState\MediaDb.v1.sqlite-wal
  E8C: File          C:\Users\22256\AppData\Local\Packages\Microsoft.Windows.Photos_8wekyb3d8bbwe\LocalState\MediaDb.v1.sqlite-wal
  E9C: Section       \Sessions\1\AppContainerNamedObjects\S-1-15-2-2226957697-3030467180-2301525-4248967783-2024719031-2325529081-2915787518\C:*ProgramData*Microsoft*Windows*Caches*cversions.2.ro
  ED4: File          C:\Users\22256\AppData\Local\Packages\Microsoft.Windows.Photos_8wekyb3d8bbwe\LocalState\MediaDb.v1.sqlite
  F84: File          C:\Users\22256\AppData\Local\Packages\Microsoft.Windows.Photos_8wekyb3d8bbwe\LocalState\MediaDb.v1.sqlite-wal
  F98: File          C:\Users\22256\AppData\Local\Packages\Microsoft.Windows.Photos_8wekyb3d8bbwe\LocalState\MediaDb.v1.sqlite
  F9C: File          C:\Users\22256\AppData\Local\Packages\Microsoft.Windows.Photos_8wekyb3d8bbwe\LocalState\MediaDb.v1.sqlite-wal
  FC0: File          C:\Users\22256\AppData\Local\Packages\Microsoft.Windows.Photos_8wekyb3d8bbwe\LocalState\MediaDb.v1.sqlite
  FC4: File          C:\Users\22256\AppData\Local\Packages\Microsoft.Windows.Photos_8wekyb3d8bbwe\LocalState\MediaDb.v1.sqlite-wal
  FD8: File          C:\Users\22256\AppData\Local\Packages\Microsoft.Windows.Photos_8wekyb3d8bbwe\LocalState\MediaDb.v1.sqlite-wal
  FEC: File          C:\Users\22256\AppData\Local\Packages\Microsoft.Windows.Photos_8wekyb3d8bbwe\LocalState\MediaDb.v1.sqlite
  FF0: File          C:\Users\22256\AppData\Local\Packages\Microsoft.Windows.Photos_8wekyb3d8bbwe\LocalState\MediaDb.v1.sqlite
  FF4: File          C:\Users\22256\AppData\Local\Packages\Microsoft.Windows.Photos_8wekyb3d8bbwe\LocalState\MediaDb.v1.sqlite-wal
  FFC: File          C:\Users\22256\AppData\Local\Packages\Microsoft.Windows.Photos_8wekyb3d8bbwe\LocalState\MediaDb.v1.sqlite-wal
 1004: File          C:\Users\22256\AppData\Local\Packages\Microsoft.Windows.Photos_8wekyb3d8bbwe\LocalState\MediaDb.v1.sqlite
 100C: File          C:\Users\22256\AppData\Local\Packages\Microsoft.Windows.Photos_8wekyb3d8bbwe\LocalState\MediaDb.v1.sqlite
 1010: File          C:\Users\22256\AppData\Local\Packages\Microsoft.Windows.Photos_8wekyb3d8bbwe\LocalState\MediaDb.v1.sqlite
 1014: File          C:\Users\22256\AppData\Local\Packages\Microsoft.Windows.Photos_8wekyb3d8bbwe\LocalState\MediaDb.v1.sqlite
 1018: File          C:\Users\22256\AppData\Local\Packages\Microsoft.Windows.Photos_8wekyb3d8bbwe\LocalState\MediaDb.v1.sqlite-wal
 101C: File          C:\Users\22256\AppData\Local\Packages\Microsoft.Windows.Photos_8wekyb3d8bbwe\LocalState\MediaDb.v1.sqlite-wal
 1024: File          C:\Users\22256\AppData\Local\Packages\Microsoft.Windows.Photos_8wekyb3d8bbwe\LocalState\MediaDb.v1.sqlite-wal
 1038: File          C:\Program Files\WindowsApps\Microsoft.LanguageExperiencePackzh-CN_18362.24.72.0_neutral__8wekyb3d8bbwe\Windows\System32\zh-CN\KernelBase.dll.mui
 105C: File          C:\Users\22256\AppData\Local\Packages\Microsoft.Windows.Photos_8wekyb3d8bbwe\LocalState\MediaDb.v1.sqlite
 113C: File          C:\Users\22256\AppData\Local\Packages\Microsoft.Windows.Photos_8wekyb3d8bbwe\LocalState\MediaDb.v1.sqlite-wal
 1144: File          C:\Users\22256\AppData\Local\Packages\Microsoft.Windows.Photos_8wekyb3d8bbwe\LocalState\MediaDb.v1.sqlite
------------------------------------------------------------------------------
RuntimeBroker.exe pid: 2100 DESKTOP-HM0IV1I\22256
   48: File          C:\Windows\System32
  178: Section       \BaseNamedObjects\__ComCatalogCache__
  1D0: File          C:\Windows\Registration\R000000000004.clb
  1F8: Section       \BaseNamedObjects\__ComCatalogCache__
  378: File          C:\Windows\WinSxS\amd64_microsoft.windows.common-controls_6595b64144ccf1df_6.0.18362.778_none_e6c6b761130d4fb8
  3D8: Section       \Sessions\1\BaseNamedObjects\windows_shell_global_counters
  414: File          C:\Windows\SystemResources\shell32.dll.mun
  434: Section       \BaseNamedObjects\windows_shell_global_counters
  454: Section       \Sessions\1\BaseNamedObjects\C:*ProgramData*Microsoft*Windows*Caches*cversions.2.ro
  45C: Section       \Sessions\1\BaseNamedObjects\C:*ProgramData*Microsoft*Windows*Caches*{6AF0698E-D558-4F6E-9B3C-3716689AF493}.2.ver0x0000000000000003.db
  460: Section       \Sessions\1\BaseNamedObjects\C:*ProgramData*Microsoft*Windows*Caches*cversions.2.ro
  464: Section       \Sessions\1\BaseNamedObjects\C:*ProgramData*Microsoft*Windows*Caches*{DDF571F2-BE98-426D-8288-1A9A39C3FDA2}.2.ver0x0000000000000002.db
  468: File          C:\Program Files\WindowsApps\Microsoft.LanguageExperiencePackzh-CN_18362.24.72.0_neutral__8wekyb3d8bbwe\Windows\System32\zh-CN\propsys.dll.mui
  52C: Section       \Windows\Theme114988444
  53C: Section       \Sessions\1\Windows\Theme4228464951
  570: File          C:\Program Files\WindowsApps\Microsoft.LanguageExperiencePackzh-CN_18362.24.72.0_neutral__8wekyb3d8bbwe\Windows\System32\zh-CN\shell32.dll.mui
  5AC: Section       \BaseNamedObjects\SearchCrawlScopeVersion
  654: File          C:\Program Files\WindowsApps\Microsoft.LanguageExperiencePackzh-CN_18362.24.72.0_neutral__8wekyb3d8bbwe\Windows\System32\zh-CN\windows.storage.dll.mui
  674: Section       \Sessions\1\BaseNamedObjects\C:*ProgramData*Microsoft*Windows*Caches*cversions.2.ro
  678: Section       \Sessions\1\BaseNamedObjects\C:*ProgramData*Microsoft*Windows*Caches*{0E176B0B-A2CA-4AF5-8753-345E43E25004}.2.ver0x0000000000000002.db
  728: File          C:\Users\22256\AppData\Local\Microsoft\Windows\Explorer\thumbcache_idx.db
  774: File          C:\Users\22256\AppData\Local\Microsoft\Windows\Explorer\thumbcache_idx.db
  778: File          C:\Users\22256\AppData\Local\Microsoft\Windows\Explorer\thumbcache_256.db
  780: File          C:\Users\22256\AppData\Local\Microsoft\Windows\Explorer\thumbcache_256.db
  794: File          C:\Windows\WinSxS\amd64_microsoft.windows.common-controls_6595b64144ccf1df_6.0.18362.778_none_e6c6b761130d4fb8
  7EC: Section       \Sessions\1\BaseNamedObjects\C:*ProgramData*Microsoft*Windows*Caches*cversions.2.ro
------------------------------------------------------------------------------
svchost.exe pid: 12732 \<unable to open process>
------------------------------------------------------------------------------
svchost.exe pid: 3704 \<unable to open process>
------------------------------------------------------------------------------
svchost.exe pid: 13696 \<unable to open process>
------------------------------------------------------------------------------
QQ.exe pid: 12676 DESKTOP-HM0IV1I\22256
   40: File          C:\Windows
   84: File          D:\????\??\qq\Bin
  2B8: Section       \Sessions\1\BaseNamedObjects\windows_shell_global_counters
  2D0: File          C:\Windows\WinSxS\x86_microsoft.windows.common-controls_6595b64144ccf1df_6.0.18362.778_none_2e73ee38278978be
  2D8: File          C:\Windows\WinSxS\x86_microsoft.windows.gdiplus_6595b64144ccf1df_1.1.18362.778_none_5f5ee11d821bf28c
  318: File          C:\Program Files\WindowsApps\Microsoft.LanguageExperiencePackzh-CN_18362.24.72.0_neutral__8wekyb3d8bbwe\Windows\System32\zh-CN\msvfw32.dll.mui
  31C: File          C:\Program Files\WindowsApps\Microsoft.LanguageExperiencePackzh-CN_18362.24.72.0_neutral__8wekyb3d8bbwe\Windows\System32\zh-CN\avicap32.dll.mui
  3B8: File          C:\Users\22256\Documents\Tencent Files\All Users\QQ\Registry.db
  468: Section       \Sessions\1\BaseNamedObjects\TX_SSO_SHARE_INFO_SIZE
  494: File          C:\Program Files\WindowsApps\Microsoft.LanguageExperiencePackzh-CN_18362.24.72.0_neutral__8wekyb3d8bbwe\Windows\System32\zh-CN\mswsock.dll.mui
  4A0: Section       \Windows\Theme114988444
  4BC: Section       \Sessions\1\Windows\Theme4228464951
  4FC: Section       \Sessions\1\BaseNamedObjects\QQ_IPC_{F6E0EF94-8B16-4407-A4AD-B4699DC09EB1}_0
  530: Section       \BaseNamedObjects\__ComCatalogCache__
  534: File          C:\Windows\Registration\R000000000004.clb
  538: File          C:\Program Files\WindowsApps\Microsoft.LanguageExperiencePackzh-CN_18362.24.72.0_neutral__8wekyb3d8bbwe\Windows\System32\zh-CN\MFC42.dll.mui
  550: Section       \BaseNamedObjects\__ComCatalogCache__
  5D8: Section       \BaseNamedObjects\windows_shell_global_counters
  5E4: Section       \Sessions\1\BaseNamedObjects\TX_SSO_SHARE_INFO_0
  658: File          C:\Windows\apppatch\DirectXApps.sdb
  6D4: File          C:\Users\22256\Documents\Tencent Files\2225642019\ExpressionRecommend.db
  710: File          C:\Program Files\WindowsApps\Microsoft.LanguageExperiencePackzh-CN_18362.24.72.0_neutral__8wekyb3d8bbwe\Windows\System32\zh-CN\kernel32.dll.mui
  758: File          C:\Windows\Fonts\StaticCache.dat
  774: Section       \Sessions\1\BaseNamedObjects\3184HWNDInterface:c0372
  778: Section       \Sessions\1\BaseNamedObjects\3184HWNDInterface:c0372
  798: Section       \Sessions\1\BaseNamedObjects\SessionImmersiveColorPreference
  7A4: Section       \Sessions\1\BaseNamedObjects\C:*ProgramData*Microsoft*Windows*Caches*cversions.2.ro
  7D8: File          D:\????\??\qq\Resource.9.2.3.26683\Res.rdb
  804: File          C:\Windows\WinSxS\x86_microsoft.windows.common-controls_6595b64144ccf1df_6.0.18362.778_none_2e73ee38278978be
  904: File          C:\Users\22256\Documents\Tencent Files\2225642019\DocImport.db-journal
  90C: Section       \Sessions\1\BaseNamedObjects\C:*ProgramData*Microsoft*Windows*Caches*cversions.2.ro
  91C: File          C:\Program Files\WindowsApps\Microsoft.LanguageExperiencePackzh-CN_18362.24.72.0_neutral__8wekyb3d8bbwe\Windows\System32\zh-CN\propsys.dll.mui
  924: File          C:\Users\22256\Documents\Tencent Files\2225642019\Audio\AudioInfo\PTTInfo.db
  938: Section       \Sessions\1\BaseNamedObjects\C:*ProgramData*Microsoft*Windows*Caches*{DDF571F2-BE98-426D-8288-1A9A39C3FDA2}.2.ver0x0000000000000002.db
  944: File          C:\Users\22256\AppData\Roaming\Tencent\QQ\Misc\Emoji\0AE88DA992DC7659123EDEF035204D20.rdb
  960: File          C:\Program Files\WindowsApps\Microsoft.LanguageExperiencePackzh-CN_18362.24.72.0_neutral__8wekyb3d8bbwe\Windows\System32\zh-CN\UIAutomationCore.dll.mui
  968: Section       \Sessions\1\BaseNamedObjects\3184HWNDInterface:c088a
  9DC: Section       \Sessions\1\BaseNamedObjects\C:*ProgramData*Microsoft*Windows*Caches*{6AF0698E-D558-4F6E-9B3C-3716689AF493}.2.ver0x0000000000000003.db
  9FC: File          C:\Program Files\WindowsApps\Microsoft.LanguageExperiencePackzh-CN_18362.24.72.0_neutral__8wekyb3d8bbwe\Windows\System32\zh-CN\KernelBase.dll.mui
  AF4: File          C:\Users\22256\Documents\Tencent Files\2225642019\QQ\Registry.db
  AF8: File          C:\Users\22256\Documents\Tencent Files\2225642019\QQ\Registry.db
  B14: File          C:\Users\22256\Documents\Tencent Files\2225642019\Info.db
  B84: File          C:\Users\22256\Documents\Tencent Files\2225642019\CustomFace.db
  B88: File          C:\Users\22256\Documents\Tencent Files\2225642019\Msg3.0.db
  B98: File          C:\Users\22256\Documents\Tencent Files\2225642019\CustomFace.dbc
  B9C: File          C:\Users\22256\AppData\Roaming\Tencent\Users\2225642019\QQ\Misc.db
  BA0: File          C:\Users\22256\Documents\Tencent Files\2225642019\FaceStore.db
  BAC: File          C:\Users\22256\Documents\Tencent Files\2225642019
  C14: File          C:\Users\22256\Documents\Tencent Files\2225642019\QQ\Registry2.0.db
  C78: File          C:\Users\22256\Documents\Tencent Files\2225642019\Registry.db
  C7C: File          C:\Users\22256\Documents\Tencent Files\2225642019\Registry.db
  CA0: File          C:\Windows\WinSxS\x86_microsoft.windows.common-controls_6595b64144ccf1df_6.0.18362.778_none_2e73ee38278978be
  CA4: File          C:\Users\22256\Documents\Tencent Files\2225642019\Misc.db
  CAC: File          C:\Users\22256\Documents\Tencent Files\2225642019\Msg3.0index.db
  CD0: File          C:\Program Files\WindowsApps\Microsoft.LanguageExperiencePackzh-CN_18362.24.72.0_neutral__8wekyb3d8bbwe\Windows\System32\zh-CN\crypt32.dll.mui
  D2C: Section       \Sessions\1\BaseNamedObjects\windows_webcache_counters_{9B6AB5B3-91BC-4097-835C-EA2DEC95E9CC}_S-1-5-21-1198195036-2823278632-1195532929-1001
  D30: File          D:\????\??\qq\Resource.9.2.3.26683\Res.rdb
  E0C: Section       \BaseNamedObjects\F932B6C7-3A20-46A0-B8A0-8894AA421973
  E34: File          C:\Users\22256\Documents\Tencent Files\2225642019\RE.db-journal
  E44: Section       \Sessions\1\BaseNamedObjects\UrlZonesSM_22256
  E98: File          C:\Program Files\WindowsApps\Microsoft.LanguageExperiencePackzh-CN_18362.24.72.0_neutral__8wekyb3d8bbwe\Windows\System32\zh-CN\combase.dll.mui
  EA0: Section       \Sessions\1\BaseNamedObjects\3184HWNDInterface:23f06de
  EA4: Section       \Sessions\1\BaseNamedObjects\3184HWNDInterface:23f06de
  EB8: Section       \Sessions\1\BaseNamedObjects\3184HWNDInterface:706aa
  EC0: Section       \Sessions\1\BaseNamedObjects\3184HWNDInterface:706aa
  FA8: Section       \Sessions\1\BaseNamedObjects\3184HWNDInterface:d02f4
  FAC: Section       \Sessions\1\BaseNamedObjects\3184HWNDInterface:d02f4
  FB0: File          C:\Users\22256\Documents\Tencent Files\All Users\Registry.db
  FB8: Section       \Sessions\1\BaseNamedObjects\3184HWNDInterface:408fe
  FBC: Section       \Sessions\1\BaseNamedObjects\3184HWNDInterface:408fe
  FF0: File          D:\????\??\qq\Resource.9.2.3.26683\Themes\Default.rdb
 1030: File          C:\Users\22256\Desktop
 1098: Section       \Sessions\1\BaseNamedObjects\3184HWNDInterface:c088a
 10A4: Section       \Sessions\1\BaseNamedObjects\3184HWNDInterface:25092c
 10A8: Section       \Sessions\1\BaseNamedObjects\3184HWNDInterface:25092c
 10B0: Section       \Sessions\1\BaseNamedObjects\3184HWNDInterface:d08f8
 10B4: Section       \Sessions\1\BaseNamedObjects\3184HWNDInterface:d08f8
 10C4: Section       \Sessions\1\BaseNamedObjects\QQ_12676_RECV_DATA_QUEUE_SPQ_SHAREMEMORY
 10F4: File          D:\????\??\qq\Plugin\Com.Tencent.FileTransfer\Bundle.rdb
 1104: File          C:\Users\22256\Documents\Tencent Files\2225642019\PubAcc2.0.db
 1108: File          C:\Users\22256\Documents\Tencent Files\2225642019\GroupActiveStatus.db
 1120: File          C:\Users\22256\Documents\Tencent Files\2225642019\Msg3.0index.db-journal
 1124: File          C:\Users\22256\Documents\Tencent Files\2225642019\RE.db
 113C: Section       \Sessions\1\BaseNamedObjects\QQ_Exit_Info_FileMapping_2225642019
 1154: File          C:\Program Files\WindowsApps\Microsoft.LanguageExperiencePackzh-CN_18362.24.72.0_neutral__8wekyb3d8bbwe\Windows\System32\zh-CN\winnlsres.dll.mui
 115C: File          C:\Users\22256\Documents\Tencent Files\2225642019\DocImport.db
 1170: Section       \Sessions\1\BaseNamedObjects\com.tencent.sg.oidmm
 1174: Section       \Sessions\1\BaseNamedObjects\3184HWNDInterface:60684
 1178: Section       \Sessions\1\BaseNamedObjects\TXACTSAFETYLIST
 117C: Section       \Sessions\1\BaseNamedObjects\_SIZEOF_TXACTSAFETYLIST
 1180: Section       \Sessions\1\BaseNamedObjects\3184HWNDInterface:30926
 1194: File          C:\Users\22256\Documents\Tencent Files\2225642019\FileInfo.db
 1198: Section       \Sessions\1\BaseNamedObjects\3184HWNDInterface:60684
 119C: Section       \Sessions\1\BaseNamedObjects\3184HWNDInterface:609c2
 11A0: Section       \Sessions\1\BaseNamedObjects\3184HWNDInterface:609c2
 11A4: File          C:\Users\22256\Documents\Tencent Files\2225642019\FileShare1.0.db
 1268: Section       \Sessions\1\BaseNamedObjects\3184HWNDInterface:609cc
 1278: Section       \Sessions\1\BaseNamedObjects\3184HWNDInterface:609cc
 1288: File          C:\Users\22256\Documents\Tencent Files\2225642019\Msg3.0.db-journal
 12B8: File          D:\????\??\qq\Plugin\Com.Tencent.NetDisk\Bundle.rdb
 12F4: File          D:\????\??\qq\Resource.9.2.3.26683\Xtml.rdb
 1308: File          C:\Users\22256\Documents\Tencent Files\2225642019\SmallEmoji.db
 1320: Section       \Sessions\1\BaseNamedObjects\C:*ProgramData*Microsoft*Windows*Caches*cversions.2.ro
 1350: File          C:\Users\22256\Documents\Tencent Files\2225642019\Thumbnails.db
 135C: File          C:\Users\22256\Documents\Tencent Files\2225642019\MiscHead.db
 136C: File          D:\????\??\qq\Plugin\Com.Tencent.Qzone\Bundle.rdb
 13A0: File          C:\Users\22256\Documents\Tencent Files\2225642019\MyCollection\mc3fts.db
 13B4: Section       \Sessions\1\BaseNamedObjects\3184HWNDInterface:100924
 13C8: Section       \Sessions\1\BaseNamedObjects\3184HWNDInterface:b0698
 13D0: Section       \Sessions\1\BaseNamedObjects\3184HWNDInterface:b0698
 13DC: File          C:\Users\22256\Documents\Tencent Files\2225642019\QQ\Registry2.0.db-journal
 13E8: File          D:\????\??\qq\Resource.9.2.3.26683\Themes\Default.rdb
 13F8: Section       \Sessions\1\BaseNamedObjects\com.tencent.sg.oidmm
 13FC: Section       \Sessions\1\BaseNamedObjects\com.tencent.sg.openiduin
 1590: File          C:\Users\22256\Documents\Tencent Files\2225642019\GroupCollection\gc3.db
 15BC: File          D:\????\??\qq\Resource.9.2.3.26683\Data.rdb
 15F4: File          C:\Users\22256\Documents\Tencent Files\2225642019\MyCollection\mc3.db
 1604: File          C:\Users\22256\Documents\Tencent Files\2225642019\MyCollection\mc3.db
 161C: File          C:\Users\22256\AppData\Local\Temp\etilqs_oBaCd8EtU7mwLgi
 1620: Section       \Sessions\1\BaseNamedObjects\3184HWNDInterface:1708b2
 1624: Section       \Sessions\1\BaseNamedObjects\3184HWNDInterface:a06fa
 1648: Section       \Sessions\1\BaseNamedObjects\3184HWNDInterface:26073a
 1660: File          C:\Users\22256\AppData\Roaming\Tencent\Users\2225642019\QQ\Temp.db
 1664: Section       \Sessions\1\BaseNamedObjects\3184HWNDInterface:a06fa
 16B8: Section       \Sessions\1\BaseNamedObjects\3184HWNDInterface:200916
 16D8: Section       \Sessions\1\BaseNamedObjects\3184HWNDInterface:1708b2
 1714: Section       \Sessions\1\BaseNamedObjects\3184HWNDInterface:26073a
 172C: Section       \Sessions\1\BaseNamedObjects\3184HWNDInterface:200916
 1788: Section       \Sessions\1\BaseNamedObjects\QQ_TodayAutoPopupTime
 17B4: Section       \Sessions\1\BaseNamedObjects\3184HWNDInterface:30926
 17F4: Section       \Sessions\1\BaseNamedObjects\3184HWNDInterface:100924
 199C: File          C:\Windows\Fonts\msyh.ttc
 1A60: File          C:\Program Files\WindowsApps\Microsoft.LanguageExperiencePackzh-CN_18362.24.72.0_neutral__8wekyb3d8bbwe\Windows\System32\zh-CN\MMDevAPI.dll.mui
 1A68: File          C:\Users\22256\Documents\Tencent Files\2225642019\Audio\AudioInfo\PTTInfo.db
 1DB4: Section       \Sessions\1\BaseNamedObjects\QQ_TodayNotifyLastTimestamp
------------------------------------------------------------------------------
SearchProtocolHost.exe pid: 4740 \<unable to open process>
------------------------------------------------------------------------------
TXPlatform.exe pid: 912 DESKTOP-HM0IV1I\22256
   40: File          C:\Windows
   84: File          C:\Windows\SysWOW64
  2CC: Section       \BaseNamedObjects\__ComCatalogCache__
  34C: Section       \BaseNamedObjects\__ComCatalogCache__
  368: File          C:\Windows\Registration\R000000000004.clb
------------------------------------------------------------------------------
svchost.exe pid: 14812 \<unable to open process>
------------------------------------------------------------------------------
svchost.exe pid: 16496 \<unable to open process>
------------------------------------------------------------------------------
explorer.exe pid: 17340 DESKTOP-HM0IV1I\22256
   40: File          C:\Windows\System32
  110: File          C:\Program Files\WindowsApps\Microsoft.LanguageExperiencePackzh-CN_18362.24.72.0_neutral__8wekyb3d8bbwe\Windows\zh-CN\explorer.exe.mui
  274: Section       \Sessions\1\BaseNamedObjects\windows_shell_global_counters
  2B4: Section       \BaseNamedObjects\__ComCatalogCache__
  2B8: File          C:\Windows\Registration\R000000000004.clb
  2E4: Section       \BaseNamedObjects\__ComCatalogCache__
  348: File          C:\Windows\WinSxS\amd64_microsoft.windows.common-controls_6595b64144ccf1df_6.0.18362.778_none_e6c6b761130d4fb8
  358: File          C:\Windows\WinSxS\amd64_microsoft.windows.common-controls_6595b64144ccf1df_6.0.18362.778_none_e6c6b761130d4fb8
  364: File          C:\Program Files\WindowsApps\Microsoft.LanguageExperiencePackzh-CN_18362.24.72.0_neutral__8wekyb3d8bbwe\Windows\System32\zh-CN\explorerframe.dll.mui
  38C: Section       \Windows\Theme114988444
  394: Section       \Sessions\1\Windows\Theme4228464951
  3A8: Section       \Sessions\1\BaseNamedObjects\C:*ProgramData*Microsoft*Windows*Caches*{DDF571F2-BE98-426D-8288-1A9A39C3FDA2}.2.ver0x0000000000000002.db
  3B8: Section       \Sessions\1\BaseNamedObjects\C:*ProgramData*Microsoft*Windows*Caches*cversions.2.ro
  3DC: Section       \Sessions\1\BaseNamedObjects\C:*ProgramData*Microsoft*Windows*Caches*cversions.2.ro
  3E0: Section       \Sessions\1\BaseNamedObjects\C:*ProgramData*Microsoft*Windows*Caches*{6AF0698E-D558-4F6E-9B3C-3716689AF493}.2.ver0x0000000000000003.db
  3E4: File          C:\Windows\WinSxS\amd64_microsoft.windows.common-controls_6595b64144ccf1df_6.0.18362.778_none_e6c6b761130d4fb8
  410: File          C:\Windows\SystemResources\ExplorerFrame.dll.mun
  418: File          C:\Windows\SystemResources\shell32.dll.mun
  41C: File          C:\Users\22256\AppData\Local\Microsoft\Windows\Explorer\iconcache_idx.db
  42C: File          C:\Windows\WinSxS\amd64_microsoft.windows.common-controls_6595b64144ccf1df_6.0.18362.778_none_e6c6b761130d4fb8
  480: File          C:\Users\22256\AppData\Local\Microsoft\Windows\Explorer\iconcache_16.db
  49C: Section       \Sessions\1\BaseNamedObjects\43bcHWNDInterface:14076a
  4A8: Section       \Sessions\1\BaseNamedObjects\43bcHWNDInterface:b0580
  4C8: Section       \Sessions\1\BaseNamedObjects\43bcHWNDInterface:b0580
  4D4: File          C:\Windows\Fonts\StaticCache.dat
  4F8: Section       \Sessions\1\BaseNamedObjects\43bcHWNDInterface:170a1a
  510: Section       \Sessions\1\BaseNamedObjects\43bcHWNDInterface:170a1a
  520: Section       \Sessions\1\BaseNamedObjects\43bcHWNDInterface:14076a
  538: Section       \Sessions\1\BaseNamedObjects\43bcHWNDInterface:7086a
  53C: Section       \Sessions\1\BaseNamedObjects\43bcHWNDInterface:7086a
  554: File          C:\Windows\WinSxS\amd64_microsoft.windows.common-controls_6595b64144ccf1df_6.0.18362.778_none_e6c6b761130d4fb8
  55C: File          C:\Windows\WinSxS\amd64_microsoft.windows.common-controls_6595b64144ccf1df_6.0.18362.778_none_e6c6b761130d4fb8
  584: File          C:\Windows\WinSxS\amd64_microsoft.windows.common-controls_6595b64144ccf1df_6.0.18362.778_none_e6c6b761130d4fb8
  5BC: File          C:\Windows\WinSxS\amd64_microsoft.windows.gdiplus_6595b64144ccf1df_1.1.18362.778_none_17b1aa466d9fc986
  5CC: File          C:\Program Files\WindowsApps\Microsoft.LanguageExperiencePackzh-CN_18362.24.72.0_neutral__8wekyb3d8bbwe\Windows\System32\zh-CN\UIRibbon.dll.mui
  628: File          C:\Program Files\WindowsApps\Microsoft.LanguageExperiencePackzh-CN_18362.24.72.0_neutral__8wekyb3d8bbwe\Windows\System32\zh-CN\shell32.dll.mui
  62C: File          C:\Users\22256\AppData\Local\Microsoft\Windows\Explorer\iconcache_32.db
  630: File          C:\Users\22256\AppData\Local\Microsoft\Windows\Explorer\iconcache_32.db
  660: Section       \Sessions\1\BaseNamedObjects\SessionImmersiveColorPreference
  674: Section       \BaseNamedObjects\windows_shell_global_counters
  6F8: File          C:\Windows\WinSxS\amd64_microsoft.windows.common-controls_6595b64144ccf1df_6.0.18362.778_none_e6c6b761130d4fb8
  710: File          C:\Program Files\WindowsApps\Microsoft.LanguageExperiencePackzh-CN_18362.24.72.0_neutral__8wekyb3d8bbwe\Windows\System32\zh-CN\propsys.dll.mui
  714: Section       \Sessions\1\BaseNamedObjects\43bcHWNDInterface:1102a2
  734: Section       \Sessions\1\BaseNamedObjects\43bcHWNDInterface:110686
  738: Section       \Sessions\1\BaseNamedObjects\43bcHWNDInterface:110686
  740: Section       \Sessions\1\BaseNamedObjects\43bcHWNDInterface:1102a2
  744: File          C:\Program Files\WindowsApps\Microsoft.LanguageExperiencePackzh-CN_18362.24.72.0_neutral__8wekyb3d8bbwe\Windows\System32\zh-CN\oleaccrc.dll.mui
  754: Section       \Sessions\1\BaseNamedObjects\43bcHWNDInterface:16058e
  758: Section       \Sessions\1\BaseNamedObjects\43bcHWNDInterface:16058e
  770: File          C:\Program Files\WindowsApps\Microsoft.LanguageExperiencePackzh-CN_18362.24.72.0_neutral__8wekyb3d8bbwe\Windows\System32\zh-CN\dui70.dll.mui
  830: File          C:\Windows\WinSxS\amd64_microsoft.windows.common-controls_6595b64144ccf1df_6.0.18362.778_none_e6c6b761130d4fb8
  870: File          C:\Program Files\WindowsApps\Microsoft.LanguageExperiencePackzh-CN_18362.24.72.0_neutral__8wekyb3d8bbwe\Windows\System32\zh-CN\windows.storage.dll.mui
  878: File          C:\Program Files\WindowsApps\Microsoft.LanguageExperiencePackzh-CN_18362.24.72.0_neutral__8wekyb3d8bbwe\Windows\System32\zh-CN\KernelBase.dll.mui
  8D4: File          C:\Program Files\WindowsApps\Microsoft.LanguageExperiencePackzh-CN_18362.24.72.0_neutral__8wekyb3d8bbwe\Windows\System32\zh-CN\mpr.dll.mui
  910: File          C:\Program Files\WindowsApps\Microsoft.LanguageExperiencePackzh-CN_18362.24.72.0_neutral__8wekyb3d8bbwe\Windows\System32\zh-CN\playtomenu.dll.mui
  97C: Section       \Sessions\1\BaseNamedObjects\C:*Users*22256*AppData*Local*Microsoft*Windows*Caches*{3DA71D5A-20CC-432F-A115-DFE92379E91F}.3.ver0x00000000000003b1.db
  9A0: File          C:\Users\22256\AppData\Local\Microsoft\Windows\Explorer\iconcache_16.db
  9B4: File          C:\Users\22256\AppData\Local\Microsoft\Windows\Explorer\thumbcache_idx.db
  A30: File          C:\Windows\WinSxS\amd64_microsoft.windows.gdiplus_6595b64144ccf1df_1.1.18362.778_none_17b1aa466d9fc986
  A3C: File          C:\Windows\WinSxS\amd64_microsoft.windows.common-controls_6595b64144ccf1df_6.0.18362.778_none_e6c6b761130d4fb8
  A5C: Section       \Sessions\1\BaseNamedObjects\ksolog_17340
  AB8: File          C:\Users\22256\AppData\Local\Microsoft\Windows\Explorer\iconcache_48.db
  ABC: File          C:\Users\22256\AppData\Local\Microsoft\Windows\Explorer\iconcache_256.db
  B70: Section       \Sessions\1\BaseNamedObjects\C:*ProgramData*Microsoft*Windows*Caches*cversions.2.ro
  B74: Section       \Sessions\1\BaseNamedObjects\C:*ProgramData*Microsoft*Windows*Caches*{0E176B0B-A2CA-4AF5-8753-345E43E25004}.2.ver0x0000000000000002.db
  CF8: File          C:\Program Files\WindowsApps\Microsoft.LanguageExperiencePackzh-CN_18362.24.72.0_neutral__8wekyb3d8bbwe\Windows\System32\zh-CN\twext.dll.mui
  EE8: File          C:\Program Files\WindowsApps\Microsoft.LanguageExperiencePackzh-CN_18362.24.72.0_neutral__8wekyb3d8bbwe\Windows\System32\zh-CN\mswsock.dll.mui
  F58: File          C:\Windows\WinSxS\amd64_microsoft.windows.common-controls_6595b64144ccf1df_6.0.18362.778_none_e6c6b761130d4fb8
  F60: File          C:\Windows\System32
  F84: File          C:\Windows\WinSxS\amd64_microsoft.vc90.crt_1fc8b3b9a1e18e3b_9.0.30729.9619_none_08e065a3a84109b0
  FB8: File          C:\Users\22256\AppData\Local\Microsoft\Windows\Explorer\thumbcache_32.db
 1014: File          C:\Users\22256\AppData\Local\Microsoft\Windows\Explorer\thumbcache_32.db
 10F4: File          C:\Users\22256\AppData\Local\Microsoft\Windows\Explorer\thumbcache_2560.db
 10F8: File          C:\Users\22256\AppData\Local\Microsoft\Windows\Explorer\thumbcache_1280.db
 1150: File          C:\Program Files\WindowsApps\Microsoft.LanguageExperiencePackzh-CN_18362.24.72.0_neutral__8wekyb3d8bbwe\Windows\System32\zh-CN\ntshrui.dll.mui
 1194: File          C:\Windows\WinSxS\amd64_microsoft.windows.common-controls_6595b64144ccf1df_6.0.18362.778_none_e6c6b761130d4fb8
 11BC: Section       \Sessions\1\BaseNamedObjects\C:*ProgramData*Microsoft*Windows*Caches*cversions.2.ro
 11DC: File          C:\Users\22256\AppData\Local\Microsoft\Windows\Explorer\iconcache_idx.db
 1200: Section       \Sessions\1\BaseNamedObjects\UrlZonesSM_22256
 1238: File          C:\Program Files\WindowsApps\Microsoft.LanguageExperiencePackzh-CN_18362.24.72.0_neutral__8wekyb3d8bbwe\Windows\System32\zh-CN\crypt32.dll.mui
 1244: File          C:\Windows\WinSxS\amd64_microsoft.windows.common-controls_6595b64144ccf1df_6.0.18362.778_none_e6c6b761130d4fb8
 133C: File          C:\Users\22256\AppData\Local\Microsoft\Windows\Explorer\thumbcache_idx.db
 1398: Section       \Sessions\1\BaseNamedObjects\C:*Users*22256*AppData*Local*Microsoft*Windows*Caches*cversions.3.ro
 13A0: Section       \Sessions\1\BaseNamedObjects\C:*Users*22256*AppData*Local*Microsoft*Windows*Caches*cversions.3.ro
------------------------------------------------------------------------------
audiodg.exe pid: 12248 \<unable to open process>
------------------------------------------------------------------------------
wpscenter.exe pid: 12640 DESKTOP-HM0IV1I\22256
   40: File          C:\Windows
   84: File          C:\Windows\SysWOW64
  2A8: Section       \Windows\Theme114988444
  2C0: File          C:\Windows\WinSxS\x86_microsoft.windows.common-controls_6595b64144ccf1df_6.0.18362.778_none_2e73ee38278978be
  398: Section       \Sessions\1\Windows\Theme4228464951
  428: Section       \Sessions\1\BaseNamedObjects\windows_shell_global_counters
  68C: File          C:\Program Files\WindowsApps\Microsoft.LanguageExperiencePackzh-CN_18362.24.72.0_neutral__8wekyb3d8bbwe\Windows\System32\zh-CN\MFC42.dll.mui
  7B0: Section       \Sessions\1\BaseNamedObjects\ksolog_12640
  A04: Section       \BaseNamedObjects\__ComCatalogCache__
  A4C: Section       \BaseNamedObjects\__ComCatalogCache__
  A50: File          C:\Windows\Registration\R000000000004.clb
  AF8: File          C:\Windows\SysWOW64\wbem\wbemdisp.tlb
  B18: File          C:\Windows\SysWOW64\stdole2.tlb
  F10: File          C:\Program Files\WindowsApps\Microsoft.LanguageExperiencePackzh-CN_18362.24.72.0_neutral__8wekyb3d8bbwe\Windows\System32\zh-CN\crypt32.dll.mui
------------------------------------------------------------------------------
PotPlayerMini.exe pid: 16620 DESKTOP-HM0IV1I\22256
   40: File          C:\Windows
   84: File          C:\Windows\SysWOW64
  1B8: File          C:\Program Files\WindowsApps\Microsoft.LanguageExperiencePackzh-CN_18362.24.72.0_neutral__8wekyb3d8bbwe\Windows\System32\zh-CN\crypt32.dll.mui
  3F0: File          C:\Windows\WinSxS\x86_microsoft.windows.common-controls_6595b64144ccf1df_6.0.18362.778_none_2e73ee38278978be
  51C: Section       \Windows\Theme114988444
  520: Section       \Sessions\1\Windows\Theme4228464951
  530: File          C:\Program Files\WindowsApps\Microsoft.LanguageExperiencePackzh-CN_18362.24.72.0_neutral__8wekyb3d8bbwe\Windows\System32\zh-CN\winnlsres.dll.mui
  53C: Section       \Sessions\1\BaseNamedObjects\windows_shell_global_counters
  58C: Section       \BaseNamedObjects\__ComCatalogCache__
  5AC: Section       \BaseNamedObjects\__ComCatalogCache__
  5E4: File          C:\Windows\Registration\R000000000004.clb
  5E8: Section       \Sessions\1\BaseNamedObjects\_Daum_Street_Mem1_ID_
  614: File          C:\Program Files\WindowsApps\Microsoft.LanguageExperiencePackzh-CN_18362.24.72.0_neutral__8wekyb3d8bbwe\Windows\System32\zh-CN\wdmaud.drv.mui
  628: File          C:\Program Files\WindowsApps\Microsoft.LanguageExperiencePackzh-CN_18362.24.72.0_neutral__8wekyb3d8bbwe\Windows\System32\zh-CN\MMDevAPI.dll.mui
  6F8: File          C:\Windows\Fonts\StaticCache.dat
  758: Section       \Sessions\1\BaseNamedObjects\40ecHWNDInterface:150942
  75C: Section       \Sessions\1\BaseNamedObjects\40ecHWNDInterface:150942
  770: File          C:\Program Files\WindowsApps\Microsoft.LanguageExperiencePackzh-CN_18362.24.72.0_neutral__8wekyb3d8bbwe\Windows\System32\zh-CN\devenum.dll.mui
  7A4: File          C:\Windows\WinSxS\x86_microsoft.windows.gdiplus_6595b64144ccf1df_1.1.18362.778_none_5f5ee11d821bf28c
  7AC: File          C:\Program Files\WindowsApps\Microsoft.LanguageExperiencePackzh-CN_18362.24.72.0_neutral__8wekyb3d8bbwe\Windows\System32\zh-CN\dsound.dll.mui
  7C8: File          C:\Program Files\WindowsApps\Microsoft.LanguageExperiencePackzh-CN_18362.24.72.0_neutral__8wekyb3d8bbwe\Windows\System32\zh-CN\user32.dll.mui
  958: Section       \Sessions\1\BaseNamedObjects\40ecHWNDInterface:c0894
  95C: Section       \Sessions\1\BaseNamedObjects\40ecHWNDInterface:c0894
  978: File          C:\Windows\WinSxS\x86_microsoft.windows.common-controls_6595b64144ccf1df_6.0.18362.778_none_2e73ee38278978be
  990: Section       \Sessions\1\BaseNamedObjects\C:*ProgramData*Microsoft*Windows*Caches*{6AF0698E-D558-4F6E-9B3C-3716689AF493}.2.ver0x0000000000000003.db
  9A0: Section       \Sessions\1\BaseNamedObjects\C:*ProgramData*Microsoft*Windows*Caches*cversions.2.ro
  9A8: Section       \Sessions\1\BaseNamedObjects\C:*ProgramData*Microsoft*Windows*Caches*cversions.2.ro
  9AC: Section       \Sessions\1\BaseNamedObjects\C:*ProgramData*Microsoft*Windows*Caches*{DDF571F2-BE98-426D-8288-1A9A39C3FDA2}.2.ver0x0000000000000002.db
  9B0: File          C:\Program Files\WindowsApps\Microsoft.LanguageExperiencePackzh-CN_18362.24.72.0_neutral__8wekyb3d8bbwe\Windows\System32\zh-CN\propsys.dll.mui
  9F4: File          C:\Users\22256\AppData\Local\Microsoft\Windows\Explorer\iconcache_idx.db
  A40: File          C:\Users\22256\AppData\Local\Microsoft\Windows\Explorer\iconcache_idx.db
  A44: File          C:\Users\22256\AppData\Local\Microsoft\Windows\Explorer\iconcache_16.db
  A48: File          C:\Users\22256\AppData\Local\Microsoft\Windows\Explorer\thumbcache_idx.db
  A4C: File          C:\Users\22256\AppData\Local\Microsoft\Windows\Explorer\iconcache_16.db
  A94: File          C:\Users\22256\AppData\Local\Microsoft\Windows\Explorer\thumbcache_idx.db
  A98: File          C:\Users\22256\AppData\Local\Microsoft\Windows\Explorer\thumbcache_32.db
  AA0: File          C:\Users\22256\AppData\Local\Microsoft\Windows\Explorer\thumbcache_32.db
  AEC: File          C:\Windows\WinSxS\x86_microsoft.windows.common-controls_6595b64144ccf1df_6.0.18362.778_none_2e73ee38278978be
  B40: Section       \Sessions\1\BaseNamedObjects\windows_webcache_counters_{9B6AB5B3-91BC-4097-835C-EA2DEC95E9CC}_S-1-5-21-1198195036-2823278632-1195532929-1001
  BAC: Section       \BaseNamedObjects\F932B6C7-3A20-46A0-B8A0-8894AA421973
  C50: File          C:\Windows\apppatch\DirectXApps.sdb
  C68: Section       \Sessions\1\BaseNamedObjects\UrlZonesSM_22256
  CA4: File          C:\Program Files\WindowsApps\Microsoft.LanguageExperiencePackzh-CN_18362.24.72.0_neutral__8wekyb3d8bbwe\Windows\System32\zh-CN\MFC42.dll.mui
  D04: File          C:\Program Files\WindowsApps\Microsoft.LanguageExperiencePackzh-CN_18362.24.72.0_neutral__8wekyb3d8bbwe\Windows\System32\zh-CN\mswsock.dll.mui
  D28: Section       \Sessions\1\BaseNamedObjects\AMResourceMapping3-0000-0x00077b
  ED0: Section       \Sessions\1\BaseNamedObjects\DirectSound Administrator shared thread array
 1130: File          C:\Users\22256\Documents\Tencent Files\2225642019\FileRecv\Chapter9-part5-live data demo windows.mp4
------------------------------------------------------------------------------
EpicGamesLauncher.exe pid: 16408 DESKTOP-HM0IV1I\22256
   78: File          C:\Windows\WinSxS\amd64_microsoft.windows.common-controls_6595b64144ccf1df_5.82.18362.778_none_2a29d4a64667eb69
  250: Section       \Sessions\1\BaseNamedObjects\windows_shell_global_counters
  304: File          D:\game\itself\epic\Epic Games\Launcher\Portal\Binaries\Win64
  310: File          C:\Users\22256\AppData\Local\EpicGamesLauncher\Saved\Logs\EpicGamesLauncher.log
  47C: Section       \Windows\Theme114988444
  480: Section       \Sessions\1\Windows\Theme4228464951
  49C: File          C:\Users\22256\AppData\Local\EpicGamesLauncher\Saved\Logs\cef3.log
  510: File          D:\game\itself\epic\Epic Games\Launcher\Engine\Binaries\ThirdParty\CEF3\Win64\icudtl.dat
  520: File          D:\game\itself\epic\Epic Games\Launcher\Engine\Binaries\ThirdParty\CEF3\Win64\snapshot_blob.bin
  528: File          D:\game\itself\epic\Epic Games\Launcher\Engine\Binaries\ThirdParty\CEF3\Win64\natives_blob.bin
  538: File          D:\game\itself\epic\Epic Games\Launcher\Engine\Binaries\ThirdParty\CEF3\Win64\Resources\locales\zh-CN.pak
  540: File          D:\game\itself\epic\Epic Games\Launcher\Engine\Binaries\ThirdParty\CEF3\Win64\Resources\cef.pak
  548: File          D:\game\itself\epic\Epic Games\Launcher\Engine\Binaries\ThirdParty\CEF3\Win64\Resources\cef_100_percent.pak
  550: File          D:\game\itself\epic\Epic Games\Launcher\Engine\Binaries\ThirdParty\CEF3\Win64\Resources\cef_200_percent.pak
  558: File          D:\game\itself\epic\Epic Games\Launcher\Engine\Binaries\ThirdParty\CEF3\Win64\Resources\cef_extensions.pak
  560: File          D:\game\itself\epic\Epic Games\Launcher\Engine\Binaries\ThirdParty\CEF3\Win64\Resources\devtools_resources.pak
  5F4: File          C:\Windows\System32\drivers\etc
  608: Section       \BaseNamedObjects\__ComCatalogCache__
  60C: File          C:\Windows\Registration\R000000000004.clb
  708: Section       \Sessions\1\BaseNamedObjects\CrSharedMem_fd22eb52aaa5bd0fc9ad051b0e2b750f1eb61cae57f9a50f98373ed7f4eaacc9
  70C: Section       \Sessions\1\BaseNamedObjects\CrSharedMem_fd22eb52aaa5bd0fc9ad051b0e2b750f1eb61cae57f9a50f98373ed7f4eaacc9
  76C: Section       \BaseNamedObjects\__ComCatalogCache__
  7BC: Section       \Sessions\1\BaseNamedObjects\CrSharedMem_eb65edd9d7274d81225c3fe2b08533a0a8e9cd45aa883f263089525cc2b59597
  878: File          C:\Program Files\WindowsApps\Microsoft.LanguageExperiencePackzh-CN_18362.24.72.0_neutral__8wekyb3d8bbwe\Windows\System32\zh-CN\crypt32.dll.mui
  884: File          C:\Windows\apppatch\DirectXApps.sdb
  8E8: File          C:\Users\22256\AppData\Local\Temp\NVIDIA Corporation\NV_Cache\1d4a3402597cae217beb867650140d07_fce8395c8fd8a998_3e0baaf87965d762_0_0.toc
  904: File          C:\Users\22256\AppData\Local\Temp\NVIDIA Corporation\NV_Cache\1d4a3402597cae217beb867650140d07_fce8395c8fd8a998_3e0baaf87965d762_0_0.bin
  950: File          C:\Program Files\WindowsApps\Microsoft.LanguageExperiencePackzh-CN_18362.24.72.0_neutral__8wekyb3d8bbwe\Windows\System32\zh-CN\mswsock.dll.mui
  978: File          C:\Users\22256\AppData\Local\UnrealEngineLauncher\com
  98C: Section       \Sessions\1\BaseNamedObjects\C:*ProgramData*Microsoft*Windows*Caches*cversions.2.ro
  990: Section       \Sessions\1\BaseNamedObjects\C:*ProgramData*Microsoft*Windows*Caches*{6AF0698E-D558-4F6E-9B3C-3716689AF493}.2.ver0x0000000000000003.db
  994: Section       \Sessions\1\BaseNamedObjects\C:*ProgramData*Microsoft*Windows*Caches*cversions.2.ro
  9A8: Section       \Sessions\1\BaseNamedObjects\C:*ProgramData*Microsoft*Windows*Caches*{DDF571F2-BE98-426D-8288-1A9A39C3FDA2}.2.ver0x0000000000000002.db
  9AC: File          C:\Program Files\WindowsApps\Microsoft.LanguageExperiencePackzh-CN_18362.24.72.0_neutral__8wekyb3d8bbwe\Windows\System32\zh-CN\propsys.dll.mui
  9C0: Section       \Sessions\1\BaseNamedObjects\CrSharedMem_eb65edd9d7274d81225c3fe2b08533a0a8e9cd45aa883f263089525cc2b59597
  A50: Section       \Sessions\1\BaseNamedObjects\C:*ProgramData*Microsoft*Windows*Caches*{6AF0698E-D558-4F6E-9B3C-3716689AF493}.2.ver0x0000000000000003.db
  A54: Section       \Sessions\1\BaseNamedObjects\C:*ProgramData*Microsoft*Windows*Caches*cversions.2.ro
  A5C: Section       \Sessions\1\BaseNamedObjects\C:*ProgramData*Microsoft*Windows*Caches*cversions.2.ro
  A60: Section       \Sessions\1\BaseNamedObjects\C:*ProgramData*Microsoft*Windows*Caches*{DDF571F2-BE98-426D-8288-1A9A39C3FDA2}.2.ver0x0000000000000002.db
  A84: Section       \Sessions\1\BaseNamedObjects\CrSharedMem_eb65edd9d7274d81225c3fe2b08533a0a8e9cd45aa883f263089525cc2b59597
------------------------------------------------------------------------------
UnrealCEFSubProcess.exe pid: 17516 DESKTOP-HM0IV1I\22256
  1AC: File          C:\Windows\WinSxS\amd64_microsoft.windows.common-controls_6595b64144ccf1df_5.82.18362.778_none_2a29d4a64667eb69
  1C0: File          D:\game\itself\epic\Epic Games\Launcher\Engine\Binaries\Win64
  2C0: File          D:\game\itself\epic\Epic Games\Launcher\Engine\Binaries\ThirdParty\CEF3\Win64\icudtl.dat
  2CC: File          C:\Users\22256\AppData\Local\EpicGamesLauncher\Saved\Logs\cef3.log
  2D0: File          D:\game\itself\epic\Epic Games\Launcher\Engine\Binaries\ThirdParty\CEF3\Win64\Resources\locales\zh-CN.pak
  2D8: File          D:\game\itself\epic\Epic Games\Launcher\Engine\Binaries\ThirdParty\CEF3\Win64\Resources\cef.pak
  2E0: File          D:\game\itself\epic\Epic Games\Launcher\Engine\Binaries\ThirdParty\CEF3\Win64\Resources\cef_100_percent.pak
  2E8: File          D:\game\itself\epic\Epic Games\Launcher\Engine\Binaries\ThirdParty\CEF3\Win64\Resources\cef_200_percent.pak
  2F0: File          D:\game\itself\epic\Epic Games\Launcher\Engine\Binaries\ThirdParty\CEF3\Win64\Resources\cef_extensions.pak
  2F8: File          D:\game\itself\epic\Epic Games\Launcher\Engine\Binaries\ThirdParty\CEF3\Win64\Resources\devtools_resources.pak
  468: File          C:\Windows\apppatch\DirectXApps.sdb
  46C: Section       \Sessions\1\BaseNamedObjects\windows_shell_global_counters
  488: File          C:\Program Files\WindowsApps\Microsoft.LanguageExperiencePackzh-CN_18362.24.72.0_neutral__8wekyb3d8bbwe\Windows\System32\zh-CN\crypt32.dll.mui
  540: Section       \Sessions\1\BaseNamedObjects\CrSharedMem_fd22eb52aaa5bd0fc9ad051b0e2b750f1eb61cae57f9a50f98373ed7f4eaacc9
  5E8: Section       \BaseNamedObjects\__ComCatalogCache__
  5EC: Section       \BaseNamedObjects\__ComCatalogCache__
  620: File          C:\Windows\Registration\R000000000004.clb
  720: Section       \Sessions\1\BaseNamedObjects\CrSharedMem_fd22eb52aaa5bd0fc9ad051b0e2b750f1eb61cae57f9a50f98373ed7f4eaacc9
------------------------------------------------------------------------------
explorer.exe pid: 9476 DESKTOP-HM0IV1I\22256
   40: File          C:\Windows\System32
  140: File          C:\Program Files\WindowsApps\Microsoft.LanguageExperiencePackzh-CN_18362.24.72.0_neutral__8wekyb3d8bbwe\Windows\zh-CN\explorer.exe.mui
  274: Section       \Sessions\1\BaseNamedObjects\windows_shell_global_counters
  2B4: Section       \BaseNamedObjects\__ComCatalogCache__
  2B8: File          C:\Windows\Registration\R000000000004.clb
  2EC: Section       \BaseNamedObjects\__ComCatalogCache__
  340: File          C:\Users\22256\AppData\Local\Microsoft\Windows\Explorer\thumbcache_256.db
  358: Section       \Sessions\1\BaseNamedObjects\C:*ProgramData*Microsoft*Windows*Caches*cversions.2.ro
  360: File          C:\Windows\WinSxS\amd64_microsoft.windows.common-controls_6595b64144ccf1df_6.0.18362.778_none_e6c6b761130d4fb8
  38C: Section       \Windows\Theme114988444
  394: Section       \Sessions\1\Windows\Theme4228464951
  39C: Section       \Sessions\1\BaseNamedObjects\C:*ProgramData*Microsoft*Windows*Caches*{6AF0698E-D558-4F6E-9B3C-3716689AF493}.2.ver0x0000000000000003.db
  3C4: File          C:\Windows\WinSxS\amd64_microsoft.windows.common-controls_6595b64144ccf1df_6.0.18362.778_none_e6c6b761130d4fb8
  3C8: Section       \Sessions\1\BaseNamedObjects\C:*ProgramData*Microsoft*Windows*Caches*cversions.2.ro
  3D4: File          C:\Program Files\WindowsApps\Microsoft.LanguageExperiencePackzh-CN_18362.24.72.0_neutral__8wekyb3d8bbwe\Windows\System32\zh-CN\explorerframe.dll.mui
  3D8: Section       \Sessions\1\BaseNamedObjects\C:*ProgramData*Microsoft*Windows*Caches*{DDF571F2-BE98-426D-8288-1A9A39C3FDA2}.2.ver0x0000000000000002.db
  3E4: File          C:\Windows\WinSxS\amd64_microsoft.windows.common-controls_6595b64144ccf1df_6.0.18362.778_none_e6c6b761130d4fb8
  40C: File          C:\Windows\SystemResources\shell32.dll.mun
  414: File          C:\Windows\SystemResources\ExplorerFrame.dll.mun
  41C: File          C:\Windows\WinSxS\amd64_microsoft.windows.common-controls_6595b64144ccf1df_6.0.18362.778_none_e6c6b761130d4fb8
  434: File          C:\Users\22256\AppData\Local\Microsoft\Windows\Explorer\iconcache_idx.db
  484: File          C:\Users\22256\AppData\Local\Microsoft\Windows\Explorer\iconcache_16.db
  490: Section       \Sessions\1\BaseNamedObjects\2504HWNDInterface:e0a4a
  494: Section       \Sessions\1\BaseNamedObjects\2504HWNDInterface:e0a4a
  4B0: File          C:\Windows\Fonts\StaticCache.dat
  4B8: Section       \Sessions\1\BaseNamedObjects\2504HWNDInterface:1a0752
  574: File          C:\Users\22256\AppData\Local\Microsoft\Windows\Explorer\thumbcache_32.db
  578: Section       \Sessions\1\BaseNamedObjects\2504HWNDInterface:607f2
  57C: Section       \Sessions\1\BaseNamedObjects\2504HWNDInterface:607f2
  58C: Section       \Sessions\1\BaseNamedObjects\2504HWNDInterface:1a0752
  5B8: Section       \Sessions\1\BaseNamedObjects\2504HWNDInterface:909be
  5BC: Section       \Sessions\1\BaseNamedObjects\2504HWNDInterface:909be
  614: File          C:\Windows\WinSxS\amd64_microsoft.windows.common-controls_6595b64144ccf1df_6.0.18362.778_none_e6c6b761130d4fb8
  61C: File          C:\Windows\WinSxS\amd64_microsoft.windows.common-controls_6595b64144ccf1df_6.0.18362.778_none_e6c6b761130d4fb8
  638: File          C:\Windows\WinSxS\amd64_microsoft.windows.gdiplus_6595b64144ccf1df_1.1.18362.778_none_17b1aa466d9fc986
  650: File          C:\Windows\WinSxS\amd64_microsoft.windows.common-controls_6595b64144ccf1df_6.0.18362.778_none_e6c6b761130d4fb8
  658: File          C:\Program Files\WindowsApps\Microsoft.LanguageExperiencePackzh-CN_18362.24.72.0_neutral__8wekyb3d8bbwe\Windows\System32\zh-CN\UIRibbon.dll.mui
  660: File          C:\Program Files\WindowsApps\Microsoft.LanguageExperiencePackzh-CN_18362.24.72.0_neutral__8wekyb3d8bbwe\Windows\System32\zh-CN\shell32.dll.mui
  6C4: File          C:\Program Files\WindowsApps\Microsoft.LanguageExperiencePackzh-CN_18362.24.72.0_neutral__8wekyb3d8bbwe\Windows\System32\zh-CN\dui70.dll.mui
  6D4: File          C:\Users\22256\AppData\Local\Microsoft\Windows\Explorer\iconcache_32.db
  6F4: Section       \Sessions\1\BaseNamedObjects\SessionImmersiveColorPreference
  708: Section       \BaseNamedObjects\windows_shell_global_counters
  760: Section       \Sessions\1\BaseNamedObjects\2504HWNDInterface:150776
  778: Section       \Sessions\1\BaseNamedObjects\2504HWNDInterface:150776
  780: File          C:\Users\22256\AppData\Local\Microsoft\Windows\Explorer\iconcache_idx.db
  790: File          C:\Windows\WinSxS\amd64_microsoft.windows.common-controls_6595b64144ccf1df_6.0.18362.778_none_e6c6b761130d4fb8
  7A0: Section       \Sessions\1\BaseNamedObjects\2504HWNDInterface:40a68
  7B4: Section       \Sessions\1\BaseNamedObjects\2504HWNDInterface:40a68
  7BC: File          C:\Program Files\WindowsApps\Microsoft.LanguageExperiencePackzh-CN_18362.24.72.0_neutral__8wekyb3d8bbwe\Windows\System32\zh-CN\propsys.dll.mui
  7F4: File          C:\Program Files\WindowsApps\Microsoft.LanguageExperiencePackzh-CN_18362.24.72.0_neutral__8wekyb3d8bbwe\Windows\System32\zh-CN\oleaccrc.dll.mui
  828: Section       \Sessions\1\BaseNamedObjects\2504HWNDInterface:d09a4
  860: File          C:\Users\22256\AppData\Local\Microsoft\Windows\Explorer\iconcache_48.db
  884: File          C:\Windows\WinSxS\amd64_microsoft.windows.common-controls_6595b64144ccf1df_6.0.18362.778_none_e6c6b761130d4fb8
  8AC: File          C:\Program Files\WindowsApps\Microsoft.LanguageExperiencePackzh-CN_18362.24.72.0_neutral__8wekyb3d8bbwe\Windows\System32\zh-CN\KernelBase.dll.mui
  8B4: Section       \Sessions\1\BaseNamedObjects\2504HWNDInterface:d09a4
  8F4: File          C:\Program Files\WindowsApps\Microsoft.LanguageExperiencePackzh-CN_18362.24.72.0_neutral__8wekyb3d8bbwe\Windows\System32\zh-CN\windows.storage.dll.mui
  964: File          C:\Users\22256\AppData\Local\Microsoft\Windows\Explorer\thumbcache_idx.db
  99C: File          C:\Program Files\WindowsApps\Microsoft.LanguageExperiencePackzh-CN_18362.24.72.0_neutral__8wekyb3d8bbwe\Windows\System32\zh-CN\mpr.dll.mui
  A54: File          C:\Windows\WinSxS\amd64_microsoft.windows.gdiplus_6595b64144ccf1df_1.1.18362.778_none_17b1aa466d9fc986
  A7C: File          C:\Windows\WinSxS\amd64_microsoft.windows.common-controls_6595b64144ccf1df_6.0.18362.778_none_e6c6b761130d4fb8
  AE4: Section       \Sessions\1\BaseNamedObjects\ksolog_9476
  B4C: Section       \Sessions\1\BaseNamedObjects\C:*ProgramData*Microsoft*Windows*Caches*cversions.2.ro
  B50: Section       \Sessions\1\BaseNamedObjects\C:*ProgramData*Microsoft*Windows*Caches*cversions.2.ro
  B6C: Section       \Sessions\1\BaseNamedObjects\C:*ProgramData*Microsoft*Windows*Caches*{0E176B0B-A2CA-4AF5-8753-345E43E25004}.2.ver0x0000000000000002.db
  C20: File          C:\Program Files\WindowsApps\Microsoft.LanguageExperiencePackzh-CN_18362.24.72.0_neutral__8wekyb3d8bbwe\Windows\System32\zh-CN\combase.dll.mui
  F10: File          C:\Users\22256\AppData\Local\Microsoft\Windows\Explorer\iconcache_256.db
  F48: File          C:\Windows\WinSxS\amd64_microsoft.windows.common-controls_6595b64144ccf1df_6.0.18362.778_none_e6c6b761130d4fb8
  FBC: File          C:\Program Files\WindowsApps\Microsoft.LanguageExperiencePackzh-CN_18362.24.72.0_neutral__8wekyb3d8bbwe\Windows\System32\zh-CN\mswsock.dll.mui
 10C8: Section       \Sessions\1\BaseNamedObjects\UrlZonesSM_22256
 118C: File          C:\Program Files\WindowsApps\Microsoft.LanguageExperiencePackzh-CN_18362.24.72.0_neutral__8wekyb3d8bbwe\Windows\System32\zh-CN\crypt32.dll.mui
 1284: File          C:\Users\22256\AppData\Local\Microsoft\Windows\Explorer\iconcache_32.db
 12A0: File          C:\Users\22256\AppData\Local\Microsoft\Windows\Explorer\iconcache_16.db
------------------------------------------------------------------------------
Video.UI.exe pid: 17080 DESKTOP-HM0IV1I\22256
   38: File          C:\Program Files\WindowsApps\Microsoft.ZuneVideo_10.20022.11011.0_x64__8wekyb3d8bbwe
  184: Section       \BaseNamedObjects\__ComCatalogCache__
  27C: Section       \Sessions\1\AppContainerNamedObjects\S-1-15-2-2967553933-3217682302-2494645345-2077017737-3805576244-585965800-1797614741\ApplicationService:42b81d61d0706c31f19
  390: Section       \Sessions\1\AppContainerNamedObjects\S-1-15-2-2967553933-3217682302-2494645345-2077017737-3805576244-585965800-1797614741\SessionImmersiveColorPreference
  3FC: File          C:\Windows\apppatch\DirectXApps.sdb
  404: Section       \Sessions\1\AppContainerNamedObjects\S-1-15-2-2967553933-3217682302-2494645345-2077017737-3805576244-585965800-1797614741\windows_shell_global_counters
  424: File          C:\Windows\System32\WinMetadata\Windows.UI.Xaml.winmd
  4E4: File          C:\Windows\Fonts\segoeui.ttf
  53C: File          C:\Program Files\WindowsApps\Microsoft.LanguageExperiencePackzh-CN_18362.24.72.0_neutral__8wekyb3d8bbwe\Windows\System32\zh-CN\windows.storage.dll.mui
  5F4: File          C:\Windows\System32\zh-CN\ESENT.dll.mui
  624: File          C:\Users\22256\AppData\Local\Packages\Microsoft.ZuneVideo_8wekyb3d8bbwe\LocalState\Database\anonymous\EntClientDb.jfm
  66C: File          C:\Users\22256\AppData\Local\Packages\Microsoft.ZuneVideo_8wekyb3d8bbwe\LocalState\Database\anonymous\edb.log
  6AC: File          C:\Users\22256\AppData\Local\Packages\Microsoft.ZuneVideo_8wekyb3d8bbwe\LocalState\Database\anonymous\EntClientDb.edb
  6DC: Section       \Sessions\1\AppContainerNamedObjects\S-1-15-2-2967553933-3217682302-2494645345-2077017737-3805576244-585965800-1797614741\42b8HWNDInterface:10b14
  6E0: Section       \Sessions\1\AppContainerNamedObjects\S-1-15-2-2967553933-3217682302-2494645345-2077017737-3805576244-585965800-1797614741\42b8HWNDInterface:10b14
  6E8: Section       \Sessions\1\AppContainerNamedObjects\S-1-15-2-2967553933-3217682302-2494645345-2077017737-3805576244-585965800-1797614741\42b8HWNDInterface:10b14
  77C: File          C:\Users\22256\AppData\Local\Packages\Microsoft.ZuneVideo_8wekyb3d8bbwe\LocalState\Database\anonymous\tmp.edb
------------------------------------------------------------------------------
cmd.exe pid: 1304 DESKTOP-HM0IV1I\22256
  10C: File          D:\study\Chapter9-ref-SysinternalsSuite
  12C: File          C:\Program Files\WindowsApps\Microsoft.LanguageExperiencePackzh-CN_18362.24.72.0_neutral__8wekyb3d8bbwe\Windows\System32\zh-CN\cmd.exe.mui
------------------------------------------------------------------------------
conhost.exe pid: 1212 DESKTOP-HM0IV1I\22256
   10: File          C:\Windows
  140: File          C:\Program Files\WindowsApps\Microsoft.LanguageExperiencePackzh-CN_18362.24.72.0_neutral__8wekyb3d8bbwe\Windows\System32\zh-CN\Conhost.exe.mui
  224: File          C:\Windows\Fonts\StaticCache.dat
  22C: Section       \Windows\Theme114988444
  230: Section       \Sessions\1\Windows\Theme4228464951
  23C: File          C:\Program Files\WindowsApps\Microsoft.LanguageExperiencePackzh-CN_18362.24.72.0_neutral__8wekyb3d8bbwe\Windows\System32\zh-CN\user32.dll.mui
  248: Section       \Sessions\1\BaseNamedObjects\SessionImmersiveColorPreference
  250: File          C:\Windows\WinSxS\amd64_microsoft.windows.common-controls_6595b64144ccf1df_6.0.18362.778_none_e6c6b761130d4fb8
  31C: Section       \BaseNamedObjects\__ComCatalogCache__
  320: Section       \BaseNamedObjects\__ComCatalogCache__
  328: File          C:\Windows\Registration\R000000000004.clb
  330: Section       \Sessions\1\BaseNamedObjects\windows_shell_global_counters
------------------------------------------------------------------------------
svchost.exe pid: 17860 \<unable to open process>
------------------------------------------------------------------------------
wps.exe pid: 1864 DESKTOP-HM0IV1I\22256
   40: File          C:\Windows
   8C: File          C:\Windows\SysWOW64
  2B0: File          C:\Windows\WinSxS\x86_microsoft.windows.common-controls_6595b64144ccf1df_6.0.18362.778_none_2e73ee38278978be
  3A8: Section       \Windows\Theme114988444
  3AC: Section       \Sessions\1\Windows\Theme4228464951
  41C: Section       \Sessions\1\BaseNamedObjects\windows_shell_global_counters
  670: Section       \Sessions\1\BaseNamedObjects\ksolog_1864
  71C: File          C:\Program Files\WindowsApps\Microsoft.LanguageExperiencePackzh-CN_18362.24.72.0_neutral__8wekyb3d8bbwe\Windows\System32\zh-CN\MFC42.dll.mui
  8E4: File          C:\Program Files\WindowsApps\Microsoft.LanguageExperiencePackzh-CN_18362.24.72.0_neutral__8wekyb3d8bbwe\Windows\System32\zh-CN\crypt32.dll.mui
  AAC: Section       \Sessions\1\BaseNamedObjects\qipc_sharedmemory_UPDLogFileZMutxNamefa9ef7dcc10a811d72a9a600bc8bcdc0a89f1a5b
  AB4: Section       \Sessions\1\BaseNamedObjects\qipc_sharedmemory_UPDLogFileZMutxNamefa9ef7dcc10a811d72a9a600bc8bcdc0a89f1a5b
  DE8: File          C:\Users\22256\AppData\Local\kingsoft\WPS Cloud Files\userdata\qing\wpsbox\all\fileradar.db
  F64: File          C:\Users\22256\AppData\Local\kingsoft\WPS Cloud Files\userdata\qing\qing.db
 10AC: File          C:\Users\22256\AppData\Local\kingsoft\WPS Cloud Files\userdata\qing\datacache.db
 10E0: File          C:\Users\22256\AppData\Local\kingsoft\WPS Cloud Files\userdata\qing\filecache\.495577363\teamevent.db
 10E8: File          C:\Users\22256\AppData\Local\kingsoft\WPS Cloud Files\userdata\qing\info.db
 1110: File          C:\Users\22256\AppData\Roaming\kingsoft\office6\wpsbox\495577363\wpsbox.db
 114C: File          C:\Users\22256\AppData\Local\kingsoft\WPS Cloud Files\userdata\qing\filecache\.495577363\discussionMsg.db
 12DC: File          C:\Users\22256\Documents\Tencent Files\851963277\FileRecv\MobileFile
 12E0: File          C:\Users\22256\Documents\Tencent Files\851963277\FileRecv
 12E4: File          C:\Users\22256\Documents\Tencent Files\3159554981\FileRecv
 12EC: File          C:\Users\22256\Documents\Tencent Files\3159554981\FileRecv
 12F4: File          C:\Users\22256\Documents\Tencent Files\2225642019\FileRecv\MobileFile
 1300: File          C:\Users\22256\Documents\Tencent Files\2225642019\FileRecv
 1308: File          C:\Users\22256\Documents\WeChat Files\jgzs18551667506\FileStorage\File
 1310: File          C:\Users\22256\Documents\WeChat Files\jgsns18551667506\FileStorage\File
 1318: File          C:\Users\22256\Documents\WeChat Files\jgsns18551667506\FileStorage\File
 134C: Section       \BaseNamedObjects\__ComCatalogCache__
 13C8: File          C:\Users\22256\AppData\Local\kingsoft\WPS Cloud Files\userdata\qing\filecache\.495577363\cache.db
 145C: File          C:\Users\22256\Documents\Tencent Files\851963277\FileRecv\MobileFile
 1464: File          C:\Program Files\WindowsApps\Microsoft.LanguageExperiencePackzh-CN_18362.24.72.0_neutral__8wekyb3d8bbwe\Windows\System32\zh-CN\winnlsres.dll.mui
 148C: File          C:\Users\22256\Documents\Tencent Files\1457186632\FileRecv
 14B8: File          C:\Users\22256\Documents\Tencent Files\851963277\FileRecv
 1514: File          C:\Users\22256\Documents\Tencent Files\1457186632\FileRecv
 1568: File          C:\Users\22256\Documents\WeChat Files\jgzs18551667506\FileStorage\File
 1578: File          C:\Users\22256\Documents\Tencent Files\2225642019\FileRecv
 15A8: File          C:\Users\22256\Documents\Tencent Files\2225642019\FileRecv\MobileFile
 15C8: File          C:\Program Files\WindowsApps\Microsoft.LanguageExperiencePackzh-CN_18362.24.72.0_neutral__8wekyb3d8bbwe\Windows\System32\zh-CN\mswsock.dll.mui
 1604: Section       \BaseNamedObjects\__ComCatalogCache__
 1608: File          C:\Windows\Registration\R000000000004.clb
 1620: File          C:\Users\22256\Desktop
 1624: File          C:\Users\22256\Downloads
 1630: File          C:\Users\22256\Desktop
 1638: File          C:\Users\22256\Downloads
 1700: Section       \BaseNamedObjects\windows_shell_global_counters
 174C: File          C:\Program Files\WindowsApps\Microsoft.LanguageExperiencePackzh-CN_18362.24.72.0_neutral__8wekyb3d8bbwe\Windows\System32\zh-CN\KernelBase.dll.mui
 1760: File          C:\Users\22256\AppData\Local\kingsoft\WPS Cloud Files\userdata\qing\filecache\???????
 182C: File          C:\Users\22256\AppData\Local\kingsoft\WPS Cloud Files\userdata\qing\filecache\???????
 18DC: File          C:\Users\22256\AppData\Local\kingsoft\WPS Cloud Files\userdata\qing\filecache\.495577363\cachedata
 18E4: File          C:\Users\22256\AppData\Local\kingsoft\WPS Cloud Files\userdata\qing\filecache\.495577363\cachedata
 1954: Section       \BaseNamedObjects\F932B6C7-3A20-46A0-B8A0-8894AA421973
 19C0: Section       \Sessions\1\BaseNamedObjects\windows_webcache_counters_{9B6AB5B3-91BC-4097-835C-EA2DEC95E9CC}_S-1-5-21-1198195036-2823278632-1195532929-1001
 1B00: File          C:\Program Files\WindowsApps\Microsoft.LanguageExperiencePackzh-CN_18362.24.72.0_neutral__8wekyb3d8bbwe\Windows\System32\zh-CN\kernel32.dll.mui
 1B98: Section       \Sessions\1\BaseNamedObjects\C:*ProgramData*Microsoft*Windows*Caches*cversions.2.ro
 1BD8: File          C:\Windows\SysWOW64\stdole2.tlb
 1BEC: File          C:\Windows\SysWOW64\wbem\wbemdisp.tlb
 1BFC: Section       \Sessions\1\BaseNamedObjects\C:*ProgramData*Microsoft*Windows*Caches*cversions.2.ro
 1C20: Section       \Sessions\1\BaseNamedObjects\C:*ProgramData*Microsoft*Windows*Caches*{6AF0698E-D558-4F6E-9B3C-3716689AF493}.2.ver0x0000000000000003.db
 1C70: Section       \Sessions\1\BaseNamedObjects\C:*ProgramData*Microsoft*Windows*Caches*{DDF571F2-BE98-426D-8288-1A9A39C3FDA2}.2.ver0x0000000000000002.db
 1C7C: File          C:\Program Files\WindowsApps\Microsoft.LanguageExperiencePackzh-CN_18362.24.72.0_neutral__8wekyb3d8bbwe\Windows\System32\zh-CN\propsys.dll.mui
 1C94: Section       \Sessions\1\BaseNamedObjects\UrlZonesSM_22256
 1D24: File          C:\Windows\WinSxS\x86_microsoft.windows.gdiplus_6595b64144ccf1df_1.1.18362.778_none_5f5ee11d821bf28c
------------------------------------------------------------------------------
svchost.exe pid: 12072 \<unable to open process>
------------------------------------------------------------------------------
handle64.exe pid: 10336 DESKTOP-HM0IV1I\22256
   44: File          D:\study\Chapter9-ref-SysinternalsSuite
   A4: File          C:\Windows\WinSxS\amd64_microsoft.windows.common-controls_6595b64144ccf1df_5.82.18362.778_none_2a29d4a64667eb69
  1E0: Section       \Sessions\1\Windows\Theme4228464951
  1E4: Section       \Windows\Theme114988444
  204: File          C:\Windows\WinSxS\amd64_microsoft.windows.common-controls_6595b64144ccf1df_6.0.18362.778_none_e6c6b761130d4fb8
  294: File          C:\Windows\Fonts\StaticCache.dat
  2B0: Section       \Sessions\1\BaseNamedObjects\windows_shell_global_counters

D:\study\Chapter9-ref-SysinternalsSuite>pslist

PsList v1.4 - Process information lister
Copyright (C) 2000-2016 Mark Russinovich
Sysinternals - www.sysinternals.com

Process information for DESKTOP-HM0IV1I:

Name                Pid Pri Thd  Hnd   Priv        CPU Time    Elapsed Time
Idle                  0   0   4    0     60    17:30:29.265    22:52:45.342
System                4   8 219 6460    256     0:09:58.703    22:52:45.342
Registry            104   8   4    0  12248     0:00:01.250    22:52:58.120
smss                556  11   2   53   1160     0:00:00.171    22:52:45.335
csrss               656  13  11  813   1800     0:00:02.609    22:52:40.377
wininit             756  13   1  157   1488     0:00:00.015    22:52:39.146
csrss               764  13  15  754   2688     0:00:16.109    22:52:39.140
services            828   9   9  829   6248     0:07:01.000    22:52:39.078
lsass               848   9   8 1753   7832     0:00:07.703    22:52:39.053
svchost             956   8   1   86    916     0:00:00.015    22:52:38.885
winlogon            996  13   3  274   2484     0:00:00.265    22:52:38.878
svchost            1016   8  13 1368  14104     0:00:18.109    22:52:38.874
fontdrvhost          76   8   5   32   1756     0:00:00.062    22:52:38.872
fontdrvhost         660   8   5   32  11716     0:00:02.953    22:52:38.716
svchost             824   8   9 1589  11076     0:00:31.953    22:52:38.699
svchost            1064   8   6  328   2964     0:00:02.015    22:52:38.672
dwm                1136  13  13 1126 116880     0:02:22.718    22:52:38.619
svchost            1244   8  14  401   3724     0:00:01.031    22:52:38.557
svchost            1312   8   2  180   1800     0:00:00.125    22:52:38.548
svchost            1324   8   2  167   1780     0:00:00.078    22:52:38.547
svchost            1332   8   7  261   2556     0:00:00.109    22:52:38.547
svchost            1424   8   2  167   1464     0:00:00.156    22:52:38.534
svchost            1476   8   4  257   2680     0:00:00.421    22:52:38.522
svchost            1484   8   1  157   2028     0:00:00.140    22:52:38.522
svchost            1612   8   5  388   5856     0:00:03.015    22:52:38.508
svchost            1712   8   2  250   2152     0:00:00.031    22:52:38.483
svchost            1748   8   5  134   1556     0:00:00.015    22:52:38.471
svchost            1808   8   2  224   3340     0:00:00.406    22:52:38.455
svchost            1880   8   4  457   4312     0:00:01.640    22:52:38.437
svchost            1892   8   5  417  13504     0:00:01.234    22:52:38.436
svchost            1904   8   1  127   1440     0:00:00.015    22:52:38.435
svchost            1440   8   4  221   2292     0:00:00.187    22:52:38.386
svchost            2064   8   6  292   2764     0:00:01.687    22:52:38.380
svchost            2088   8   2  177   1692     0:00:00.062    22:52:38.373
svchost            2132   8   1  163   6232     0:00:02.953    22:52:38.356
svchost            2212   8   4  193   6084     0:00:20.671    22:52:38.332
dasHost            2288   8   3  472   6956     0:00:00.843    22:52:38.319
svchost            2296   8  10  273   2804     0:00:17.140    22:52:38.318
svchost            2432   8   4  223   2132     0:00:00.062    22:52:38.276
svchost            2516   8   6  395   5376     0:00:12.812    22:52:38.261
svchost            2548   8  10  301   3856     0:06:48.000    22:52:38.250
NVDisplay.Container  2712   8  11  273   5760     0:00:06.093    22:52:38.190
svchost            2752   8   3  194   2044     0:00:00.265    22:52:38.178
svchost            2780   8   8  492   3108     0:00:11.859    22:52:38.166
QQPCRTP            2892   8 117 1236  73044     0:01:17.187    22:52:38.129
NVDisplay.Container  2948   8  18  485  25140     0:00:04.453    22:52:38.115
svchost            2956   8   5  223   2244     0:00:00.046    22:52:38.106
qmbsrv             2964   8   2  162   1392     0:00:01.765    22:52:38.104
svchost            3052   8   4  196   2216     0:00:03.359    22:52:38.059
svchost            3156   8   8  276   2440     0:00:01.937    22:52:37.771
svchost            3716   8  15  499  13000     0:01:19.656    22:52:36.331
svchost            3756   8   4  179   2012     0:00:00.125    22:52:36.296
WmiPrvSE           3856   8   7  353   8724     0:01:02.437    22:52:36.013
svchost            3972   8   4  229   2500     0:00:18.578    22:52:34.526
svchost            3980   8   3  243   1324     0:00:00.078    22:52:34.526
svchost            3988   8   2  227   2260     0:00:00.203    22:52:34.526
igfxCUIService     4064   8   2  170   1824     0:00:00.031    22:52:34.507
Memory Compression  4072   8  82    0    920     0:00:18.609    22:52:34.505
svchost            3348   8   2  183   1752     0:00:00.328    22:52:34.493
svchost            3356   8   7  182   2024     0:00:00.156    22:52:34.493
svchost            3652   8   9  371   3252     0:00:00.968    22:52:34.385
RtkAudioService64  3696   8   2  155   1612     0:00:00.062    22:52:34.338
svchost            4108   8  12  447  15364     0:00:09.578    22:52:34.247
sihost             4176   8  11  681  10596     0:00:13.156    22:52:34.220
svchost            4188   8  13  482  10684     0:00:03.343    22:52:34.212
svchost            4292   8   4  139   1732     0:00:01.062    22:52:34.181
svchost            4308   8   8  376   2896     0:00:01.171    22:52:34.179
svchost            4360   8   4  581   8484     0:00:03.031    22:52:34.151
PresentationFontCache  4424   8   4  241  25888     0:00:00.140    22:52:34.124
svchost            4540   8   3  265   3524     0:00:05.937    22:52:34.085
taskhostw          4564   8   7  294  21840     0:00:09.906    22:52:34.080
svchost            4748   8   3  170   1740     0:00:00.031    22:52:33.977
svchost            4816   8  12  522   6352     0:00:02.515    22:52:33.942
ctfmon             4888  13   9  441   3868     0:00:04.343    22:52:33.896
svchost            4956   8   3  284   2984     0:00:00.203    22:52:33.841
svchost            5012   8   4  206   2352     0:00:00.265    22:52:33.818
spoolsv            5072   8   7  440   5732     0:00:01.671    22:52:33.789
igfxEM             5172   8  13  844   7812     0:00:03.375    22:52:33.714
explorer           5360   8  98 3000  91704     0:02:12.968    22:52:33.526
svchost            5552   8   7  486   3792     0:00:03.359    22:52:33.274
svchost            5620   8   8  438   5504     0:00:00.843    22:52:33.223
svchost            5668   8   7  168   4100     0:00:00.062    22:52:33.206
IntelCpHDCPSvc     5712   8   3  168   1544     0:00:00.062    22:52:33.185
svchost            5744   8   7  312   4136     0:00:01.421    22:52:33.168
svchost            5796   8  11  651  15680     0:00:06.250    22:52:33.133
svchost            5840   8  16  383  26328     0:00:23.453    22:52:33.096
ETDService         5888   8   2  113   1140     0:00:00.031    22:52:33.086
FlashHelperService  5908   8  23 1054   9028     0:00:00.890    22:52:33.081
svchost            5944   8  13  340   4952     0:00:00.046    22:52:33.050
ibtsiva            6024   8   1   92   1188     0:00:00.031    22:52:33.013
svchost            6056   8   5  264   2632     0:00:05.140    22:52:33.007
sqlservr           6084   8  33  405 127816     0:00:00.390    22:52:32.993
svchost            6128   8   1  157   1736     0:00:00.031    22:52:32.977
PluginLoaderSvc    6136   8  31  667  12340     0:00:07.343    22:52:32.976
QQProtect          5168   8  18  458  17472     0:00:02.406    22:52:32.976
svchost            5828   8   4  204   1980     0:00:00.046    22:52:32.960
svchost            6172   8   9  218   2204     0:00:00.046    22:52:32.941
ETDCtrl            6216  10  13  528   9088     0:00:00.515    22:52:32.913
SangforPromoteService  6260   8  12  399   4568     0:00:06.765    22:52:32.897
sqlwriter          6316   8   2  139   1892     0:00:00.046    22:52:32.875
svchost            6328   8   4  178   1952     0:00:00.515    22:52:32.873
svchost            6380   8   3  144   1308     0:00:00.015    22:52:32.854
svchost            6424   8   2  109   1268     0:00:00.078    22:52:32.830
svchost            6456   8   1  167   1548     0:00:00.031    22:52:32.810
vmnetdhcp          6480   8   2   87   7816     0:00:00.031    22:52:32.806
vmware-usbarbitrator64  6500   8   3  220   2716     0:00:00.078    22:52:32.797
vmnat              6512   8   4  174   2604     0:00:00.406    22:52:32.795
svchost            6644   8  15  228   4372     0:00:00.062    22:52:32.779
svchost            6692   8   7  403   4940     0:00:00.609    22:52:32.745
ChsIME             6700   8   2  155   1684     0:00:00.031    22:52:32.741
svchost            6724   8  23  398   8296     0:00:00.718    22:52:32.730
IntelCpHeciSvc     6868   8   3  134   1400     0:00:00.015    22:52:32.659
svchost            6932   8   1  135   1580     0:00:00.046    22:52:32.623
vmware-authd       7052   8   6  332   6556     0:00:27.312    22:52:32.574
ECAgent            7236   8   8  242   3916     0:00:02.578    22:52:32.451
svchost            7572   8  14  407   3720     0:00:00.812    22:52:32.151
svchost            7988   8   3  179   2020     0:00:01.734    22:52:31.448
svchost            8144   8   1  191   1844     0:00:01.953    22:52:30.969
svchost             132   8   3  255   3124     0:00:00.062    22:52:30.678
svchost            5736   8   1  147   1640     0:00:00.031    22:52:30.665
ETDCtrlHelper      8300  10   1  146   2808     0:00:00.062    22:52:30.523
ETDIntelligent     8340   8   2  176   2312     0:00:00.046    22:52:30.499
svchost            8372   8   2  179   2012     0:00:00.437    22:52:30.467
vmware-hostd       8448   8  19  425  33280     0:00:01.843    22:52:30.291
GoogleCrashHandler  8688   4   3  181   1720     0:00:00.015    22:52:29.449
GoogleCrashHandler64  8696   4   3  160   1720     0:00:00.031    22:52:29.438
WmiPrvSE           8828   8   4  186   3156     0:00:03.140    22:52:28.829
SearchIndexer      8992   8  15  852  54808     0:00:46.281    22:52:28.431
StartMenuExperienceHost  9088   8   9  619  34084     0:00:01.500    22:52:27.779
svchost            8212   8   1  230   2708     0:00:00.593    22:52:27.535
RuntimeBroker      8308   8   3  310   6280     0:00:02.437    22:52:27.007
SearchUI           9284   8  32 1110  75552     0:00:06.500    22:52:26.589
RuntimeBroker      9520   8   4  354   6688     0:00:14.703    22:52:26.130
svchost            9760   8   6  410   4972     0:00:01.265    22:52:25.755
SkypeBackgroundHost  9876   8   4  152   2028     0:00:00.046    22:52:25.631
RemindersServer    9888   8  10  325   7808     0:00:00.531    22:52:25.630
MicrosoftEdge     10228   8  35  886  24028     0:00:00.453    22:52:25.215
ApplicationFrameHost  8888   8   4  481  19468     0:00:00.703    22:52:25.106
browser_broker    10288   8   2  137   1644     0:00:00.062    22:52:24.892
dllhost           10480   8   5  202   3444     0:00:00.062    22:52:24.652
RuntimeBroker     10628   8   1  138   1556     0:00:00.015    22:52:24.050
MicrosoftEdgeSH   10776   8   9  262   3864     0:00:00.062    22:52:23.824
MicrosoftEdgeCP   10784   8  16  498   6016     0:00:00.062    22:52:23.817
svchost           10892   8   2  281  39712     0:00:05.531    22:52:23.603
QQPCTray          11128   8 191 2584 133324     0:02:48.906    22:52:22.910
SettingSyncHost   11148   6   8  624  12628     0:00:33.250    22:52:22.852
LockApp           11212   8  11  578  25556     0:00:03.984    22:52:22.643
RuntimeBroker     10456   8   1  284   4192     0:00:12.812    22:52:22.083
RuntimeBroker     11016   8   7  395   9080     0:00:04.687    22:52:22.001
unsecapp          11644   8   3  138   1976     0:00:01.609    22:52:20.045
RuntimeBroker      9064   8   4  418   4544     0:00:00.593    22:52:17.984
dllhost           11492   8   4  224   2456     0:00:00.328    22:52:17.867
SecurityHealthSystray 11712   8   1  157   1860     0:00:00.031    22:52:13.360
SecurityHealthService   872   8   9  378   3824     0:00:00.406    22:52:13.322
RAVCpl64          12064   8   6  357   4124     0:00:00.390    22:52:12.938
svchost           12468   8   6  224   4068     0:00:00.109    22:52:12.407
RAVBg64           12572   8   4  317   6136     0:00:00.156    22:52:12.110
RAVBg64           12624   8   4  316   5992     0:00:00.125    22:52:11.590
LenovoNerveCenterTray 12696   8   8  446   5640     0:00:00.250    22:52:11.070
OneDrive          12836   8  17  600  14620     0:00:03.156    22:52:10.342
HotkeyMonitor     13132   8  10  147   1560     0:00:00.078    22:52:08.939
svchost           12556   8   1  142   1580     0:00:00.031    22:52:06.170
svchost           12820   8   4  272   2868     0:00:00.671    22:52:05.985
YourPhone         12896   8  15  671  26360     0:00:00.890    22:52:05.968
SkypeApp           1472   8  26  810 157512     0:00:02.593    22:52:05.865
RuntimeBroker      9392   8   2  254   3212     0:00:00.312    22:52:04.866
QQMusic            8360   8  55  926  71480     0:00:08.484    22:51:58.257
qmbrowser         10328   8  35  889 135628     0:00:04.984    22:51:48.575
tgp_daemon         2008   8  62 1087 101736     0:00:40.078    22:51:33.114
wpscenter          6348   8  11  661  11132     0:00:24.656    22:51:01.410
svchost           13440   8   3  515   6988     0:00:00.781    22:50:34.114
tcls_core          1640   8   9  258   6240     0:00:00.218    22:50:29.174
QQPCRealTimeSpeedup 15160   8  33  789  29848     0:00:15.468    22:50:22.795
DolbyDAX2API      12712   8   6  356  29376     0:00:01.125    22:50:18.453
SgrmBroker         3540   8   3   89   2972     0:00:00.218    22:50:18.022
svchost            8068   8   7  296   4976     0:00:02.187    22:50:17.695
svchost            7876   8   8  234   2832     0:00:00.125    22:50:17.416
WinStore.App       2116   8  21 1176  60680     0:00:01.640    22:48:18.594
RuntimeBroker      8868   8   1  335   5600     0:00:00.578    22:48:18.120
rail              10732   8  28  437  23944     0:00:29.390    22:46:55.304
DTShellHlp         7040   8   2  217   2772     0:00:00.328    22:40:31.928
DiscSoftBusServiceLite  7544   8   7  291   3716     0:00:00.515    22:40:30.680
svchost           14388   8   1  206   2016     0:00:00.062    22:22:33.033
ShellExperienceHost  9640   8  16  566  15384     0:00:01.265    19:41:13.514
RuntimeBroker     13560   8   2  276   3456     0:00:00.312    19:41:13.227
svchost            5260   8   6  214   2380     0:00:00.140    19:41:13.165
dllhost            2844   8   6  195   3476     0:00:00.093    19:40:31.814
Microsoft.Photos  11336   8  14  947  53116     0:00:03.828    19:30:39.640
RuntimeBroker      2100   8   5  407  10068     0:00:02.562    19:30:38.876
svchost           12732   8   4  193   6236     0:00:00.062    18:47:50.294
svchost            3704   8   2  197   2496     0:00:00.046    18:13:40.858
svchost           13696   8   7  406  14488     0:00:07.234    17:47:12.317
QQ                12676   8  73 1528 274708     0:05:16.906    11:30:45.358
SearchProtocolHost  4740   4   7  408   4772     0:00:06.437    11:30:44.462
TXPlatform          912   8   2  216   4060     0:00:00.062    11:30:42.496
svchost           14812   8   3  118   1292     0:00:00.015     1:04:37.643
svchost           16496   8   2  204   2096     0:00:00.093     1:04:35.986
explorer          17340   8  24  904  41588     0:00:08.281     1:03:02.297
audiodg           12248   8   8  564  17852     0:01:16.062     1:02:53.706
wpscenter         12640   8   8  846  84276     0:00:13.687     1:02:34.819
PotPlayerMini     16620  10  54  927 260492     0:07:24.125     0:52:53.812
EpicGamesLauncher 16408   8  47  630 142428     0:00:01.875     0:33:15.240
UnrealCEFSubProcess 17516   8   9  454  53824     0:00:00.281     0:33:14.319
explorer           9476   8  17  828  42088     0:00:09.750     0:13:45.632
Video.UI          17080   8  14  474  16844     0:00:00.343     0:13:44.746
cmd                1304   8   1   79   3136     0:00:00.109     0:12:40.342
conhost            1212   8   4  209   7396     0:00:05.156     0:12:40.247
svchost           17860   8   1  141   1700     0:00:00.109     0:07:04.769
wps                1864   8  75 1732  69148     0:00:07.015     0:04:36.248
svchost           12072   8   2  118   2572     0:00:00.078     0:03:14.018
SearchFilterHost  13200   4   8  158   2092     0:00:00.046     0:00:47.056
pslist             7376  13   6  320   4416     0:00:00.546     0:00:01.994

D:\study\Chapter9-ref-SysinternalsSuite>
